Warning: No PCF file specified; IO pins will be placed automatically

Info: Packing constants..
Info: Packing IOs..
Info: led_r use by SB_RGBA_DRV/SB_RGB_DRV rgba, not creating SB_IO
Info: led_g use by SB_RGBA_DRV/SB_RGB_DRV rgba, not creating SB_IO
Info: led_b use by SB_RGBA_DRV/SB_RGB_DRV rgba, not creating SB_IO
Info: Packing LUT-FFs..
Info:     3054 LCs used as LUT4 only
Info:      408 LCs used as LUT4 and DFF
Info: Packing non-LUT FFs..
Info:     1314 LCs used as DFF only
Info: Packing carries..
Info:       44 LCs used as CARRY only
Info: Packing indirect carry+LUT pairs...
Info:       11 LUTs merged into carry LCs
Info: Packing RAMs..
Info: Placing PLLs..
Info: Packing special functions..
Info:   constrained SB_RGBA_DRV 'rgba' to X0/Y30/rgba_drv_0
Info: Packing PLLs..
Info: Promoting globals..
Info: promoting clk$SB_IO_IN (fanout 1535)
Info: promoting cam_pclk$SB_IO_IN (fanout 227)
Info: promoting cpu_resetn_SB_LUT4_I3_O [reset] (fanout 111)
Info: promoting $PACKER_VCC_NET [reset] (fanout 32)
Info: promoting ip_SB_DFFESR_Q_D_SB_LUT4_O_I3_SB_LUT4_O_I3_SB_CARRY_CO_CI_SB_LUT4_I3_O_SB_LUT4_I3_I2[0] [reset] (fanout 21)
Info: promoting px_SB_DFFESR_Q_R [reset] (fanout 17)
Info: promoting LB.v1 [cen] (fanout 72)
Info: promoting CPU.state_SB_LUT4_I2_2_O [cen] (fanout 64)
Info: Constraining chains...
Info:       37 LCs used to legalise carry chains.
Info: Checksum: 0xb9e4d9f8

Info: Device utilisation:
Info: 	         ICESTORM_LC:    4848/   5280    91%
Info: 	        ICESTORM_RAM:      20/     30    66%
Info: 	               SB_IO:      18/     39    46%
Info: 	               SB_GB:       8/      8   100%
Info: 	        ICESTORM_PLL:       0/      1     0%
Info: 	         SB_WARMBOOT:       0/      1     0%
Info: 	        ICESTORM_DSP:       0/      8     0%
Info: 	      ICESTORM_HFOSC:       0/      1     0%
Info: 	      ICESTORM_LFOSC:       0/      1     0%
Info: 	              SB_I2C:       0/      2     0%
Info: 	              SB_SPI:       0/      2     0%
Info: 	              IO_I3C:       0/      2     0%
Info: 	         SB_LEDDA_IP:       0/      1     0%
Info: 	         SB_RGBA_DRV:       1/      1   100%
Info: 	      ICESTORM_SPRAM:       0/      4     0%

Info: Placed 1 cells based on constraints.
Info: Creating initial analytic placement for 4406 cells, random placement wirelen = 113077.
Info:     at initial placer iter 0, wirelen = 1107
Info:     at initial placer iter 1, wirelen = 924
Info:     at initial placer iter 2, wirelen = 965
Info:     at initial placer iter 3, wirelen = 958
Info: Running main analytical placer, max placement attempts per cell = 2995128.
Info:     at iteration #1, type ALL: wirelen solved = 978, spread = 28974, legal = 33913; time = 0.14s
Info:     at iteration #2, type ALL: wirelen solved = 1670, spread = 22387, legal = 29431; time = 0.13s
Info:     at iteration #3, type ALL: wirelen solved = 2371, spread = 20728, legal = 27951; time = 0.12s
Info:     at iteration #4, type ALL: wirelen solved = 3527, spread = 18235, legal = 30720; time = 0.42s
Info:     at iteration #5, type ALL: wirelen solved = 3860, spread = 17858, legal = 33837; time = 0.66s
Info:     at iteration #6, type ALL: wirelen solved = 4264, spread = 17910, legal = 34098; time = 0.74s
Info:     at iteration #7, type ALL: wirelen solved = 4750, spread = 16801, legal = 31917; time = 0.57s
Info:     at iteration #8, type ALL: wirelen solved = 5003, spread = 16512, legal = 29962; time = 0.49s
Info: HeAP Placer Time: 3.71s
Info:   of which solving equations: 0.74s
Info:   of which spreading cells: 0.07s
Info:   of which strict legalisation: 2.76s

Info: Running simulated annealing placer for refinement.
Info:   at iteration #1: temp = 0.000000, timing cost = 9518, wirelen = 27951
Info:   at iteration #5: temp = 0.000000, timing cost = 8226, wirelen = 21647
Info:   at iteration #10: temp = 0.000000, timing cost = 8737, wirelen = 20246
Info:   at iteration #15: temp = 0.000000, timing cost = 8466, wirelen = 19678
Info:   at iteration #20: temp = 0.000000, timing cost = 8617, wirelen = 19167
Info:   at iteration #25: temp = 0.000000, timing cost = 8532, wirelen = 18998
Info:   at iteration #30: temp = 0.000000, timing cost = 9090, wirelen = 18922
Info:   at iteration #35: temp = 0.000000, timing cost = 9040, wirelen = 18887
Info:   at iteration #40: temp = 0.000000, timing cost = 9044, wirelen = 18859
Info:   at iteration #42: temp = 0.000000, timing cost = 9024, wirelen = 18852 
Info: SA placement time 4.28s

Info: Max frequency for clock 'cam_pclk$SB_IO_IN_$glb_clk': 22.71 MHz (PASS at 12.00 MHz)
Info: Max frequency for clock      'clk$SB_IO_IN_$glb_clk': 9.51 MHz (FAIL at 12.00 MHz)

Info: Max delay <async>                       -> <async>                           : 6.96 ns
Info: Max delay <async>                       -> posedge cam_pclk$SB_IO_IN_$glb_clk: 13.88 ns
Info: Max delay posedge clk$SB_IO_IN_$glb_clk -> <async>                           : 11.09 ns
Info: Max delay posedge clk$SB_IO_IN_$glb_clk -> posedge cam_pclk$SB_IO_IN_$glb_clk: 5.66 ns

Info: Slack histogram:
Info:  legend: * represents 17 endpoint(s)
Info:          + represents [1,17) endpoint(s)
Info: [-10871,  -6310) |***********************************+
Info: [ -6310,  -1749) |************************+
Info: [ -1749,   2812) |+
Info: [  2812,   7373) | 
Info: [  7373,  11934) |+
Info: [ 11934,  16495) |********************************************+
Info: [ 16495,  21056) |******+
Info: [ 21056,  25617) |***********+
Info: [ 25617,  30178) |********+
Info: [ 30178,  34739) | 
Info: [ 34739,  39300) |****+
Info: [ 39300,  43861) |***********+
Info: [ 43861,  48422) |**+
Info: [ 48422,  52983) |***** 
Info: [ 52983,  57544) |**+
Info: [ 57544,  62105) |***********+
Info: [ 62105,  66666) |***************+
Info: [ 66666,  71227) |****************+
Info: [ 71227,  75788) |**********************+
Info: [ 75788,  80349) |************************************************************ 
Info: Checksum: 0x6a8fa3df

Info: Routing..
Info: Setting up routing queue.
Info: Routing 15380 arcs.
Info:            |   (re-)routed arcs  |   delta    | remaining|       time spent     |
Info:    IterCnt |  w/ripup   wo/ripup |  w/r  wo/r |      arcs| batch(sec) total(sec)|
Info:       1000 |       58        941 |   58   941 |     14541|       0.67       0.67|
Info:       2000 |       97       1902 |   39   961 |     13898|       0.39       1.06|
Info:       3000 |      140       2859 |   43   957 |     13081|       0.22       1.29|
Info:       4000 |      229       3770 |   89   911 |     12505|       0.28       1.57|
Info:       5000 |      395       4604 |  166   834 |     12035|       0.25       1.82|
Info:       6000 |      589       5410 |  194   806 |     11514|       0.24       2.06|
Info:       7000 |      824       6175 |  235   765 |     11129|       0.28       2.34|
Info:       8000 |     1141       6858 |  317   683 |     10915|       0.34       2.68|
Info:       9000 |     1424       7575 |  283   717 |     10732|       0.37       3.05|
Info:      10000 |     1856       8143 |  432   568 |     10644|       0.30       3.35|
Info:      11000 |     2251       8748 |  395   605 |     10549|       0.36       3.71|
Info:      12000 |     2644       9355 |  393   607 |     10368|       0.32       4.04|
Info:      13000 |     2877      10122 |  233   767 |     10261|       0.38       4.42|
Info:      14000 |     3233      10766 |  356   644 |     10123|       0.37       4.79|
Info:      15000 |     3526      11473 |  293   707 |     10035|       0.28       5.07|
Info:      16000 |     3914      12085 |  388   612 |      9874|       0.30       5.37|
Info:      17000 |     4314      12685 |  400   600 |      9839|       0.39       5.77|
Info:      18000 |     4686      13313 |  372   628 |      9700|       0.36       6.13|
Info:      19000 |     5006      13993 |  320   680 |      9644|       0.45       6.58|
Info:      20000 |     5406      14593 |  400   600 |      9613|       0.33       6.90|
Info:      21000 |     5800      15199 |  394   606 |      9512|       0.32       7.22|
Info:      22000 |     6243      15756 |  443   557 |      9434|       0.44       7.66|
Info:      23000 |     6735      16264 |  492   508 |      9386|       0.43       8.09|
Info:      24000 |     6951      17048 |  216   784 |      9351|       0.31       8.40|
Info:      25000 |     7228      17771 |  277   723 |      9295|       0.36       8.75|
Info:      26000 |     7735      18264 |  507   493 |      9272|       0.38       9.14|
Info:      27000 |     8233      18766 |  498   502 |      9220|       0.34       9.48|
Info:      28000 |     8679      19320 |  446   554 |      9094|       0.35       9.83|
Info:      29000 |     9184      19815 |  505   495 |      9115|       0.45      10.28|
Info:      30000 |     9557      20442 |  373   627 |      9024|       0.38      10.66|
Info:      31000 |    10036      20963 |  479   521 |      8936|       0.49      11.15|
Info:      32000 |    10430      21569 |  394   606 |      8898|       0.43      11.58|
Info:      33000 |    10839      22160 |  409   591 |      8750|       0.42      12.01|
Info:      34000 |    11277      22722 |  438   562 |      8681|       0.46      12.46|
Info:      35000 |    11789      23210 |  512   488 |      8666|       0.50      12.96|
Info:      36000 |    12230      23737 |  441   527 |      8516|       0.41      13.37|
Info:      37000 |    12680      24276 |  450   539 |      8425|       0.59      13.96|
Info:      38000 |    13108      24830 |  428   554 |      8311|       0.38      14.34|
Info:      39000 |    13468      25469 |  360   639 |      8276|       0.31      14.65|
Info:      40000 |    13950      25964 |  482   495 |      8103|       0.43      15.08|
Info:      41000 |    14478      26436 |  528   472 |      7955|       0.30      15.38|
Info:      42000 |    14876      27016 |  398   580 |      7765|       0.30      15.68|
Info:      43000 |    15321      27553 |  445   537 |      7524|       0.37      16.05|
Info:      44000 |    15748      28121 |  427   568 |      7367|       0.31      16.36|
Info:      45000 |    16109      28759 |  361   638 |      7391|       0.48      16.84|
Info:      46000 |    16485      29375 |  376   616 |      7094|       0.36      17.20|
Info:      47000 |    16944      29912 |  459   537 |      6976|       0.47      17.66|
Info:      48000 |    17439      30413 |  495   501 |      6792|       0.28      17.94|
Info:      49000 |    17934      30910 |  495   497 |      6584|       0.32      18.26|
Info:      50000 |    18464      31380 |  530   470 |      6445|       0.28      18.54|
Info:      51000 |    18975      31869 |  511   489 |      6378|       0.36      18.90|
Info:      52000 |    19415      32429 |  440   560 |      6267|       0.34      19.24|
Info:      53000 |    19935      32909 |  520   480 |      6295|       0.44      19.67|
Info:      54000 |    20424      33420 |  489   511 |      6290|       0.46      20.13|
Info:      55000 |    20920      33924 |  496   504 |      6238|       0.49      20.62|
Info:      56000 |    21308      34536 |  388   612 |      6171|       0.37      20.99|
Info:      57000 |    21625      35219 |  317   683 |      6115|       0.28      21.27|
Info:      58000 |    22217      35627 |  592   408 |      6014|       0.34      21.62|
Info:      59000 |    22761      36083 |  544   456 |      5959|       0.38      22.00|
Info:      60000 |    23326      36517 |  565   434 |      5793|       0.31      22.31|
Info:      61000 |    23848      36995 |  522   478 |      5744|       0.37      22.67|
Info:      62000 |    24458      37385 |  610   390 |      5693|       0.44      23.11|
Info:      63000 |    25032      37811 |  574   426 |      5529|       0.26      23.37|
Info:      64000 |    25515      38327 |  483   516 |      5441|       0.41      23.78|
Info:      65000 |    26040      38802 |  525   475 |      5374|       0.44      24.22|
Info:      66000 |    26686      39154 |  646   352 |      5193|       0.30      24.52|
Info:      67000 |    27141      39699 |  455   545 |      5093|       0.51      25.03|
Info:      68000 |    27711      40116 |  570   417 |      5019|       0.43      25.45|
Info:      69000 |    28159      40668 |  448   552 |      4985|       0.40      25.85|
Info:      70000 |    28725      41096 |  566   428 |      4890|       0.43      26.28|
Info:      71000 |    29223      41580 |  498   484 |      4784|       0.40      26.67|
Info:      72000 |    29710      42093 |  487   513 |      4787|       0.64      27.31|
Info:      73000 |    30230      42573 |  520   480 |      4729|       0.39      27.71|
Info:      74000 |    30768      43033 |  538   460 |      4573|       0.39      28.09|
Info:      75000 |    31303      43498 |  535   465 |      4449|       0.56      28.65|
Info:      76000 |    31968      43831 |  665   333 |      4399|       0.71      29.36|
Info:      77000 |    32537      44262 |  569   431 |      4423|       0.76      30.12|
Info:      78000 |    33117      44682 |  580   420 |      4344|       0.50      30.62|
Info:      79000 |    33716      45083 |  599   401 |      4325|       0.41      31.02|
Info:      80000 |    34365      45432 |  649   349 |      4271|       0.32      31.34|
Info:      81000 |    34919      45878 |  554   446 |      4165|       0.45      31.80|
Info:      82000 |    35396      46401 |  477   523 |      4171|       0.46      32.26|
Info:      83000 |    36028      46769 |  632   368 |      4150|       0.52      32.78|
Info:      84000 |    36574      47209 |  546   440 |      4079|       0.52      33.30|
Info:      85000 |    37109      47673 |  535   464 |      4075|       0.37      33.66|
Info:      86000 |    37675      48106 |  566   433 |      3999|       0.48      34.15|
Info:      87000 |    38257      48524 |  582   418 |      3862|       0.43      34.58|
Info:      88000 |    38897      48884 |  640   360 |      3806|       0.63      35.21|
Info:      89000 |    39403      49378 |  506   494 |      3751|       0.34      35.54|
Info:      90000 |    39990      49791 |  587   413 |      3665|       0.42      35.96|
Info:      91000 |    40549      50230 |  559   439 |      3577|       0.65      36.62|
Info:      92000 |    41005      50773 |  456   543 |      3499|       0.52      37.14|
Info:      93000 |    41612      51166 |  607   393 |      3434|       0.40      37.54|
Info:      94000 |    42187      51591 |  575   425 |      3438|       0.47      38.00|
Info:      95000 |    42804      51973 |  617   382 |      3436|       0.49      38.50|
Info:      96000 |    43328      52449 |  524   476 |      3310|       0.53      39.03|
Info:      97000 |    43984      52793 |  656   344 |      3283|       0.47      39.49|
Info:      98000 |    44554      53223 |  570   430 |      3298|       0.51      40.01|
Info:      99000 |    45153      53624 |  599   401 |      3218|       0.44      40.45|
Info:     100000 |    45618      54158 |  465   534 |      3071|       0.46      40.91|
Info:     101000 |    46073      54703 |  455   545 |      3065|       0.41      41.32|
Info:     102000 |    46692      55084 |  619   381 |      3002|       0.42      41.74|
Info:     103000 |    47168      55608 |  476   524 |      2975|       0.53      42.27|
Info:     104000 |    47816      55960 |  648   352 |      2936|       0.55      42.82|
Info:     105000 |    48343      56429 |  527   469 |      2726|       0.68      43.50|
Info:     106000 |    48935      56837 |  592   408 |      2542|       0.44      43.94|
Info:     107000 |    49498      57247 |  563   410 |      2449|       0.39      44.33|
Info:     108000 |    50018      57727 |  520   480 |      2378|       0.46      44.79|
Info:     109000 |    50576      58169 |  558   442 |      2347|       0.42      45.20|
Info:     110000 |    51226      58519 |  650   350 |      2326|       0.55      45.75|
Info:     111000 |    51723      58985 |  497   466 |      2092|       0.39      46.14|
Info:     112000 |    52314      59394 |  591   409 |      2122|       0.79      46.93|
Info:     113000 |    52879      59829 |  565   435 |      2091|       0.77      47.69|
Info:     114000 |    53391      60301 |  512   472 |      2025|       0.48      48.18|
Info:     115000 |    53968      60723 |  577   422 |      1954|       0.45      48.62|
Info:     116000 |    54567      61110 |  599   387 |      1926|       0.53      49.16|
Info:     117000 |    55126      61551 |  559   441 |      1941|       1.23      50.39|
Info:     118000 |    55775      61902 |  649   351 |      1942|       0.76      51.15|
Info:     119000 |    56375      62302 |  600   400 |      1897|       0.54      51.69|
Info:     120000 |    56912      62752 |  537   450 |      1738|       0.47      52.15|
Info:     121000 |    57469      63193 |  557   441 |      1659|       0.69      52.85|
Info:     122000 |    58015      63647 |  546   454 |      1672|       0.90      53.75|
Info:     123000 |    58577      64074 |  562   427 |      1532|       0.64      54.39|
Info:     124000 |    59045      64595 |  468   521 |      1450|       0.44      54.83|
Info:     125000 |    59419      65221 |  374   626 |      1479|       0.66      55.49|
Info:     126000 |    60048      65592 |  629   371 |      1423|       0.42      55.92|
Info:     127000 |    60561      66055 |  513   463 |      1255|       0.36      56.28|
Info:     128000 |    60959      66646 |  398   591 |       853|       0.33      56.62|
Info:     129000 |    61625      66980 |  666   334 |       784|       0.64      57.26|
Info:     130000 |    61982      67620 |  357   640 |       331|       0.89      58.16|
Info:     131000 |    62476      68125 |  494   505 |        85|       0.87      59.02|
Info:     131475 |    62765      68312 |  289   187 |         0|       0.38      59.40|
Info: Routing complete.
Info: Router1 time 59.40s
Info: Checksum: 0xd4b5da6f

Info: Critical path report for clock 'cam_pclk$SB_IO_IN_$glb_clk' (posedge -> posedge):
Info:       type curr  total name
Info:   clk-to-q  1.39  1.39 Source LB.w20_SB_DFFE_Q_6_DFFLC.O
Info:    routing  2.99  4.38 Net w20[1] (20,1) -> (20,5)
Info:                          Sink wdat_SB_DFFE_Q_D_SB_LUT4_O_I2_SB_CARRY_CO_I0_SB_LUT4_O_1_I2_SB_LUT4_O_I2_SB_LUT4_O_1_I2_SB_LUT4_O_I1_SB_LUT4_O_I3_SB_CARRY_CO_CI_SB_CARRY_CO_I1_SB_LUT4_O_1_LC.I1
Info:                          Defined in:
Info:                               cam_femto_display.v:220.43-220.46
Info:      logic  1.23  5.61 Source wdat_SB_DFFE_Q_D_SB_LUT4_O_I2_SB_CARRY_CO_I0_SB_LUT4_O_1_I2_SB_LUT4_O_I2_SB_LUT4_O_1_I2_SB_LUT4_O_I1_SB_LUT4_O_I3_SB_CARRY_CO_CI_SB_CARRY_CO_I1_SB_LUT4_O_1_LC.O
Info:    routing  2.41  8.02 Net wdat_SB_DFFE_Q_D_SB_LUT4_O_I2_SB_CARRY_CO_I0_SB_LUT4_O_1_I2_SB_LUT4_O_I2_SB_LUT4_O_1_I2_SB_LUT4_O_I1_SB_LUT4_O_I3_SB_CARRY_CO_CI_SB_CARRY_CO_I1[2] (20,5) -> (20,6)
Info:                          Sink wdat_SB_DFFE_Q_D_SB_LUT4_O_I2_SB_CARRY_CO_I0_SB_LUT4_O_1_I2_SB_LUT4_O_I2_SB_LUT4_O_1_I2_SB_LUT4_O_I1_SB_LUT4_O_I3_SB_CARRY_CO_CI_SB_CARRY_CO_CI_SB_LUT4_I3_LC.I2
Info:                          Defined in:
Info:                               /home/vic/Documents/UN/oss-cad-suite/lib/../share/yosys/ice40/arith_map.v:62.5-70.4
Info:                               /home/vic/Documents/UN/oss-cad-suite/lib/../share/yosys/ice40/cells_map.v:6.21-6.22
Info:      logic  0.61  8.63 Source wdat_SB_DFFE_Q_D_SB_LUT4_O_I2_SB_CARRY_CO_I0_SB_LUT4_O_1_I2_SB_LUT4_O_I2_SB_LUT4_O_1_I2_SB_LUT4_O_I1_SB_LUT4_O_I3_SB_CARRY_CO_CI_SB_CARRY_CO_CI_SB_LUT4_I3_LC.COUT
Info:    routing  0.00  8.63 Net wdat_SB_DFFE_Q_D_SB_LUT4_O_I2_SB_CARRY_CO_I0_SB_LUT4_O_1_I2_SB_LUT4_O_I2_SB_LUT4_O_1_I2_SB_LUT4_O_I1_SB_LUT4_O_I3_SB_CARRY_CO_CI (20,6) -> (20,6)
Info:                          Sink wdat_SB_DFFE_Q_D_SB_LUT4_O_I2_SB_CARRY_CO_I0_SB_LUT4_O_1_I2_SB_LUT4_O_I2_SB_LUT4_O_1_I2_SB_LUT4_O_I1_SB_LUT4_O_I3_SB_CARRY_CO_CI_SB_LUT4_I3_LC.CIN
Info:                          Defined in:
Info:                               /home/vic/Documents/UN/oss-cad-suite/lib/../share/yosys/ice40/arith_map.v:62.5-70.4
Info:                               /home/vic/Documents/UN/oss-cad-suite/lib/../share/yosys/ice40/cells_map.v:6.21-6.22
Info:      logic  0.28  8.91 Source wdat_SB_DFFE_Q_D_SB_LUT4_O_I2_SB_CARRY_CO_I0_SB_LUT4_O_1_I2_SB_LUT4_O_I2_SB_LUT4_O_1_I2_SB_LUT4_O_I1_SB_LUT4_O_I3_SB_CARRY_CO_CI_SB_LUT4_I3_LC.COUT
Info:    routing  0.00  8.91 Net wdat_SB_DFFE_Q_D_SB_LUT4_O_I2_SB_CARRY_CO_I0_SB_LUT4_O_1_I2_SB_LUT4_O_I2_SB_LUT4_O_1_I2_SB_LUT4_O_I1_SB_LUT4_O_I2[3] (20,6) -> (20,6)
Info:                          Sink wdat_SB_DFFE_Q_D_SB_LUT4_O_I2_SB_CARRY_CO_I0_SB_LUT4_O_1_I2_SB_LUT4_O_I2_SB_LUT4_O_1_I2_SB_LUT4_O_I1_SB_LUT4_O_LC.CIN
Info:                          Defined in:
Info:                               /home/vic/Documents/UN/oss-cad-suite/lib/../share/yosys/ice40/arith_map.v:62.5-70.4
Info:                               /home/vic/Documents/UN/oss-cad-suite/lib/../share/yosys/ice40/abc9_model.v:4.9-4.11
Info:      logic  0.28  9.19 Source wdat_SB_DFFE_Q_D_SB_LUT4_O_I2_SB_CARRY_CO_I0_SB_LUT4_O_1_I2_SB_LUT4_O_I2_SB_LUT4_O_1_I2_SB_LUT4_O_I1_SB_LUT4_O_LC.COUT
Info:    routing  0.00  9.19 Net wdat_SB_DFFE_Q_D_SB_LUT4_O_I2_SB_CARRY_CO_I0_SB_LUT4_O_1_I2_SB_LUT4_O_I2_SB_LUT4_O_1_I2_SB_LUT4_O_I1_SB_LUT4_O_I3_SB_CARRY_CI_CO (20,6) -> (20,6)
Info:                          Sink wdat_SB_DFFE_Q_D_SB_LUT4_O_I2_SB_CARRY_CO_I0_SB_LUT4_O_1_I2_SB_LUT4_O_I2_SB_LUT4_O_1_I2_SB_LUT4_O_I1_SB_LUT4_O_I3_SB_CARRY_CI_CO_SB_LUT4_I3_LC.CIN
Info:                          Defined in:
Info:                               /home/vic/Documents/UN/oss-cad-suite/lib/../share/yosys/ice40/arith_map.v:62.5-70.4
Info:                               /home/vic/Documents/UN/oss-cad-suite/lib/../share/yosys/ice40/cells_map.v:6.21-6.22
Info:      logic  0.28  9.47 Source wdat_SB_DFFE_Q_D_SB_LUT4_O_I2_SB_CARRY_CO_I0_SB_LUT4_O_1_I2_SB_LUT4_O_I2_SB_LUT4_O_1_I2_SB_LUT4_O_I1_SB_LUT4_O_I3_SB_CARRY_CI_CO_SB_LUT4_I3_LC.COUT
Info:    routing  0.00  9.47 Net wdat_SB_DFFE_Q_D_SB_LUT4_O_I2_SB_CARRY_CO_I0_SB_LUT4_O_I2_SB_LUT4_O_I2_SB_LUT4_O_I2_SB_LUT4_O_I1_SB_LUT4_O_I3_SB_CARRY_CO_CI (20,6) -> (20,6)
Info:                          Sink wdat_SB_DFFE_Q_D_SB_LUT4_O_I2_SB_CARRY_CO_I0_SB_LUT4_O_I2_SB_LUT4_O_I2_SB_LUT4_O_I2_SB_LUT4_O_I1_SB_LUT4_O_I3_SB_CARRY_CO_CI_SB_LUT4_I3_LC.CIN
Info:                          Defined in:
Info:                               /home/vic/Documents/UN/oss-cad-suite/lib/../share/yosys/ice40/arith_map.v:62.5-70.4
Info:                               /home/vic/Documents/UN/oss-cad-suite/lib/../share/yosys/ice40/cells_map.v:6.21-6.22
Info:      logic  0.28  9.74 Source wdat_SB_DFFE_Q_D_SB_LUT4_O_I2_SB_CARRY_CO_I0_SB_LUT4_O_I2_SB_LUT4_O_I2_SB_LUT4_O_I2_SB_LUT4_O_I1_SB_LUT4_O_I3_SB_CARRY_CO_CI_SB_LUT4_I3_LC.COUT
Info:    routing  0.66  10.40 Net wdat_SB_DFFE_Q_D_SB_LUT4_O_I2_SB_CARRY_CO_I0_SB_LUT4_O_I2_SB_LUT4_O_I2_SB_LUT4_O_I2_SB_LUT4_O_I1_SB_LUT4_O_I2[3] (20,6) -> (20,6)
Info:                          Sink wdat_SB_DFFE_Q_D_SB_LUT4_O_I2_SB_CARRY_CO_I0_SB_LUT4_O_I2_SB_LUT4_O_I2_SB_LUT4_O_I2_SB_LUT4_O_I1_SB_LUT4_O_LC.I3
Info:                          Defined in:
Info:                               /home/vic/Documents/UN/oss-cad-suite/lib/../share/yosys/ice40/arith_map.v:62.5-70.4
Info:                               /home/vic/Documents/UN/oss-cad-suite/lib/../share/yosys/ice40/abc9_model.v:4.9-4.11
Info:      logic  0.87  11.28 Source wdat_SB_DFFE_Q_D_SB_LUT4_O_I2_SB_CARRY_CO_I0_SB_LUT4_O_I2_SB_LUT4_O_I2_SB_LUT4_O_I2_SB_LUT4_O_I1_SB_LUT4_O_LC.O
Info:    routing  2.95  14.23 Net wdat_SB_DFFE_Q_D_SB_LUT4_O_I2_SB_CARRY_CO_I0_SB_LUT4_O_I2_SB_LUT4_O_I2_SB_LUT4_O_I2_SB_LUT4_O_I1 (20,6) -> (17,4)
Info:                          Sink wdat_SB_DFFE_Q_D_SB_LUT4_O_I2_SB_CARRY_CO_I0_SB_LUT4_O_I2_SB_LUT4_O_I2_SB_LUT4_O_I2_SB_LUT4_O_1_I2_SB_LUT4_O_LC.I3
Info:                          Defined in:
Info:                               /home/vic/Documents/UN/oss-cad-suite/lib/../share/yosys/ice40/cells_map.v:6.21-6.22
Info:      logic  0.87  15.10 Source wdat_SB_DFFE_Q_D_SB_LUT4_O_I2_SB_CARRY_CO_I0_SB_LUT4_O_I2_SB_LUT4_O_I2_SB_LUT4_O_I2_SB_LUT4_O_1_I2_SB_LUT4_O_LC.O
Info:    routing  2.30  17.41 Net wdat_SB_DFFE_Q_D_SB_LUT4_O_I2_SB_CARRY_CO_I0_SB_LUT4_O_I2_SB_LUT4_O_I2_SB_LUT4_O_I2_SB_LUT4_O_1_I2[2] (17,4) -> (18,4)
Info:                          Sink wdat_SB_DFFE_Q_D_SB_LUT4_O_I2_SB_CARRY_CO_I0_SB_LUT4_O_I2_SB_LUT4_O_I2_SB_LUT4_O_I2_SB_LUT4_O_1_LC.I2
Info:                          Defined in:
Info:                               cam_femto_display.v:230.37-230.44
Info:                               /home/vic/Documents/UN/oss-cad-suite/lib/../share/yosys/ice40/arith_map.v:62.5-70.4
Info:                               /home/vic/Documents/UN/oss-cad-suite/lib/../share/yosys/ice40/cells_map.v:6.21-6.22
Info:      logic  0.61  18.02 Source wdat_SB_DFFE_Q_D_SB_LUT4_O_I2_SB_CARRY_CO_I0_SB_LUT4_O_I2_SB_LUT4_O_I2_SB_LUT4_O_I2_SB_LUT4_O_1_LC.COUT
Info:    routing  0.56  18.57 Net wdat_SB_DFFE_Q_D_SB_LUT4_O_I2_SB_CARRY_CO_I0_SB_LUT4_O_I2_SB_LUT4_O_I3_SB_CARRY_CI_CO_SB_LUT4_I3_I2_SB_LUT4_O_I3_SB_LUT4_O_I2[3] (18,4) -> (18,5)
Info:                          Sink wdat_SB_DFFE_Q_D_SB_LUT4_O_I2_SB_CARRY_CO_I0_SB_LUT4_O_I2_SB_LUT4_O_I3_SB_CARRY_CI_CO_SB_LUT4_I3_I2_SB_LUT4_O_I3_SB_LUT4_O_LC.CIN
Info:                          Defined in:
Info:                               cam_femto_display.v:230.37-230.44
Info:                               /home/vic/Documents/UN/oss-cad-suite/lib/../share/yosys/ice40/arith_map.v:62.5-70.4
Info:                               /home/vic/Documents/UN/oss-cad-suite/lib/../share/yosys/ice40/abc9_model.v:4.9-4.11
Info:      logic  0.28  18.85 Source wdat_SB_DFFE_Q_D_SB_LUT4_O_I2_SB_CARRY_CO_I0_SB_LUT4_O_I2_SB_LUT4_O_I3_SB_CARRY_CI_CO_SB_LUT4_I3_I2_SB_LUT4_O_I3_SB_LUT4_O_LC.COUT
Info:    routing  0.00  18.85 Net wdat_SB_DFFE_Q_D_SB_LUT4_O_I2_SB_CARRY_CO_I0_SB_LUT4_O_I2_SB_LUT4_O_I3_SB_CARRY_CI_CO_SB_CARRY_CI_CO_SB_LUT4_I3_I2_SB_LUT4_O_I3_SB_LUT4_O_I2[3] (18,5) -> (18,5)
Info:                          Sink wdat_SB_DFFE_Q_D_SB_LUT4_O_I2_SB_CARRY_CO_I0_SB_LUT4_O_I2_SB_LUT4_O_I3_SB_CARRY_CI_CO_SB_CARRY_CI_CO_SB_LUT4_I3_I2_SB_LUT4_O_I3_SB_LUT4_O_LC.CIN
Info:                          Defined in:
Info:                               cam_femto_display.v:230.37-230.44
Info:                               /home/vic/Documents/UN/oss-cad-suite/lib/../share/yosys/ice40/arith_map.v:62.5-70.4
Info:                               /home/vic/Documents/UN/oss-cad-suite/lib/../share/yosys/ice40/abc9_model.v:4.9-4.11
Info:      logic  0.28  19.13 Source wdat_SB_DFFE_Q_D_SB_LUT4_O_I2_SB_CARRY_CO_I0_SB_LUT4_O_I2_SB_LUT4_O_I3_SB_CARRY_CI_CO_SB_CARRY_CI_CO_SB_LUT4_I3_I2_SB_LUT4_O_I3_SB_LUT4_O_LC.COUT
Info:    routing  0.66  19.79 Net $nextpnr_ICESTORM_LC_1$I3 (18,5) -> (18,5)
Info:                          Sink $nextpnr_ICESTORM_LC_1.I3
Info:      logic  0.87  20.67 Source $nextpnr_ICESTORM_LC_1.O
Info:    routing  1.76  22.43 Net wdat_SB_DFFE_Q_D_SB_LUT4_O_I2_SB_CARRY_CO_CI_SB_CARRY_CO_I0_SB_LUT4_O_1_I2_SB_LUT4_O_I2_SB_LUT4_O_I2[2] (18,5) -> (17,5)
Info:                          Sink wdat_SB_DFFE_Q_D_SB_LUT4_O_I2_SB_CARRY_CO_CI_SB_CARRY_CO_I0_SB_LUT4_O_1_I2_SB_LUT4_O_I2_SB_LUT4_O_I2_SB_LUT4_O_I3_SB_CARRY_CO_CI_SB_CARRY_CO_CI_SB_LUT4_I3_O_SB_LUT4_I2_LC.I3
Info:                          Defined in:
Info:                               /home/vic/Documents/UN/oss-cad-suite/lib/../share/yosys/ice40/cells_map.v:6.21-6.22
Info:      logic  0.87  23.30 Source wdat_SB_DFFE_Q_D_SB_LUT4_O_I2_SB_CARRY_CO_CI_SB_CARRY_CO_I0_SB_LUT4_O_1_I2_SB_LUT4_O_I2_SB_LUT4_O_I2_SB_LUT4_O_I3_SB_CARRY_CO_CI_SB_CARRY_CO_CI_SB_LUT4_I3_O_SB_LUT4_I2_LC.O
Info:    routing  2.30  25.60 Net wdat_SB_DFFE_Q_D_SB_LUT4_O_I2_SB_CARRY_CO_CI_SB_CARRY_CO_CI_SB_CARRY_CO_CI_SB_CARRY_CO_CI_SB_CARRY_CO_CI_SB_CARRY_CO_CI_SB_CARRY_CO_I0_SB_LUT4_O_I2_SB_LUT4_O_I2[1] (17,5) -> (15,5)
Info:                          Sink wdat_SB_DFFE_Q_D_SB_LUT4_O_I2_SB_CARRY_CO_CI_SB_CARRY_CO_CI_SB_CARRY_CO_CI_SB_CARRY_CO_CI_SB_CARRY_CO_CI_SB_CARRY_CO_CI_SB_CARRY_CO_I0_SB_LUT4_O_I2_SB_LUT4_O_LC.I1
Info:                          Defined in:
Info:                               cam_femto_display.v:232.25-232.34
Info:                               /home/vic/Documents/UN/oss-cad-suite/lib/../share/yosys/ice40/arith_map.v:62.5-70.4
Info:                               /home/vic/Documents/UN/oss-cad-suite/lib/../share/yosys/ice40/cells_map.v:6.21-6.22
Info:      logic  0.68  26.28 Source wdat_SB_DFFE_Q_D_SB_LUT4_O_I2_SB_CARRY_CO_CI_SB_CARRY_CO_CI_SB_CARRY_CO_CI_SB_CARRY_CO_CI_SB_CARRY_CO_CI_SB_CARRY_CO_CI_SB_CARRY_CO_I0_SB_LUT4_O_I2_SB_LUT4_O_LC.COUT
Info:    routing  0.00  26.28 Net wdat_SB_DFFE_Q_D_SB_LUT4_O_I2_SB_CARRY_CO_CI_SB_CARRY_CO_CI_SB_CARRY_CO_CI_SB_CARRY_CO_CI_SB_CARRY_CO_CI_SB_CARRY_CO_CI_SB_CARRY_CO_I0_SB_LUT4_O_I2_SB_LUT4_O_I3_SB_CARRY_CI_CO (15,5) -> (15,5)
Info:                          Sink wdat_SB_DFFE_Q_D_SB_LUT4_O_I2_SB_CARRY_CO_CI_SB_CARRY_CO_CI_SB_CARRY_CO_CI_SB_CARRY_CO_CI_SB_CARRY_CO_CI_SB_CARRY_CO_I0_SB_LUT4_O_I2_SB_LUT4_O_LC.CIN
Info:                          Defined in:
Info:                               cam_femto_display.v:232.25-232.34
Info:                               /home/vic/Documents/UN/oss-cad-suite/lib/../share/yosys/ice40/arith_map.v:62.5-70.4
Info:                               /home/vic/Documents/UN/oss-cad-suite/lib/../share/yosys/ice40/cells_map.v:6.21-6.22
Info:      logic  0.28  26.56 Source wdat_SB_DFFE_Q_D_SB_LUT4_O_I2_SB_CARRY_CO_CI_SB_CARRY_CO_CI_SB_CARRY_CO_CI_SB_CARRY_CO_CI_SB_CARRY_CO_CI_SB_CARRY_CO_I0_SB_LUT4_O_I2_SB_LUT4_O_LC.COUT
Info:    routing  0.00  26.56 Net wdat_SB_DFFE_Q_D_SB_LUT4_O_I2_SB_CARRY_CO_CI_SB_CARRY_CO_I0_SB_LUT4_O_1_I2_SB_LUT4_O_I2[3] (15,5) -> (15,5)
Info:                          Sink wdat_SB_DFFE_Q_D_SB_LUT4_O_I2_SB_CARRY_CO_CI_SB_CARRY_CO_I0_SB_LUT4_O_1_I2_SB_LUT4_O_LC.CIN
Info:                          Defined in:
Info:                               cam_femto_display.v:232.25-232.34
Info:                               /home/vic/Documents/UN/oss-cad-suite/lib/../share/yosys/ice40/arith_map.v:62.5-70.4
Info:                               /home/vic/Documents/UN/oss-cad-suite/lib/../share/yosys/ice40/abc9_model.v:4.9-4.11
Info:      logic  0.28  26.84 Source wdat_SB_DFFE_Q_D_SB_LUT4_O_I2_SB_CARRY_CO_CI_SB_CARRY_CO_I0_SB_LUT4_O_1_I2_SB_LUT4_O_LC.COUT
Info:    routing  0.00  26.84 Net wdat_SB_DFFE_Q_D_SB_LUT4_O_I2_SB_CARRY_CO_I0_SB_LUT4_O_1_I2_SB_LUT4_O_I2[3] (15,5) -> (15,5)
Info:                          Sink wdat_SB_DFFE_Q_D_SB_LUT4_O_I2_SB_CARRY_CO_I0_SB_LUT4_O_1_I2_SB_LUT4_O_LC.CIN
Info:                          Defined in:
Info:                               cam_femto_display.v:232.25-232.34
Info:                               /home/vic/Documents/UN/oss-cad-suite/lib/../share/yosys/ice40/arith_map.v:62.5-70.4
Info:                               /home/vic/Documents/UN/oss-cad-suite/lib/../share/yosys/ice40/abc9_model.v:4.9-4.11
Info:      logic  0.28  27.11 Source wdat_SB_DFFE_Q_D_SB_LUT4_O_I2_SB_CARRY_CO_I0_SB_LUT4_O_1_I2_SB_LUT4_O_LC.COUT
Info:    routing  0.00  27.11 Net wdat_SB_DFFE_Q_D_SB_LUT4_O_I2_SB_CARRY_CO_CI_SB_CARRY_CO_CI_SB_CARRY_CO_CI_SB_CARRY_CO_CI_SB_CARRY_CO_CI_SB_CARRY_CO_CI_SB_CARRY_CO_I0_SB_LUT4_I3_O_SB_LUT4_O_1_I2_SB_LUT4_O_I3 (15,5) -> (15,5)
Info:                          Sink wdat_SB_DFFE_Q_D_SB_LUT4_O_I2_SB_CARRY_CO_CI_SB_CARRY_CO_CI_SB_CARRY_CO_CI_SB_CARRY_CO_CI_SB_CARRY_CO_CI_SB_CARRY_CO_CI_SB_CARRY_CO_I0_SB_LUT4_I3_O_SB_LUT4_O_1_I2_SB_LUT4_O_LC.CIN
Info:                          Defined in:
Info:                               cam_femto_display.v:232.25-232.34
Info:                               /home/vic/Documents/UN/oss-cad-suite/lib/../share/yosys/ice40/arith_map.v:62.5-70.4
Info:                               /home/vic/Documents/UN/oss-cad-suite/lib/../share/yosys/ice40/cells_map.v:6.21-6.22
Info:      logic  0.28  27.39 Source wdat_SB_DFFE_Q_D_SB_LUT4_O_I2_SB_CARRY_CO_CI_SB_CARRY_CO_CI_SB_CARRY_CO_CI_SB_CARRY_CO_CI_SB_CARRY_CO_CI_SB_CARRY_CO_CI_SB_CARRY_CO_I0_SB_LUT4_I3_O_SB_LUT4_O_1_I2_SB_LUT4_O_LC.COUT
Info:    routing  0.00  27.39 Net wdat_SB_DFFE_Q_D_SB_LUT4_O_I2_SB_CARRY_CO_CI_SB_CARRY_CO_I0_SB_LUT4_O_I2_SB_LUT4_O_I3 (15,5) -> (15,5)
Info:                          Sink wdat_SB_DFFE_Q_D_SB_LUT4_O_I2_SB_CARRY_CO_CI_SB_CARRY_CO_I0_SB_LUT4_O_I2_SB_LUT4_O_LC.CIN
Info:                          Defined in:
Info:                               cam_femto_display.v:232.25-232.34
Info:                               /home/vic/Documents/UN/oss-cad-suite/lib/../share/yosys/ice40/arith_map.v:62.5-70.4
Info:                               /home/vic/Documents/UN/oss-cad-suite/lib/../share/yosys/ice40/cells_map.v:6.21-6.22
Info:      logic  0.28  27.67 Source wdat_SB_DFFE_Q_D_SB_LUT4_O_I2_SB_CARRY_CO_CI_SB_CARRY_CO_I0_SB_LUT4_O_I2_SB_LUT4_O_LC.COUT
Info:    routing  0.00  27.67 Net wdat_SB_DFFE_Q_D_SB_LUT4_O_I2_SB_CARRY_CO_I0_SB_LUT4_O_I2_SB_LUT4_O_I2[3] (15,5) -> (15,5)
Info:                          Sink wdat_SB_DFFE_Q_D_SB_LUT4_O_I2_SB_CARRY_CO_I0_SB_LUT4_O_I2_SB_LUT4_O_LC.CIN
Info:                          Defined in:
Info:                               cam_femto_display.v:232.25-232.34
Info:                               /home/vic/Documents/UN/oss-cad-suite/lib/../share/yosys/ice40/arith_map.v:62.5-70.4
Info:                               /home/vic/Documents/UN/oss-cad-suite/lib/../share/yosys/ice40/abc9_model.v:4.9-4.11
Info:      logic  0.28  27.95 Source wdat_SB_DFFE_Q_D_SB_LUT4_O_I2_SB_CARRY_CO_I0_SB_LUT4_O_I2_SB_LUT4_O_LC.COUT
Info:    routing  1.22  29.17 Net wdat_SB_DFFE_Q_D_SB_LUT4_O_I2_SB_CARRY_CO_I0_SB_LUT4_O_I2_SB_LUT4_O_I3_SB_CARRY_CI_CO (15,5) -> (15,6)
Info:                          Sink wdat_SB_DFFE_Q_D_SB_LUT4_O_I2_SB_CARRY_CO_I0_SB_LUT4_O_I2_SB_LUT4_O_I3_SB_CARRY_CI_CO_SB_LUT4_I3_LC.I3
Info:                          Defined in:
Info:                               cam_femto_display.v:232.25-232.34
Info:                               /home/vic/Documents/UN/oss-cad-suite/lib/../share/yosys/ice40/arith_map.v:62.5-70.4
Info:                               /home/vic/Documents/UN/oss-cad-suite/lib/../share/yosys/ice40/cells_map.v:6.21-6.22
Info:      logic  0.87  30.04 Source wdat_SB_DFFE_Q_D_SB_LUT4_O_I2_SB_CARRY_CO_I0_SB_LUT4_O_I2_SB_LUT4_O_I3_SB_CARRY_CI_CO_SB_LUT4_I3_LC.O
Info:    routing  2.99  33.03 Net wdat_SB_DFFE_Q_D_SB_LUT4_O_I2_SB_CARRY_CO_I0_SB_LUT4_O_I2_SB_CARRY_I0_CO_SB_CARRY_CI_I0 (15,6) -> (15,1)
Info:                          Sink wdat_SB_DFFE_Q_D_SB_LUT4_O_I2_SB_CARRY_CO_I0_SB_LUT4_O_I2_SB_CARRY_I0_CO_SB_CARRY_CI$CARRY.I1
Info:      logic  0.68  33.71 Source wdat_SB_DFFE_Q_D_SB_LUT4_O_I2_SB_CARRY_CO_I0_SB_LUT4_O_I2_SB_CARRY_I0_CO_SB_CARRY_CI$CARRY.COUT
Info:    routing  0.56  34.26 Net wdat_SB_DFFE_Q_D_SB_LUT4_O_I2_SB_CARRY_CO_I0_SB_LUT4_O_I2_SB_CARRY_I0_CO_SB_CARRY_CI_CO (15,1) -> (15,2)
Info:                          Sink wdat_SB_DFFE_Q_D_SB_LUT4_O_I2_SB_CARRY_CO_I0_SB_LUT4_O_I2_SB_CARRY_I0_CO_SB_CARRY_CI_CO_SB_CARRY_CI$CARRY.CIN
Info:                          Defined in:
Info:                               cam_femto_display.v:233.24-233.39
Info:                               /home/vic/Documents/UN/oss-cad-suite/lib/../share/yosys/ice40/arith_map.v:62.5-70.4
Info:                               /home/vic/Documents/UN/oss-cad-suite/lib/../share/yosys/ice40/abc9_model.v:4.9-4.11
Info:      logic  0.28  34.54 Source wdat_SB_DFFE_Q_D_SB_LUT4_O_I2_SB_CARRY_CO_I0_SB_LUT4_O_I2_SB_CARRY_I0_CO_SB_CARRY_CI_CO_SB_CARRY_CI$CARRY.COUT
Info:    routing  0.00  34.54 Net wdat_SB_DFFE_Q_D_SB_LUT4_O_I2_SB_CARRY_CO_I0_SB_LUT4_O_I2_SB_CARRY_I0_CO_SB_CARRY_CI_CO_SB_CARRY_CI_CO (15,2) -> (15,2)
Info:                          Sink wdat_SB_DFFE_Q_D_SB_LUT4_O_I2_SB_CARRY_CO_I0_SB_LUT4_O_I2_SB_CARRY_I0_CO_SB_CARRY_CI_CO_SB_CARRY_CI_CO_SB_CARRY_CI$CARRY.CIN
Info:                          Defined in:
Info:                               cam_femto_display.v:233.24-233.39
Info:                               /home/vic/Documents/UN/oss-cad-suite/lib/../share/yosys/ice40/arith_map.v:62.5-70.4
Info:                               /home/vic/Documents/UN/oss-cad-suite/lib/../share/yosys/ice40/abc9_model.v:4.9-4.11
Info:      logic  0.28  34.82 Source wdat_SB_DFFE_Q_D_SB_LUT4_O_I2_SB_CARRY_CO_I0_SB_LUT4_O_I2_SB_CARRY_I0_CO_SB_CARRY_CI_CO_SB_CARRY_CI_CO_SB_CARRY_CI$CARRY.COUT
Info:    routing  0.00  34.82 Net wdat_SB_DFFE_Q_D_SB_LUT4_O_I2_SB_CARRY_CO_I0_SB_LUT4_O_I2_SB_CARRY_I0_CO_SB_CARRY_CI_CO_SB_CARRY_CI_CO_SB_CARRY_CI_CO (15,2) -> (15,2)
Info:                          Sink wdat_SB_DFFE_Q_D_SB_LUT4_O_I2_SB_CARRY_CO_I0_SB_LUT4_O_I2_SB_CARRY_I0_CO_SB_CARRY_CI_CO_SB_CARRY_CI_CO_SB_CARRY_CI_CO_SB_CARRY_CI$CARRY.CIN
Info:                          Defined in:
Info:                               cam_femto_display.v:233.24-233.39
Info:                               /home/vic/Documents/UN/oss-cad-suite/lib/../share/yosys/ice40/arith_map.v:62.5-70.4
Info:                               /home/vic/Documents/UN/oss-cad-suite/lib/../share/yosys/ice40/abc9_model.v:4.9-4.11
Info:      logic  0.28  35.10 Source wdat_SB_DFFE_Q_D_SB_LUT4_O_I2_SB_CARRY_CO_I0_SB_LUT4_O_I2_SB_CARRY_I0_CO_SB_CARRY_CI_CO_SB_CARRY_CI_CO_SB_CARRY_CI_CO_SB_CARRY_CI$CARRY.COUT
Info:    routing  0.66  35.76 Net $nextpnr_ICESTORM_LC_27$I3 (15,2) -> (15,2)
Info:                          Sink $nextpnr_ICESTORM_LC_27.I3
Info:      logic  0.87  36.63 Source $nextpnr_ICESTORM_LC_27.O
Info:    routing  1.76  38.39 Net wdat_SB_DFFE_Q_D_SB_LUT4_O_I2_SB_CARRY_CO_CI_SB_CARRY_CO_CI_SB_CARRY_CO_CI_SB_CARRY_CO_CI_SB_CARRY_CO_CI_SB_CARRY_CO_CI_SB_CARRY_CO_CI_SB_CARRY_CO_I1[1] (15,2) -> (15,3)
Info:                          Sink wdat_SB_DFFE_Q_D_SB_LUT4_O_I2_SB_CARRY_CO_CI_SB_CARRY_CO_CI_SB_CARRY_CO_CI_SB_CARRY_CO_CI_SB_CARRY_CO_CI_SB_CARRY_CO_CI_SB_CARRY_CO$CARRY.I3
Info:                          Defined in:
Info:                               cam_femto_display.v:233.24-233.39
Info:                               /home/vic/Documents/UN/oss-cad-suite/lib/../share/yosys/ice40/arith_map.v:62.5-70.4
Info:                               /home/vic/Documents/UN/oss-cad-suite/lib/../share/yosys/ice40/abc9_model.v:4.9-4.11
Info:      logic  0.87  39.27 Source wdat_SB_DFFE_Q_D_SB_LUT4_O_I2_SB_CARRY_CO_CI_SB_CARRY_CO_CI_SB_CARRY_CO_CI_SB_CARRY_CO_CI_SB_CARRY_CO_CI_SB_CARRY_CO_CI_SB_CARRY_CO$CARRY.O
Info:    routing  1.76  41.03 Net wdat_SB_DFFE_Q_D_SB_LUT4_O_I2_SB_CARRY_CO_CI_SB_CARRY_CO_CI_SB_CARRY_CO_CI_SB_CARRY_CO_CI_SB_CARRY_CO_CI_SB_CARRY_CO_CI_SB_CARRY_CO_I0[1] (15,3) -> (15,3)
Info:                          Sink wdat_SB_DFFE_Q_D_SB_LUT4_O_I2_SB_CARRY_CO_CI_SB_CARRY_CO_CI_SB_CARRY_CO_CI_SB_CARRY_CO_CI_SB_CARRY_CO_CI_SB_CARRY_CO_CI_SB_CARRY_CO$CARRY.I1
Info:                          Defined in:
Info:                               /home/vic/Documents/UN/oss-cad-suite/lib/../share/yosys/ice40/cells_map.v:6.21-6.22
Info:      logic  0.68  41.70 Source wdat_SB_DFFE_Q_D_SB_LUT4_O_I2_SB_CARRY_CO_CI_SB_CARRY_CO_CI_SB_CARRY_CO_CI_SB_CARRY_CO_CI_SB_CARRY_CO_CI_SB_CARRY_CO_CI_SB_CARRY_CO$CARRY.COUT
Info:    routing  0.00  41.70 Net wdat_SB_DFFE_Q_D_SB_LUT4_O_I2_SB_CARRY_CO_CI_SB_CARRY_CO_CI_SB_CARRY_CO_CI_SB_CARRY_CO_CI_SB_CARRY_CO_CI_SB_CARRY_CO_CI (15,3) -> (15,3)
Info:                          Sink wdat_SB_DFFE_Q_D_SB_LUT4_O_I2_SB_CARRY_CO_CI_SB_CARRY_CO_CI_SB_CARRY_CO_CI_SB_CARRY_CO_CI_SB_CARRY_CO_CI_SB_CARRY_CO$CARRY.CIN
Info:                          Defined in:
Info:                               cam_femto_display.v:241.52-241.63
Info:                               /home/vic/Documents/UN/oss-cad-suite/lib/../share/yosys/ice40/arith_map.v:62.5-70.4
Info:                               /home/vic/Documents/UN/oss-cad-suite/lib/../share/yosys/ice40/abc9_model.v:4.9-4.11
Info:      logic  0.28  41.98 Source wdat_SB_DFFE_Q_D_SB_LUT4_O_I2_SB_CARRY_CO_CI_SB_CARRY_CO_CI_SB_CARRY_CO_CI_SB_CARRY_CO_CI_SB_CARRY_CO_CI_SB_CARRY_CO$CARRY.COUT
Info:    routing  0.00  41.98 Net wdat_SB_DFFE_Q_D_SB_LUT4_O_I2_SB_CARRY_CO_CI_SB_CARRY_CO_CI_SB_CARRY_CO_CI_SB_CARRY_CO_CI_SB_CARRY_CO_CI (15,3) -> (15,3)
Info:                          Sink wdat_SB_DFFE_Q_D_SB_LUT4_O_I2_SB_CARRY_CO_CI_SB_CARRY_CO_CI_SB_CARRY_CO_CI_SB_CARRY_CO_CI_SB_CARRY_CO$CARRY.CIN
Info:                          Defined in:
Info:                               cam_femto_display.v:241.52-241.63
Info:                               /home/vic/Documents/UN/oss-cad-suite/lib/../share/yosys/ice40/arith_map.v:62.5-70.4
Info:                               /home/vic/Documents/UN/oss-cad-suite/lib/../share/yosys/ice40/abc9_model.v:4.9-4.11
Info:      logic  0.28  42.26 Source wdat_SB_DFFE_Q_D_SB_LUT4_O_I2_SB_CARRY_CO_CI_SB_CARRY_CO_CI_SB_CARRY_CO_CI_SB_CARRY_CO_CI_SB_CARRY_CO$CARRY.COUT
Info:    routing  0.00  42.26 Net wdat_SB_DFFE_Q_D_SB_LUT4_O_I2_SB_CARRY_CO_CI_SB_CARRY_CO_CI_SB_CARRY_CO_CI_SB_CARRY_CO_CI (15,3) -> (15,3)
Info:                          Sink wdat_SB_DFFE_Q_D_SB_LUT4_O_I2_SB_CARRY_CO_CI_SB_CARRY_CO_CI_SB_CARRY_CO_CI_SB_CARRY_CO$CARRY.CIN
Info:                          Defined in:
Info:                               cam_femto_display.v:241.52-241.63
Info:                               /home/vic/Documents/UN/oss-cad-suite/lib/../share/yosys/ice40/arith_map.v:62.5-70.4
Info:                               /home/vic/Documents/UN/oss-cad-suite/lib/../share/yosys/ice40/abc9_model.v:4.9-4.11
Info:      logic  0.28  42.54 Source wdat_SB_DFFE_Q_D_SB_LUT4_O_I2_SB_CARRY_CO_CI_SB_CARRY_CO_CI_SB_CARRY_CO_CI_SB_CARRY_CO$CARRY.COUT
Info:    routing  0.00  42.54 Net wdat_SB_DFFE_Q_D_SB_LUT4_O_I2_SB_CARRY_CO_CI_SB_CARRY_CO_CI_SB_CARRY_CO_CI (15,3) -> (15,3)
Info:                          Sink wdat_SB_DFFE_Q_D_SB_LUT4_O_I2_SB_CARRY_CO_CI_SB_CARRY_CO_CI_SB_CARRY_CO$CARRY.CIN
Info:                          Defined in:
Info:                               cam_femto_display.v:241.52-241.63
Info:                               /home/vic/Documents/UN/oss-cad-suite/lib/../share/yosys/ice40/arith_map.v:62.5-70.4
Info:                               /home/vic/Documents/UN/oss-cad-suite/lib/../share/yosys/ice40/abc9_model.v:4.9-4.11
Info:      logic  0.28  42.82 Source wdat_SB_DFFE_Q_D_SB_LUT4_O_I2_SB_CARRY_CO_CI_SB_CARRY_CO_CI_SB_CARRY_CO$CARRY.COUT
Info:    routing  0.00  42.82 Net wdat_SB_DFFE_Q_D_SB_LUT4_O_I2_SB_CARRY_CO_CI_SB_CARRY_CO_CI (15,3) -> (15,3)
Info:                          Sink wdat_SB_DFFE_Q_D_SB_LUT4_O_I2_SB_CARRY_CO_CI_SB_CARRY_CO$CARRY.CIN
Info:                          Defined in:
Info:                               cam_femto_display.v:241.52-241.63
Info:                               /home/vic/Documents/UN/oss-cad-suite/lib/../share/yosys/ice40/arith_map.v:62.5-70.4
Info:                               /home/vic/Documents/UN/oss-cad-suite/lib/../share/yosys/ice40/abc9_model.v:4.9-4.11
Info:      logic  0.28  43.09 Source wdat_SB_DFFE_Q_D_SB_LUT4_O_I2_SB_CARRY_CO_CI_SB_CARRY_CO$CARRY.COUT
Info:    routing  0.00  43.09 Net wdat_SB_DFFE_Q_D_SB_LUT4_O_I2_SB_CARRY_CO_CI (15,3) -> (15,3)
Info:                          Sink wdat_SB_DFFE_Q_D_SB_LUT4_O_I2_SB_CARRY_CO$CARRY.CIN
Info:                          Defined in:
Info:                               cam_femto_display.v:241.52-241.63
Info:                               /home/vic/Documents/UN/oss-cad-suite/lib/../share/yosys/ice40/arith_map.v:62.5-70.4
Info:                               /home/vic/Documents/UN/oss-cad-suite/lib/../share/yosys/ice40/abc9_model.v:4.9-4.11
Info:      logic  0.28  43.37 Source wdat_SB_DFFE_Q_D_SB_LUT4_O_I2_SB_CARRY_CO$CARRY.COUT
Info:    routing  1.22  44.59 Net $nextpnr_ICESTORM_LC_29$I3 (15,3) -> (15,4)
Info:                          Sink $nextpnr_ICESTORM_LC_29.I3
Info:      logic  0.87  45.46 Source $nextpnr_ICESTORM_LC_29.O
Info:    routing  1.76  47.22 Net wdat_SB_DFFE_Q_D_SB_LUT4_O_I2 (15,4) -> (14,3)
Info:                          Sink wdat_SB_DFFE_Q_D_SB_LUT4_O_LC.I2
Info:                          Defined in:
Info:                               /home/vic/Documents/UN/oss-cad-suite/lib/../share/yosys/ice40/cells_map.v:6.21-6.22
Info:      setup  1.15  48.38 Source wdat_SB_DFFE_Q_D_SB_LUT4_O_LC.I2
Info: 19.85 ns logic, 28.53 ns routing

Info: Critical path report for clock 'clk$SB_IO_IN_$glb_clk' (posedge -> negedge):
Info:       type curr  total name
Info:   clk-to-q  1.39  1.39 Source CPU.instr_SB_DFFE_Q_22_DFFLC.O
Info:    routing  2.95  4.34 Net CPU.Bimm[2] (11,15) -> (8,14)
Info:                          Sink ram3.0.0_RADDR_SB_LUT4_O_I3_SB_LUT4_O_I3_SB_CARRY_CO_CI_SB_CARRY_CO_I0_SB_LUT4_O_LC.I1
Info:                          Defined in:
Info:                               femtorv32_quark.v:78.13-78.17
Info:      logic  1.23  5.57 Source ram3.0.0_RADDR_SB_LUT4_O_I3_SB_LUT4_O_I3_SB_CARRY_CO_CI_SB_CARRY_CO_I0_SB_LUT4_O_LC.O
Info:    routing  2.99  8.56 Net ram3.0.0_RADDR_SB_LUT4_O_I3_SB_LUT4_O_I3_SB_CARRY_CO_CI_SB_CARRY_CO_I0[1] (8,14) -> (8,9)
Info:                          Sink ram3.0.0_RADDR_SB_LUT4_O_I3_SB_LUT4_O_I3_SB_CARRY_CO_CI_SB_CARRY_CO_CI_SB_LUT4_I3_LC.I1
Info:                          Defined in:
Info:                               femtorv32_quark.v:225.43-226.62
Info:                               /home/vic/Documents/UN/oss-cad-suite/lib/../share/yosys/ice40/arith_map.v:62.5-70.4
Info:                               /home/vic/Documents/UN/oss-cad-suite/lib/../share/yosys/ice40/cells_map.v:6.21-6.22
Info:      logic  0.68  9.24 Source ram3.0.0_RADDR_SB_LUT4_O_I3_SB_LUT4_O_I3_SB_CARRY_CO_CI_SB_CARRY_CO_CI_SB_LUT4_I3_LC.COUT
Info:    routing  0.00  9.24 Net ram3.0.0_RADDR_SB_LUT4_O_I3_SB_LUT4_O_I3_SB_CARRY_CO_CI (8,9) -> (8,9)
Info:                          Sink ram3.0.0_RADDR_SB_LUT4_O_I3_SB_LUT4_O_I3_SB_CARRY_CO_CI_SB_LUT4_I3_LC.CIN
Info:                          Defined in:
Info:                               femtorv32_quark.v:225.43-226.62
Info:                               /home/vic/Documents/UN/oss-cad-suite/lib/../share/yosys/ice40/arith_map.v:62.5-70.4
Info:                               /home/vic/Documents/UN/oss-cad-suite/lib/../share/yosys/ice40/cells_map.v:6.21-6.22
Info:      logic  0.28  9.52 Source ram3.0.0_RADDR_SB_LUT4_O_I3_SB_LUT4_O_I3_SB_CARRY_CO_CI_SB_LUT4_I3_LC.COUT
Info:    routing  0.00  9.52 Net ram3.0.0_RADDR_SB_LUT4_O_I3_SB_LUT4_O_I1[3] (8,9) -> (8,9)
Info:                          Sink ram3.0.0_RADDR_SB_LUT4_O_I3_SB_LUT4_O_LC.CIN
Info:                          Defined in:
Info:                               femtorv32_quark.v:225.43-226.62
Info:                               /home/vic/Documents/UN/oss-cad-suite/lib/../share/yosys/ice40/arith_map.v:62.5-70.4
Info:                               /home/vic/Documents/UN/oss-cad-suite/lib/../share/yosys/ice40/abc9_model.v:4.9-4.11
Info:      logic  0.28  9.80 Source ram3.0.0_RADDR_SB_LUT4_O_I3_SB_LUT4_O_LC.COUT
Info:    routing  0.00  9.80 Net ram3.0.0_RADDR_SB_LUT4_O_I3_SB_LUT4_O_I3_SB_CARRY_CI_CO (8,9) -> (8,9)
Info:                          Sink ram3.0.0_RADDR_SB_LUT4_O_I3_SB_LUT4_O_I3_SB_CARRY_CI_CO_SB_LUT4_I3_LC.CIN
Info:                          Defined in:
Info:                               femtorv32_quark.v:225.43-226.62
Info:                               /home/vic/Documents/UN/oss-cad-suite/lib/../share/yosys/ice40/arith_map.v:62.5-70.4
Info:                               /home/vic/Documents/UN/oss-cad-suite/lib/../share/yosys/ice40/abc9_model.v:4.9-4.11
Info:      logic  0.28  10.07 Source ram3.0.0_RADDR_SB_LUT4_O_I3_SB_LUT4_O_I3_SB_CARRY_CI_CO_SB_LUT4_I3_LC.COUT
Info:    routing  0.00  10.07 Net ram3.0.0_RADDR_SB_LUT4_O_I3_SB_LUT4_O_I3_SB_CARRY_CI_CO_SB_CARRY_CI_CO (8,9) -> (8,9)
Info:                          Sink ram3.0.0_RADDR_SB_LUT4_O_I3_SB_LUT4_O_I3_SB_CARRY_CI_CO_SB_CARRY_CI_CO_SB_LUT4_I3_LC.CIN
Info:                          Defined in:
Info:                               femtorv32_quark.v:225.43-226.62
Info:                               /home/vic/Documents/UN/oss-cad-suite/lib/../share/yosys/ice40/arith_map.v:62.5-70.4
Info:                               /home/vic/Documents/UN/oss-cad-suite/lib/../share/yosys/ice40/abc9_model.v:4.9-4.11
Info:      logic  0.28  10.35 Source ram3.0.0_RADDR_SB_LUT4_O_I3_SB_LUT4_O_I3_SB_CARRY_CI_CO_SB_CARRY_CI_CO_SB_LUT4_I3_LC.COUT
Info:    routing  0.00  10.35 Net ram3.0.0_RADDR_SB_LUT4_O_I3_SB_LUT4_O_I3_SB_CARRY_CI_CO_SB_CARRY_CI_CO_SB_CARRY_CI_CO (8,9) -> (8,9)
Info:                          Sink ram3.0.0_RADDR_SB_LUT4_O_I3_SB_LUT4_O_I3_SB_CARRY_CI_CO_SB_CARRY_CI_CO_SB_CARRY_CI_CO_SB_LUT4_I3_LC.CIN
Info:                          Defined in:
Info:                               femtorv32_quark.v:225.43-226.62
Info:                               /home/vic/Documents/UN/oss-cad-suite/lib/../share/yosys/ice40/arith_map.v:62.5-70.4
Info:                               /home/vic/Documents/UN/oss-cad-suite/lib/../share/yosys/ice40/abc9_model.v:4.9-4.11
Info:      logic  0.28  10.63 Source ram3.0.0_RADDR_SB_LUT4_O_I3_SB_LUT4_O_I3_SB_CARRY_CI_CO_SB_CARRY_CI_CO_SB_CARRY_CI_CO_SB_LUT4_I3_LC.COUT
Info:    routing  0.56  11.19 Net ram3.0.0_RADDR_SB_LUT4_O_I3_SB_LUT4_O_I3_SB_CARRY_CI_CO_SB_CARRY_CI_CO_SB_CARRY_CI_CO_SB_CARRY_CI_CO (8,9) -> (8,10)
Info:                          Sink ram3.0.0_RADDR_SB_LUT4_O_I3_SB_LUT4_O_I3_SB_CARRY_CI_CO_SB_CARRY_CI_CO_SB_CARRY_CI_CO_SB_CARRY_CI_CO_SB_LUT4_I3_LC.CIN
Info:                          Defined in:
Info:                               femtorv32_quark.v:225.43-226.62
Info:                               /home/vic/Documents/UN/oss-cad-suite/lib/../share/yosys/ice40/arith_map.v:62.5-70.4
Info:                               /home/vic/Documents/UN/oss-cad-suite/lib/../share/yosys/ice40/abc9_model.v:4.9-4.11
Info:      logic  0.28  11.46 Source ram3.0.0_RADDR_SB_LUT4_O_I3_SB_LUT4_O_I3_SB_CARRY_CI_CO_SB_CARRY_CI_CO_SB_CARRY_CI_CO_SB_CARRY_CI_CO_SB_LUT4_I3_LC.COUT
Info:    routing  0.00  11.46 Net ram3.0.0_RADDR_SB_LUT4_O_I3_SB_LUT4_O_I3_SB_CARRY_CI_CO_SB_CARRY_CI_CO_SB_CARRY_CI_CO_SB_CARRY_CI_CO_SB_CARRY_CI_CO (8,10) -> (8,10)
Info:                          Sink ram3.0.0_RADDR_SB_LUT4_O_I3_SB_LUT4_O_I3_SB_CARRY_CI_CO_SB_CARRY_CI_CO_SB_CARRY_CI_CO_SB_CARRY_CI_CO_SB_CARRY_CI_CO_SB_LUT4_I3_LC.CIN
Info:                          Defined in:
Info:                               femtorv32_quark.v:225.43-226.62
Info:                               /home/vic/Documents/UN/oss-cad-suite/lib/../share/yosys/ice40/arith_map.v:62.5-70.4
Info:                               /home/vic/Documents/UN/oss-cad-suite/lib/../share/yosys/ice40/abc9_model.v:4.9-4.11
Info:      logic  0.28  11.74 Source ram3.0.0_RADDR_SB_LUT4_O_I3_SB_LUT4_O_I3_SB_CARRY_CI_CO_SB_CARRY_CI_CO_SB_CARRY_CI_CO_SB_CARRY_CI_CO_SB_CARRY_CI_CO_SB_LUT4_I3_LC.COUT
Info:    routing  0.00  11.74 Net ram2.0.0_RDATA_3_SB_LUT4_I3_O_SB_LUT4_O_2_I2_SB_LUT4_O_I3_SB_CARRY_CO_CI_SB_CARRY_CO_CI_SB_CARRY_CO_CI_SB_CARRY_CO_CI_SB_CARRY_CO_CI_SB_CARRY_CO_CI (8,10) -> (8,10)
Info:                          Sink ram2.0.0_RDATA_3_SB_LUT4_I3_O_SB_LUT4_O_2_I2_SB_LUT4_O_I3_SB_CARRY_CO_CI_SB_CARRY_CO_CI_SB_CARRY_CO_CI_SB_CARRY_CO_CI_SB_CARRY_CO_CI_SB_CARRY_CO_CI_SB_LUT4_I3_LC.CIN
Info:                          Defined in:
Info:                               femtorv32_quark.v:225.43-226.62
Info:                               /home/vic/Documents/UN/oss-cad-suite/lib/../share/yosys/ice40/arith_map.v:62.5-70.4
Info:                               /home/vic/Documents/UN/oss-cad-suite/lib/../share/yosys/ice40/abc9_model.v:4.9-4.11
Info:      logic  0.28  12.02 Source ram2.0.0_RDATA_3_SB_LUT4_I3_O_SB_LUT4_O_2_I2_SB_LUT4_O_I3_SB_CARRY_CO_CI_SB_CARRY_CO_CI_SB_CARRY_CO_CI_SB_CARRY_CO_CI_SB_CARRY_CO_CI_SB_CARRY_CO_CI_SB_LUT4_I3_LC.COUT
Info:    routing  0.00  12.02 Net ram2.0.0_RDATA_3_SB_LUT4_I3_O_SB_LUT4_O_2_I2_SB_LUT4_O_I3_SB_CARRY_CO_CI_SB_CARRY_CO_CI_SB_CARRY_CO_CI_SB_CARRY_CO_CI_SB_CARRY_CO_CI (8,10) -> (8,10)
Info:                          Sink ram3.0.0_RADDR_SB_LUT4_O_I3_SB_LUT4_O_I3_SB_CARRY_CI_CO_SB_LUT4_I3_O_SB_LUT4_I3_O_SB_LUT4_O_I3_SB_LUT4_O_LC.CIN
Info:                          Defined in:
Info:                               femtorv32_quark.v:225.43-226.62
Info:                               /home/vic/Documents/UN/oss-cad-suite/lib/../share/yosys/ice40/arith_map.v:62.5-70.4
Info:                               /home/vic/Documents/UN/oss-cad-suite/lib/../share/yosys/ice40/abc9_model.v:4.9-4.11
Info:      logic  0.28  12.30 Source ram3.0.0_RADDR_SB_LUT4_O_I3_SB_LUT4_O_I3_SB_CARRY_CI_CO_SB_LUT4_I3_O_SB_LUT4_I3_O_SB_LUT4_O_I3_SB_LUT4_O_LC.COUT
Info:    routing  0.00  12.30 Net ram2.0.0_RDATA_3_SB_LUT4_I3_O_SB_LUT4_O_2_I2_SB_LUT4_O_I3_SB_CARRY_CO_CI_SB_CARRY_CO_CI_SB_CARRY_CO_CI_SB_CARRY_CO_CI (8,10) -> (8,10)
Info:                          Sink ram2.0.0_RDATA_3_SB_LUT4_I3_O_SB_LUT4_O_2_I2_SB_LUT4_O_I3_SB_CARRY_CO_CI_SB_CARRY_CO_CI_SB_CARRY_CO_CI_SB_CARRY_CO$CARRY.CIN
Info:                          Defined in:
Info:                               femtorv32_quark.v:225.43-226.62
Info:                               /home/vic/Documents/UN/oss-cad-suite/lib/../share/yosys/ice40/arith_map.v:62.5-70.4
Info:                               /home/vic/Documents/UN/oss-cad-suite/lib/../share/yosys/ice40/abc9_model.v:4.9-4.11
Info:      logic  0.28  12.58 Source ram2.0.0_RDATA_3_SB_LUT4_I3_O_SB_LUT4_O_2_I2_SB_LUT4_O_I3_SB_CARRY_CO_CI_SB_CARRY_CO_CI_SB_CARRY_CO_CI_SB_CARRY_CO$CARRY.COUT
Info:    routing  0.00  12.58 Net ram2.0.0_RDATA_3_SB_LUT4_I3_O_SB_LUT4_O_2_I2_SB_LUT4_O_I3_SB_CARRY_CO_CI_SB_CARRY_CO_CI_SB_CARRY_CO_CI (8,10) -> (8,10)
Info:                          Sink ram2.0.0_RDATA_3_SB_LUT4_I3_O_SB_LUT4_O_2_I2_SB_LUT4_O_I3_SB_CARRY_CO_CI_SB_CARRY_CO_CI_SB_CARRY_CO$CARRY.CIN
Info:                          Defined in:
Info:                               femtorv32_quark.v:225.43-226.62
Info:                               /home/vic/Documents/UN/oss-cad-suite/lib/../share/yosys/ice40/arith_map.v:62.5-70.4
Info:                               /home/vic/Documents/UN/oss-cad-suite/lib/../share/yosys/ice40/abc9_model.v:4.9-4.11
Info:      logic  0.28  12.85 Source ram2.0.0_RDATA_3_SB_LUT4_I3_O_SB_LUT4_O_2_I2_SB_LUT4_O_I3_SB_CARRY_CO_CI_SB_CARRY_CO_CI_SB_CARRY_CO$CARRY.COUT
Info:    routing  0.00  12.85 Net ram2.0.0_RDATA_3_SB_LUT4_I3_O_SB_LUT4_O_2_I2_SB_LUT4_O_I3_SB_CARRY_CO_CI_SB_CARRY_CO_CI (8,10) -> (8,10)
Info:                          Sink ram2.0.0_RDATA_3_SB_LUT4_I3_O_SB_LUT4_O_2_I2_SB_LUT4_O_I3_SB_CARRY_CO_CI_SB_CARRY_CO$CARRY.CIN
Info:                          Defined in:
Info:                               femtorv32_quark.v:225.43-226.62
Info:                               /home/vic/Documents/UN/oss-cad-suite/lib/../share/yosys/ice40/arith_map.v:62.5-70.4
Info:                               /home/vic/Documents/UN/oss-cad-suite/lib/../share/yosys/ice40/abc9_model.v:4.9-4.11
Info:      logic  0.28  13.13 Source ram2.0.0_RDATA_3_SB_LUT4_I3_O_SB_LUT4_O_2_I2_SB_LUT4_O_I3_SB_CARRY_CO_CI_SB_CARRY_CO$CARRY.COUT
Info:    routing  0.00  13.13 Net ram2.0.0_RDATA_3_SB_LUT4_I3_O_SB_LUT4_O_2_I2_SB_LUT4_O_I3_SB_CARRY_CO_CI (8,10) -> (8,10)
Info:                          Sink ram2.0.0_RDATA_3_SB_LUT4_I3_O_SB_LUT4_O_2_I2_SB_LUT4_O_I3_SB_CARRY_CO$CARRY.CIN
Info:                          Defined in:
Info:                               femtorv32_quark.v:225.43-226.62
Info:                               /home/vic/Documents/UN/oss-cad-suite/lib/../share/yosys/ice40/arith_map.v:62.5-70.4
Info:                               /home/vic/Documents/UN/oss-cad-suite/lib/../share/yosys/ice40/abc9_model.v:4.9-4.11
Info:      logic  0.28  13.41 Source ram2.0.0_RDATA_3_SB_LUT4_I3_O_SB_LUT4_O_2_I2_SB_LUT4_O_I3_SB_CARRY_CO$CARRY.COUT
Info:    routing  0.56  13.97 Net ram2.0.0_RDATA_3_SB_LUT4_I3_O_SB_LUT4_O_2_I2_SB_LUT4_O_I0[3] (8,10) -> (8,11)
Info:                          Sink ram2.0.0_RDATA_3_SB_LUT4_I3_O_SB_LUT4_O_2_I2_SB_LUT4_O_LC.CIN
Info:                          Defined in:
Info:                               femtorv32_quark.v:225.43-226.62
Info:                               /home/vic/Documents/UN/oss-cad-suite/lib/../share/yosys/ice40/arith_map.v:62.5-70.4
Info:                               /home/vic/Documents/UN/oss-cad-suite/lib/../share/yosys/ice40/abc9_model.v:4.9-4.11
Info:      logic  0.28  14.24 Source ram2.0.0_RDATA_3_SB_LUT4_I3_O_SB_LUT4_O_2_I2_SB_LUT4_O_LC.COUT
Info:    routing  0.66  14.91 Net ram2.0.0_RDATA_3_SB_LUT4_I3_O_SB_LUT4_O_2_I2_SB_LUT4_O_I0_SB_LUT4_O_I3 (8,11) -> (8,11)
Info:                          Sink ram2.0.0_RDATA_3_SB_LUT4_I3_O_SB_LUT4_O_2_I2_SB_LUT4_O_I0_SB_LUT4_O_LC.I3
Info:                          Defined in:
Info:                               femtorv32_quark.v:225.43-226.62
Info:                               /home/vic/Documents/UN/oss-cad-suite/lib/../share/yosys/ice40/arith_map.v:62.5-70.4
Info:                               /home/vic/Documents/UN/oss-cad-suite/lib/../share/yosys/ice40/abc9_model.v:4.9-4.11
Info:      logic  0.87  15.78 Source ram2.0.0_RDATA_3_SB_LUT4_I3_O_SB_LUT4_O_2_I2_SB_LUT4_O_I0_SB_LUT4_O_LC.O
Info:    routing  1.76  17.54 Net ram2.0.0_RDATA_3_SB_LUT4_I3_O_SB_LUT4_O_2_I2_SB_LUT4_O_I0[0] (8,11) -> (8,11)
Info:                          Sink ram2.0.0_RDATA_3_SB_LUT4_I3_O_SB_LUT4_O_2_I2_SB_LUT4_O_LC.I0
Info:                          Defined in:
Info:                               femtorv32_quark.v:225.43-226.62
Info:                               /home/vic/Documents/UN/oss-cad-suite/lib/../share/yosys/ice40/arith_map.v:62.5-70.4
Info:                               /home/vic/Documents/UN/oss-cad-suite/lib/../share/yosys/ice40/cells_map.v:6.21-6.22
Info:      logic  1.28  18.83 Source ram2.0.0_RDATA_3_SB_LUT4_I3_O_SB_LUT4_O_2_I2_SB_LUT4_O_LC.O
Info:    routing  2.99  21.82 Net ram2.0.0_RDATA_3_SB_LUT4_I3_O_SB_LUT4_O_2_I2[3] (8,11) -> (8,16)
Info:                          Sink ram2.0.0_RDATA_3_SB_LUT4_I3_O_SB_LUT4_O_I1_SB_LUT4_I3_O_SB_LUT4_O_LC.I3
Info:                          Defined in:
Info:                               /home/vic/Documents/UN/oss-cad-suite/lib/../share/yosys/ice40/cells_map.v:6.21-6.22
Info:      logic  0.87  22.69 Source ram2.0.0_RDATA_3_SB_LUT4_I3_O_SB_LUT4_O_I1_SB_LUT4_I3_O_SB_LUT4_O_LC.O
Info:    routing  1.76  24.45 Net ram2.0.0_RDATA_3_SB_LUT4_I3_O_SB_LUT4_O_I1_SB_LUT4_I3_O[2] (8,16) -> (8,16)
Info:                          Sink ram2.0.0_RDATA_3_SB_LUT4_I3_O_SB_LUT4_O_I1_SB_LUT4_I3_O_SB_LUT4_I3_LC.I2
Info:                          Defined in:
Info:                               /home/vic/Documents/UN/oss-cad-suite/lib/../share/yosys/ice40/cells_map.v:6.21-6.22
Info:      logic  1.21  25.66 Source ram2.0.0_RDATA_3_SB_LUT4_I3_O_SB_LUT4_O_I1_SB_LUT4_I3_O_SB_LUT4_I3_LC.O
Info:    routing  3.60  29.26 Net ram0.0.0_RDATA[3] (8,16) -> (11,10)
Info:                          Sink ram1.0.0_RDATA_3_SB_LUT4_I2_O_SB_LUT4_O_LC.I3
Info:                          Defined in:
Info:                               /home/vic/Documents/UN/oss-cad-suite/lib/../share/yosys/ice40/cells_map.v:6.21-6.22
Info:      logic  0.87  30.13 Source ram1.0.0_RDATA_3_SB_LUT4_I2_O_SB_LUT4_O_LC.O
Info:    routing  3.06  33.19 Net cfg_done_SB_LUT4_I0_O[3] (11,10) -> (12,14)
Info:                          Sink CPU.instr_SB_DFFE_Q_3_D_SB_LUT4_I2_O_SB_LUT4_I3_I0_SB_LUT4_I2_O_SB_LUT4_O_1_LC.I2
Info:                          Defined in:
Info:                               /home/vic/Documents/UN/oss-cad-suite/lib/../share/yosys/ice40/cells_map.v:6.21-6.22
Info:      logic  1.21  34.39 Source CPU.instr_SB_DFFE_Q_3_D_SB_LUT4_I2_O_SB_LUT4_I3_I0_SB_LUT4_I2_O_SB_LUT4_O_1_LC.O
Info:    routing  1.76  36.15 Net CPU.PC_SB_DFFESR_Q_5_D_SB_LUT4_O_I3_SB_LUT4_O_1_I1_SB_LUT4_I2_O_SB_LUT4_I3_O_SB_LUT4_O_I2[1] (12,14) -> (11,14)
Info:                          Sink CPU.mem_wmask_SB_DFFSR_Q_D_SB_LUT4_O_I3_SB_LUT4_I3_O_SB_LUT4_O_LC.I3
Info:                          Defined in:
Info:                               /home/vic/Documents/UN/oss-cad-suite/lib/../share/yosys/ice40/cells_map.v:6.21-6.22
Info:      logic  0.87  37.03 Source CPU.mem_wmask_SB_DFFSR_Q_D_SB_LUT4_O_I3_SB_LUT4_I3_O_SB_LUT4_O_LC.O
Info:    routing  2.99  40.02 Net CPU.mem_wmask_SB_DFFSR_Q_D_SB_LUT4_O_I3_SB_LUT4_I3_O[2] (11,14) -> (11,5)
Info:                          Sink cfg_done_SB_LUT4_I0_O_SB_LUT4_I2_O_SB_LUT4_O_1_LC.I3
Info:                          Defined in:
Info:                               /home/vic/Documents/UN/oss-cad-suite/lib/../share/yosys/ice40/cells_map.v:6.21-6.22
Info:      logic  0.87  40.89 Source cfg_done_SB_LUT4_I0_O_SB_LUT4_I2_O_SB_LUT4_O_1_LC.O
Info:    routing  2.85  43.74 Net cfg_done_SB_LUT4_I0_O_SB_LUT4_I2_O[3] (11,5) -> (7,5)
Info:                          Sink CPU.PC_SB_DFFESR_Q_7_D_SB_LUT4_O_I3_SB_LUT4_O_1_I3_SB_CARRY_CO_I1_SB_LUT4_I2_O_SB_LUT4_I3_O_SB_LUT4_I3_O_SB_LUT4_I3_O_SB_LUT4_O_LC.I3
Info:                          Defined in:
Info:                               /home/vic/Documents/UN/oss-cad-suite/lib/../share/yosys/ice40/cells_map.v:6.21-6.22
Info:      logic  0.87  44.62 Source CPU.PC_SB_DFFESR_Q_7_D_SB_LUT4_O_I3_SB_LUT4_O_1_I3_SB_CARRY_CO_I1_SB_LUT4_I2_O_SB_LUT4_I3_O_SB_LUT4_I3_O_SB_LUT4_I3_O_SB_LUT4_O_LC.O
Info:    routing  2.30  46.92 Net CPU.PC_SB_DFFESR_Q_7_D_SB_LUT4_O_I3_SB_LUT4_O_1_I3_SB_CARRY_CO_I1_SB_LUT4_I2_O_SB_LUT4_I3_O_SB_LUT4_I3_O_SB_LUT4_I3_O[3] (7,5) -> (4,5)
Info:                          Sink CPU.PC_SB_DFFESR_Q_7_D_SB_LUT4_O_I3_SB_LUT4_O_1_I3_SB_CARRY_CO_I1_SB_LUT4_I2_O_SB_LUT4_I3_O_SB_LUT4_I3_O_SB_LUT4_I3_O_SB_LUT4_I3_LC.I3
Info:                          Defined in:
Info:                               /home/vic/Documents/UN/oss-cad-suite/lib/../share/yosys/ice40/cells_map.v:6.21-6.22
Info:      logic  0.87  47.79 Source CPU.PC_SB_DFFESR_Q_7_D_SB_LUT4_O_I3_SB_LUT4_O_1_I3_SB_CARRY_CO_I1_SB_LUT4_I2_O_SB_LUT4_I3_O_SB_LUT4_I3_O_SB_LUT4_I3_O_SB_LUT4_I3_LC.O
Info:    routing  3.60  51.39 Net CPU.registerFile[8]_SB_DFFNE_Q_31_D (4,5) -> (9,1)
Info:                          Sink CPU.registerFile[13]_SB_DFFNE_Q_31_DFFLC.I0
Info:      setup  1.23  52.63 Source CPU.registerFile[13]_SB_DFFNE_Q_31_DFFLC.I0
Info: 18.23 ns logic, 34.39 ns routing

Info: Critical path report for cross-domain path '<async>' -> '<async>':
Info:       type curr  total name
Info:     source  0.00  0.00 Source clk$sb_io.D_IN_0
Info:    routing  8.68  8.68 Net clk$SB_IO_IN (9,0) -> (13,31)
Info:                          Sink cam_xclk$sb_io.D_OUT_0
Info:                          Defined in:
Info:                               cam_femto_display.v:14.23-14.26
Info: 0.00 ns logic, 8.68 ns routing

Info: Critical path report for cross-domain path '<async>' -> 'posedge cam_pclk$SB_IO_IN_$glb_clk':
Info:       type curr  total name
Info:     source  0.00  0.00 Source cam_href$sb_io.D_IN_0
Info:    routing  6.48  6.48 Net cam_href$SB_IO_IN (16,31) -> (18,8)
Info:                          Sink lb_valid_SB_DFFSR_Q_R_SB_LUT4_O_LC.I2
Info:                          Defined in:
Info:                               /home/vic/Documents/UN/oss-cad-suite/lib/../share/yosys/ice40/cells_map.v:6.21-6.22
Info:      logic  1.21  7.69 Source lb_valid_SB_DFFSR_Q_R_SB_LUT4_O_LC.O
Info:    routing  1.76  9.45 Net lb_valid_SB_DFFSR_Q_R[0] (18,8) -> (18,7)
Info:                          Sink lb_valid_SB_DFFSR_Q_R_SB_LUT4_I2_LC.I2
Info:                          Defined in:
Info:                               /home/vic/Documents/UN/oss-cad-suite/lib/../share/yosys/ice40/cells_map.v:6.21-6.22
Info:      logic  1.21  10.65 Source lb_valid_SB_DFFSR_Q_R_SB_LUT4_I2_LC.O
Info:    routing  4.18  14.84 Net lb_valid_SB_DFFSR_Q_R_SB_LUT4_I2_O (18,7) -> (12,1)
Info:                          Sink lb_pix_SB_DFFE_Q_7_DFFLC.CEN
Info:      setup  0.10  14.94 Source lb_pix_SB_DFFE_Q_7_DFFLC.CEN
Info: 2.51 ns logic, 12.43 ns routing

Info: Critical path report for cross-domain path 'posedge clk$SB_IO_IN_$glb_clk' -> '<async>':
Info:       type curr  total name
Info:   clk-to-q  1.39  1.39 Source cam_scl_SB_LUT4_O_I3_SB_DFFE_Q_D_SB_LUT4_O_LC.O
Info:    routing  6.84  8.23 Net cam_scl_SB_LUT4_O_I3 (20,29) -> (18,3)
Info:                          Sink cam_scl_SB_LUT4_O_LC.I3
Info:                          Defined in:
Info:                               /home/vic/Documents/UN/oss-cad-suite/lib/../share/yosys/ice40/cells_map.v:6.21-6.22
Info:      logic  0.87  9.11 Source cam_scl_SB_LUT4_O_LC.O
Info:    routing  2.41  11.52 Net cam_scl$SB_IO_OUT (18,3) -> (18,0)
Info:                          Sink cam_scl$sb_io.D_OUT_0
Info:                          Defined in:
Info:                               cam_femto_display.v:34.9-34.12
Info: 2.26 ns logic, 9.25 ns routing

Info: Critical path report for cross-domain path 'posedge clk$SB_IO_IN_$glb_clk' -> 'posedge cam_pclk$SB_IO_IN_$glb_clk':
Info:       type curr  total name
Info:   clk-to-q  1.39  1.39 Source PER.thr_hi_SB_DFFESS_Q_DFFLC.O
Info:    routing  3.60  4.99 Net flt_thi[6] (12,8) -> (14,15)
Info:                          Sink thi_m_SB_DFF_Q_1_DFFLC.I0
Info:                          Defined in:
Info:                               cam_femto_display.v:158.16-158.23
Info:      setup  1.23  6.22 Source thi_m_SB_DFF_Q_1_DFFLC.I0
Info: 2.62 ns logic, 3.60 ns routing

Info: Max frequency for clock 'cam_pclk$SB_IO_IN_$glb_clk': 20.67 MHz (PASS at 12.00 MHz)
ERROR: Max frequency for clock      'clk$SB_IO_IN_$glb_clk': 9.50 MHz (FAIL at 12.00 MHz)

Info: Max delay <async>                       -> <async>                           : 8.68 ns
Info: Max delay <async>                       -> posedge cam_pclk$SB_IO_IN_$glb_clk: 14.94 ns
Info: Max delay posedge clk$SB_IO_IN_$glb_clk -> <async>                           : 11.52 ns
Info: Max delay posedge clk$SB_IO_IN_$glb_clk -> posedge cam_pclk$SB_IO_IN_$glb_clk: 6.22 ns

Info: Slack histogram:
Info:  legend: * represents 17 endpoint(s)
Info:          + represents [1,17) endpoint(s)
Info: [-10960,  -6407) |******************************************+
Info: [ -6407,  -1854) |***************+
Info: [ -1854,   2699) | 
Info: [  2699,   7252) | 
Info: [  7252,  11805) | 
Info: [ 11805,  16358) |*****************************+
Info: [ 16358,  20911) |******************+
Info: [ 20911,  25464) |**********+
Info: [ 25464,  30017) |*********+
Info: [ 30017,  34570) | 
Info: [ 34570,  39123) |*******+
Info: [ 39123,  43676) |*******+
Info: [ 43676,  48229) |**+
Info: [ 48229,  52782) |****+
Info: [ 52782,  57335) |**+
Info: [ 57335,  61888) |******+
Info: [ 61888,  66441) |*************+
Info: [ 66441,  70994) |**************+
Info: [ 70994,  75547) |*************************+
Info: [ 75547,  80100) |************************************************************ 
1 warning, 1 error

Info: Program finished normally.
