Warning: No PCF file specified; IO pins will be placed automatically

Info: Packing constants..
Info: Packing IOs..
Info: led_r use by SB_RGBA_DRV/SB_RGB_DRV rgba, not creating SB_IO
Info: led_g use by SB_RGBA_DRV/SB_RGB_DRV rgba, not creating SB_IO
Info: led_b use by SB_RGBA_DRV/SB_RGB_DRV rgba, not creating SB_IO
Info: Packing LUT-FFs..
Info:     3229 LCs used as LUT4 only
Info:      446 LCs used as LUT4 and DFF
Info: Packing non-LUT FFs..
Info:     1484 LCs used as DFF only
Info: Packing carries..
Info:       51 LCs used as CARRY only
Info: Packing indirect carry+LUT pairs...
Info:       18 LUTs merged into carry LCs
Info: Packing RAMs..
Info: Placing PLLs..
Info: Packing special functions..
Info:   constrained SB_RGBA_DRV 'rgba' to X0/Y30/rgba_drv_0
Info: Packing PLLs..
Info: Promoting globals..
Info: promoting clk$SB_IO_IN (fanout 1535)
Info: promoting cam_pclk$SB_IO_IN (fanout 443)
Info: promoting cpu_resetn_SB_LUT4_I3_O [reset] (fanout 111)
Info: promoting $PACKER_VCC_NET [reset] (fanout 32)
Info: promoting dcnt_SB_DFFESR_Q_R[3] [reset] (fanout 21)
Info: promoting px_SB_DFFESR_Q_R [reset] (fanout 17)
Info: promoting LBG.v1 [cen] (fanout 72)
Info: promoting LBS.v1 [cen] (fanout 72)
Info: Constraining chains...
Info:       40 LCs used to legalise carry chains.
Info: Checksum: 0x0a34f64f

Info: Device utilisation:
Info: 	         ICESTORM_LC:    5234/   5280    99%
Info: 	        ICESTORM_RAM:      24/     30    80%
Info: 	               SB_IO:      18/     39    46%
Info: 	               SB_GB:       8/      8   100%
Info: 	        ICESTORM_PLL:       0/      1     0%
Info: 	         SB_WARMBOOT:       0/      1     0%
Info: 	        ICESTORM_DSP:       0/      8     0%
Info: 	      ICESTORM_HFOSC:       0/      1     0%
Info: 	      ICESTORM_LFOSC:       0/      1     0%
Info: 	              SB_I2C:       0/      2     0%
Info: 	              SB_SPI:       0/      2     0%
Info: 	              IO_I3C:       0/      2     0%
Info: 	         SB_LEDDA_IP:       0/      1     0%
Info: 	         SB_RGBA_DRV:       1/      1   100%
Info: 	      ICESTORM_SPRAM:       0/      4     0%

Info: Placed 1 cells based on constraints.
Info: Creating initial analytic placement for 4770 cells, random placement wirelen = 120852.
Info:     at initial placer iter 0, wirelen = 1138
Info:     at initial placer iter 1, wirelen = 1091
Info:     at initial placer iter 2, wirelen = 1047
Info:     at initial placer iter 3, wirelen = 1070
Info: Running main analytical placer, max placement attempts per cell = 3491403.
Info:     at iteration #1, type ALL: wirelen solved = 1133, spread = 30266, legal = 46304; time = 0.67s
Info:     at iteration #2, type ALL: wirelen solved = 1801, spread = 23412, legal = 43845; time = 0.93s
Info:     at iteration #3, type ALL: wirelen solved = 2690, spread = 21757, legal = 41561; time = 0.72s
Info:     at iteration #4, type ALL: wirelen solved = 3648, spread = 18784, legal = 38182; time = 0.42s
Info:     at iteration #5, type ALL: wirelen solved = 4258, spread = 18670, legal = 38859; time = 0.42s
Info:     at iteration #6, type ALL: wirelen solved = 4823, spread = 18438, legal = 38600; time = 0.44s
Info:     at iteration #7, type ALL: wirelen solved = 5002, spread = 17997, legal = 37618; time = 0.42s
Info:     at iteration #8, type ALL: wirelen solved = 5650, spread = 17505, legal = 38630; time = 0.45s
Info:     at iteration #9, type ALL: wirelen solved = 5832, spread = 17507, legal = 36307; time = 0.40s
Info:     at iteration #10, type ALL: wirelen solved = 6146, spread = 17470, legal = 37571; time = 0.42s
Info:     at iteration #11, type ALL: wirelen solved = 6577, spread = 17144, legal = 38210; time = 0.40s
Info:     at iteration #12, type ALL: wirelen solved = 6846, spread = 16889, legal = 35640; time = 0.40s
Info:     at iteration #13, type ALL: wirelen solved = 7145, spread = 16876, legal = 37633; time = 0.46s
Info:     at iteration #14, type ALL: wirelen solved = 7692, spread = 16974, legal = 37186; time = 0.42s
Info:     at iteration #15, type ALL: wirelen solved = 7694, spread = 16944, legal = 36949; time = 0.44s
Info:     at iteration #16, type ALL: wirelen solved = 7859, spread = 16764, legal = 37401; time = 0.41s
Info:     at iteration #17, type ALL: wirelen solved = 8377, spread = 16301, legal = 36750; time = 0.46s
Info: HeAP Placer Time: 8.96s
Info:   of which solving equations: 1.31s
Info:   of which spreading cells: 0.16s
Info:   of which strict legalisation: 7.13s

Info: Running simulated annealing placer for refinement.
Info:   at iteration #1: temp = 0.000000, timing cost = 8946, wirelen = 35640
Info:   at iteration #5: temp = 0.000000, timing cost = 10191, wirelen = 29379
Info:   at iteration #10: temp = 0.000000, timing cost = 10344, wirelen = 27661
Info:   at iteration #15: temp = 0.000000, timing cost = 10104, wirelen = 26835
Info:   at iteration #20: temp = 0.000000, timing cost = 10018, wirelen = 26257
Info:   at iteration #25: temp = 0.000000, timing cost = 9937, wirelen = 26090
Info:   at iteration #30: temp = 0.000000, timing cost = 9868, wirelen = 26002
Info:   at iteration #32: temp = 0.000000, timing cost = 9792, wirelen = 25986 
Info: SA placement time 4.08s

Info: Max frequency for clock 'cam_pclk$SB_IO_IN_$glb_clk': 17.91 MHz (PASS at 12.00 MHz)
Info: Max frequency for clock      'clk$SB_IO_IN_$glb_clk': 9.62 MHz (FAIL at 12.00 MHz)

Info: Max delay <async>                       -> <async>                           : 7.09 ns
Info: Max delay <async>                       -> posedge cam_pclk$SB_IO_IN_$glb_clk: 10.35 ns
Info: Max delay posedge clk$SB_IO_IN_$glb_clk -> <async>                           : 10.83 ns
Info: Max delay posedge clk$SB_IO_IN_$glb_clk -> posedge cam_pclk$SB_IO_IN_$glb_clk: 6.32 ns

Info: Slack histogram:
Info:  legend: * represents 21 endpoint(s)
Info:          + represents [1,21) endpoint(s)
Info: [-14878, -10116) |**+
Info: [-10116,  -5354) |**************************************+
Info: [ -5354,   -592) |*******+
Info: [  -592,   4170) | 
Info: [  4170,   8932) |+
Info: [  8932,  13694) |*********+
Info: [ 13694,  18456) |************************+
Info: [ 18456,  23218) |**************+
Info: [ 23218,  27980) |*****+
Info: [ 27980,  32742) |+
Info: [ 32742,  37504) |***+
Info: [ 37504,  42266) |******+
Info: [ 42266,  47028) |***+
Info: [ 47028,  51790) |****+
Info: [ 51790,  56552) |**+
Info: [ 56552,  61314) |********+
Info: [ 61314,  66076) |*************+
Info: [ 66076,  70838) |**************+
Info: [ 70838,  75600) |***************************+
Info: [ 75600,  80362) |************************************************************ 
Info: Checksum: 0xe6e59246

Info: Routing..
Info: Setting up routing queue.
Info: Routing 16184 arcs.
Info:            |   (re-)routed arcs  |   delta    | remaining|       time spent     |
Info:    IterCnt |  w/ripup   wo/ripup |  w/r  wo/r |      arcs| batch(sec) total(sec)|
Info:       1000 |       55        944 |   55   944 |     15417|       0.71       0.71|
Info:       2000 |      113       1886 |   58   942 |     14755|       0.41       1.11|
Info:       3000 |      160       2839 |   47   953 |     14071|       0.27       1.38|
Info:       4000 |      270       3729 |  110   890 |     13326|       0.27       1.65|
Info:       5000 |      427       4572 |  157   843 |     12756|       0.40       2.05|
Info:       6000 |      618       5381 |  191   809 |     12290|       0.30       2.35|
Info:       7000 |      753       6246 |  135   865 |     12064|       0.32       2.67|
Info:       8000 |      940       7059 |  187   813 |     11792|       0.39       3.06|
Info:       9000 |     1216       7783 |  276   724 |     11485|       0.34       3.39|
Info:      10000 |     1497       8502 |  281   719 |     11227|       0.41       3.80|
Info:      11000 |     1779       9220 |  282   718 |     11060|       0.55       4.35|
Info:      12000 |     2030       9969 |  251   749 |     11003|       0.43       4.78|
Info:      13000 |     2386      10613 |  356   644 |     10891|       0.40       5.18|
Info:      14000 |     2755      11244 |  369   631 |     10748|       0.37       5.55|
Info:      15000 |     3122      11877 |  367   633 |     10646|       0.41       5.96|
Info:      16000 |     3442      12557 |  320   680 |     10534|       0.50       6.46|
Info:      17000 |     3881      13118 |  439   561 |     10445|       0.45       6.91|
Info:      18000 |     4269      13730 |  388   612 |     10400|       0.51       7.42|
Info:      19000 |     4640      14359 |  371   629 |     10309|       0.49       7.91|
Info:      20000 |     4987      15012 |  347   653 |     10280|       0.47       8.38|
Info:      21000 |     5367      15632 |  380   620 |     10237|       0.45       8.83|
Info:      22000 |     5741      16258 |  374   626 |     10175|       0.48       9.31|
Info:      23000 |     6179      16820 |  438   562 |     10120|       0.49       9.80|
Info:      24000 |     6570      17429 |  391   609 |     10106|       0.47      10.27|
Info:      25000 |     7013      17986 |  443   557 |     10050|       0.55      10.83|
Info:      26000 |     7389      18610 |  376   624 |     10027|       0.51      11.34|
Info:      27000 |     7700      19299 |  311   689 |     10039|       0.47      11.81|
Info:      28000 |     8141      19858 |  441   559 |      9942|       0.51      12.33|
Info:      29000 |     8609      20390 |  468   532 |      9922|       0.50      12.83|
Info:      30000 |     9031      20968 |  422   578 |      9860|       0.54      13.37|
Info:      31000 |     9531      21468 |  500   500 |      9768|       0.44      13.82|
Info:      32000 |     9895      22104 |  364   636 |      9773|       0.45      14.27|
Info:      33000 |    10446      22553 |  551   449 |      9745|       0.52      14.79|
Info:      34000 |    10792      23207 |  346   654 |      9690|       0.56      15.35|
Info:      35000 |    11136      23863 |  344   656 |      9665|       0.52      15.87|
Info:      36000 |    11558      24441 |  422   578 |      9625|       0.48      16.34|
Info:      37000 |    11995      25004 |  437   563 |      9550|       0.57      16.92|
Info:      38000 |    12451      25548 |  456   544 |      9516|       0.51      17.43|
Info:      39000 |    12947      26052 |  496   504 |      9493|       0.55      17.98|
Info:      40000 |    13319      26680 |  372   628 |      9449|       0.41      18.39|
Info:      41000 |    13678      27321 |  359   641 |      9384|       0.46      18.85|
Info:      42000 |    14142      27857 |  464   536 |      9377|       0.45      19.31|
Info:      43000 |    14592      28407 |  450   550 |      9384|       0.55      19.86|
Info:      44000 |    15028      28971 |  436   564 |      9334|       0.43      20.29|
Info:      45000 |    15529      29470 |  501   499 |      9309|       0.51      20.80|
Info:      46000 |    16025      29974 |  496   504 |      9286|       0.56      21.36|
Info:      47000 |    16402      30597 |  377   623 |      9258|       0.62      21.98|
Info:      48000 |    16848      31151 |  446   554 |      9236|       0.45      22.43|
Info:      49000 |    17389      31610 |  541   459 |      9179|       0.45      22.88|
Info:      50000 |    17868      32131 |  479   521 |      9155|       0.60      23.48|
Info:      51000 |    18302      32697 |  434   566 |      9120|       0.60      24.07|
Info:      52000 |    18771      33204 |  469   507 |      9001|       0.44      24.51|
Info:      53000 |    19276      33697 |  505   493 |      8952|       0.51      25.01|
Info:      54000 |    19758      34200 |  482   503 |      8874|       0.53      25.54|
Info:      55000 |    20194      34764 |  436   564 |      8854|       0.41      25.96|
Info:      56000 |    20696      35262 |  502   498 |      8815|       0.43      26.39|
Info:      57000 |    21235      35709 |  539   447 |      8661|       0.51      26.90|
Info:      58000 |    21636      36305 |  401   596 |      8655|       0.41      27.31|
Info:      59000 |    21988      36953 |  352   648 |      8584|       0.44      27.76|
Info:      60000 |    22433      37508 |  445   555 |      8592|       0.50      28.26|
Info:      61000 |    22983      37958 |  550   450 |      8562|       0.58      28.84|
Info:      62000 |    23403      38536 |  420   578 |      8534|       0.67      29.51|
Info:      63000 |    23860      39070 |  457   534 |      8408|       0.44      29.95|
Info:      64000 |    24182      39748 |  322   678 |      8395|       0.54      30.50|
Info:      65000 |    24663      40267 |  481   519 |      8247|       0.42      30.92|
Info:      66000 |    25105      40808 |  442   541 |      8158|       0.45      31.37|
Info:      67000 |    25623      41283 |  518   475 |      8068|       0.45      31.82|
Info:      68000 |    26128      41763 |  505   480 |      7901|       0.81      32.63|
Info:      69000 |    26643      42245 |  515   482 |      7791|       0.46      33.09|
Info:      70000 |    27198      42689 |  555   444 |      7663|       0.46      33.55|
Info:      71000 |    27768      43119 |  570   430 |      7567|       0.43      33.98|
Info:      72000 |    28259      43626 |  491   507 |      7429|       0.46      34.44|
Info:      73000 |    28738      44147 |  479   521 |      7432|       0.52      34.95|
Info:      74000 |    29264      44621 |  526   474 |      7341|       0.50      35.45|
Info:      75000 |    29831      45052 |  567   431 |      7158|       0.39      35.84|
Info:      76000 |    30297      45586 |  466   534 |      7047|       0.36      36.20|
Info:      77000 |    30863      46014 |  566   428 |      6948|       0.43      36.63|
Info:      78000 |    31432      46445 |  569   431 |      6835|       0.39      37.02|
Info:      79000 |    32001      46876 |  569   431 |      6727|       0.53      37.56|
Info:      80000 |    32616      47261 |  615   385 |      6644|       0.43      37.98|
Info:      81000 |    33230      47647 |  614   386 |      6633|       0.52      38.50|
Info:      82000 |    33836      48041 |  606   394 |      6645|       0.50      39.00|
Info:      83000 |    34353      48518 |  517   477 |      6550|       0.47      39.47|
Info:      84000 |    34860      49002 |  507   484 |      6505|       0.41      39.88|
Info:      85000 |    35399      49442 |  539   440 |      6382|       0.40      40.28|
Info:      86000 |    35867      49970 |  468   528 |      6274|       0.40      40.68|
Info:      87000 |    36421      50416 |  554   446 |      6261|       0.36      41.04|
Info:      88000 |    36984      50850 |  563   434 |      6115|       0.42      41.46|
Info:      89000 |    37559      51272 |  575   422 |      6062|       0.46      41.92|
Info:      90000 |    38107      51719 |  548   447 |      6000|       0.56      42.48|
Info:      91000 |    38574      52251 |  467   532 |      5979|       0.47      42.95|
Info:      92000 |    39194      52630 |  620   379 |      5949|       0.63      43.58|
Info:      93000 |    39798      53026 |  604   396 |      5906|       0.54      44.13|
Info:      94000 |    40408      53415 |  610   389 |      5880|       0.65      44.77|
Info:      95000 |    40845      53978 |  437   563 |      5839|       0.75      45.52|
Info:      96000 |    41463      54359 |  618   381 |      5779|       0.43      45.95|
Info:      97000 |    41965      54856 |  502   497 |      5745|       0.38      46.33|
Info:      98000 |    42571      55249 |  606   393 |      5666|       0.45      46.77|
Info:      99000 |    43147      55673 |  576   424 |      5666|       0.47      47.24|
Info:     100000 |    43765      56055 |  618   382 |      5601|       0.51      47.74|
Info:     101000 |    44291      56516 |  526   461 |      5524|       0.49      48.23|
Info:     102000 |    44871      56936 |  580   420 |      5511|       0.68      48.91|
Info:     103000 |    45429      57378 |  558   442 |      5558|       0.57      49.48|
Info:     104000 |    45876      57931 |  447   553 |      5496|       0.61      50.09|
Info:     105000 |    46443      58364 |  567   433 |      5470|       0.68      50.77|
Info:     106000 |    46955      58845 |  512   481 |      5364|       0.86      51.63|
Info:     107000 |    47523      59277 |  568   432 |      5303|       0.63      52.26|
Info:     108000 |    48034      59766 |  511   489 |      5241|       0.75      53.02|
Info:     109000 |    48420      60380 |  386   614 |      5238|       0.49      53.50|
Info:     110000 |    48967      60833 |  547   453 |      5239|       0.58      54.08|
Info:     111000 |    49618      61182 |  651   349 |      5216|       0.67      54.75|
Info:     112000 |    50190      61610 |  572   428 |      5250|       0.65      55.40|
Info:     113000 |    50771      62029 |  581   419 |      5212|       0.68      56.07|
Info:     114000 |    51330      62470 |  559   441 |      5143|       0.70      56.78|
Info:     115000 |    51819      62981 |  489   511 |      5126|       0.45      57.22|
Info:     116000 |    52386      63414 |  567   433 |      5033|       0.60      57.82|
Info:     117000 |    53075      63725 |  689   311 |      5048|       0.74      58.56|
Info:     118000 |    53707      64093 |  632   368 |      4952|       0.59      59.14|
Info:     119000 |    54326      64474 |  619   381 |      4867|       0.51      59.66|
Info:     120000 |    54876      64920 |  550   446 |      4810|       0.58      60.23|
Info:     121000 |    55426      65353 |  550   433 |      4737|       0.54      60.77|
Info:     122000 |    55953      65826 |  527   473 |      4704|       0.45      61.22|
Info:     123000 |    56619      66160 |  666   334 |      4683|       0.62      61.84|
Info:     124000 |    57222      66557 |  603   397 |      4565|       0.53      62.37|
Info:     125000 |    57795      66984 |  573   427 |      4513|       0.45      62.82|
Info:     126000 |    58390      67389 |  595   405 |      4470|       0.52      63.35|
Info:     127000 |    59001      67778 |  611   389 |      4407|       0.59      63.94|
Info:     128000 |    59707      68072 |  706   294 |      4354|       0.68      64.61|
Info:     129000 |    60256      68522 |  549   450 |      4341|       0.79      65.40|
Info:     130000 |    60816      68961 |  560   439 |      4218|       0.56      65.96|
Info:     131000 |    61397      69380 |  581   419 |      4185|       0.69      66.65|
Info:     132000 |    61988      69789 |  591   409 |      4165|       0.76      67.41|
Info:     133000 |    62596      70181 |  608   392 |      4061|       0.64      68.05|
Info:     134000 |    63220      70550 |  624   369 |      3950|       0.94      68.99|
Info:     135000 |    63834      70936 |  614   386 |      3964|       0.55      69.54|
Info:     136000 |    64388      71381 |  554   445 |      3878|       0.93      70.46|
Info:     137000 |    65096      71673 |  708   292 |      3873|       1.08      71.54|
Info:     138000 |    65643      72126 |  547   453 |      3879|       0.58      72.12|
Info:     139000 |    66222      72547 |  579   421 |      3780|       0.97      73.09|
Info:     140000 |    66797      72971 |  575   424 |      3670|       0.65      73.74|
Info:     141000 |    67455      73313 |  658   342 |      3584|       0.78      74.52|
Info:     142000 |    68107      73661 |  652   348 |      3532|       0.67      75.19|
Info:     143000 |    68755      74013 |  648   352 |      3450|       0.76      75.95|
Info:     144000 |    69369      74399 |  614   386 |      3380|       0.66      76.61|
Info:     145000 |    69953      74815 |  584   416 |      3315|       1.17      77.78|
Info:     146000 |    70540      75228 |  587   413 |      3280|       1.63      79.40|
Info:     147000 |    71107      75661 |  567   433 |      3298|       0.95      80.36|
Info:     148000 |    71703      76065 |  596   404 |      3305|       0.69      81.05|
Info:     149000 |    72321      76447 |  618   382 |      3265|       0.96      82.01|
Info:     150000 |    72887      76881 |  566   434 |      3172|       0.85      82.86|
Info:     151000 |    73508      77260 |  621   379 |      3110|       0.98      83.83|
Info:     152000 |    74137      77631 |  629   371 |      3138|       0.73      84.56|
Info:     153000 |    74748      78020 |  611   389 |      3113|       0.88      85.44|
Info:     154000 |    75321      78447 |  573   427 |      3113|       0.78      86.22|
Info:     155000 |    75935      78833 |  614   386 |      3076|       0.89      87.11|
Info:     156000 |    76551      79217 |  616   384 |      2984|       0.65      87.76|
Info:     157000 |    77119      79649 |  568   432 |      2910|       1.03      88.79|
Info:     158000 |    77761      79980 |  642   331 |      2858|       0.73      89.52|
Info:     159000 |    78438      80303 |  677   323 |      2803|       0.74      90.26|
Info:     160000 |    79015      80726 |  577   423 |      2831|       2.30      92.56|
Info:     161000 |    79618      81123 |  603   397 |      2766|       0.78      93.34|
Info:     162000 |    80296      81445 |  678   322 |      2744|       1.48      94.82|
Info:     163000 |    80878      81863 |  582   418 |      2648|       0.93      95.75|
Info:     164000 |    81570      82171 |  692   308 |      2678|       0.86      96.62|
Info:     165000 |    82147      82594 |  577   423 |      2693|       0.53      97.15|
Info:     166000 |    82792      82949 |  645   355 |      2685|       1.36      98.51|
Info:     167000 |    83458      83283 |  666   334 |      2665|       1.51     100.02|
Info:     168000 |    84037      83680 |  579   397 |      2529|       1.07     101.10|
Info:     169000 |    84599      84118 |  562   438 |      2520|       0.61     101.71|
Info:     170000 |    85244      84457 |  645   339 |      2481|       0.83     102.54|
Info:     171000 |    85859      84842 |  615   385 |      2434|       0.58     103.12|
Info:     172000 |    86386      85315 |  527   473 |      2392|       0.67     103.79|
Info:     173000 |    86939      85745 |  553   430 |      2315|       1.06     104.85|
Info:     174000 |    87603      86064 |  664   319 |      2265|       1.63     106.47|
Info:     175000 |    88221      86446 |  618   382 |      2193|       1.21     107.69|
Info:     176000 |    88691      86976 |  470   530 |      2191|       0.67     108.36|
Info:     177000 |    89359      87308 |  668   332 |      2113|       0.90     109.26|
Info:     178000 |    89994      87659 |  635   351 |      2051|       0.68     109.93|
Info:     179000 |    90576      88077 |  582   418 |      1992|       1.32     111.25|
Info:     180000 |    91132      88520 |  556   443 |      1895|       0.68     111.93|
Info:     181000 |    91783      88869 |  651   349 |      1843|       0.65     112.58|
Info:     182000 |    92418      89234 |  635   365 |      1833|       1.04     113.62|
Info:     183000 |    93080      89572 |  662   338 |      1773|       0.75     114.37|
Info:     184000 |    93651      90001 |  571   429 |      1654|       0.97     115.34|
Info:     185000 |    94143      90491 |  492   490 |      1591|       0.81     116.16|
Info:     186000 |    94827      90807 |  684   316 |      1588|       0.89     117.04|
Info:     187000 |    95518      91116 |  691   309 |      1563|       0.65     117.69|
Info:     188000 |    96144      91490 |  626   374 |      1612|       0.72     118.41|
Info:     189000 |    96711      91917 |  567   427 |      1500|       0.92     119.33|
Info:     190000 |    97415      92206 |  704   289 |      1484|       0.98     120.32|
Info:     191000 |    98012      92608 |  597   402 |      1428|       0.80     121.11|
Info:     192000 |    98637      92983 |  625   375 |      1408|       0.47     121.59|
Info:     193000 |    99220      93369 |  583   386 |      1304|       0.89     122.47|
Info:     194000 |    99703      93880 |  483   511 |       989|       0.64     123.11|
Info:     195000 |   100078      94503 |  375   623 |       513|       1.84     124.95|
Info:     196000 |   100713      94868 |  635   365 |       427|       0.76     125.71|
Info:     197000 |   101262      95318 |  549   450 |       224|       1.56     127.27|
Info:     198000 |   101840      95740 |  578   422 |       151|       1.53     128.80|
Info:     199000 |   102476      96103 |  636   363 |        84|       1.45     130.25|
Info:     200000 |   103071      96508 |  595   405 |        63|       2.46     132.71|
Info:     201000 |   103695      96884 |  624   376 |        36|       1.08     133.79|
Info:     201884 |   104254      97210 |  559   326 |         0|       1.12     134.91|
Info: Routing complete.
Info: Router1 time 134.91s
Info: Checksum: 0x76b30d7b

Info: Critical path report for clock 'cam_pclk$SB_IO_IN_$glb_clk' (posedge -> posedge):
Info:       type curr  total name
Info:   clk-to-q  1.39  1.39 Source LBS.w00_SB_DFFE_Q_2_DFFLC.O
Info:    routing  3.49  4.89 Net sw00[0] (23,11) -> (18,12)
Info:                          Sink LBC.cur_SB_DFFESR_Q_D_SB_LUT4_O_I3_SB_LUT4_O_I3_SB_LUT4_O_1_I3_SB_LUT4_O_I3_SB_LUT4_O_I2_SB_LUT4_O_I2_SB_LUT4_O_I2_SB_LUT4_O_1_I3_SB_CARRY_CO_I0_SB_LUT4_O_I2_SB_LUT4_O_1_LC.I3
Info:                          Defined in:
Info:                               cam_femto_multi.v:232.16-232.20
Info:      logic  0.87  5.76 Source LBC.cur_SB_DFFESR_Q_D_SB_LUT4_O_I3_SB_LUT4_O_I3_SB_LUT4_O_1_I3_SB_LUT4_O_I3_SB_LUT4_O_I2_SB_LUT4_O_I2_SB_LUT4_O_I2_SB_LUT4_O_1_I3_SB_CARRY_CO_I0_SB_LUT4_O_I2_SB_LUT4_O_1_LC.O
Info:    routing  2.95  8.71 Net LBC.cur_SB_DFFESR_Q_D_SB_LUT4_O_I3_SB_LUT4_O_I3_SB_LUT4_O_1_I3_SB_LUT4_O_I3_SB_LUT4_O_I2_SB_LUT4_O_I2_SB_LUT4_O_I2_SB_LUT4_O_1_I3_SB_CARRY_CO_I0_SB_LUT4_O_I2[2] (18,12) -> (21,13)
Info:                          Sink LBC.cur_SB_DFFESR_Q_D_SB_LUT4_O_I3_SB_LUT4_O_I3_SB_LUT4_O_1_I3_SB_LUT4_O_I3_SB_LUT4_O_I2_SB_LUT4_O_I2_SB_LUT4_O_I2_SB_LUT4_O_1_I3_SB_CARRY_CO_I0_SB_LUT4_O_LC.I2
Info:                          Defined in:
Info:                               /home/vic/Documents/UN/oss-cad-suite/lib/../share/yosys/ice40/arith_map.v:62.5-70.4
Info:                               /home/vic/Documents/UN/oss-cad-suite/lib/../share/yosys/ice40/cells_map.v:6.21-6.22
Info:      logic  0.61  9.32 Source LBC.cur_SB_DFFESR_Q_D_SB_LUT4_O_I3_SB_LUT4_O_I3_SB_LUT4_O_1_I3_SB_LUT4_O_I3_SB_LUT4_O_I2_SB_LUT4_O_I2_SB_LUT4_O_I2_SB_LUT4_O_1_I3_SB_CARRY_CO_I0_SB_LUT4_O_LC.COUT
Info:    routing  0.00  9.32 Net LBC.cur_SB_DFFESR_Q_D_SB_LUT4_O_I3_SB_LUT4_O_I3_SB_LUT4_O_1_I3_SB_LUT4_O_I3_SB_LUT4_O_I2_SB_LUT4_O_I2_SB_LUT4_O_I2_SB_LUT4_O_1_I1_SB_LUT4_O_I2[3] (21,13) -> (21,13)
Info:                          Sink LBC.cur_SB_DFFESR_Q_D_SB_LUT4_O_I3_SB_LUT4_O_I3_SB_LUT4_O_1_I3_SB_LUT4_O_I3_SB_LUT4_O_I2_SB_LUT4_O_I2_SB_LUT4_O_I2_SB_LUT4_O_1_I1_SB_LUT4_O_LC.CIN
Info:                          Defined in:
Info:                               /home/vic/Documents/UN/oss-cad-suite/lib/../share/yosys/ice40/arith_map.v:62.5-70.4
Info:                               /home/vic/Documents/UN/oss-cad-suite/lib/../share/yosys/ice40/abc9_model.v:4.9-4.11
Info:      logic  0.28  9.60 Source LBC.cur_SB_DFFESR_Q_D_SB_LUT4_O_I3_SB_LUT4_O_I3_SB_LUT4_O_1_I3_SB_LUT4_O_I3_SB_LUT4_O_I2_SB_LUT4_O_I2_SB_LUT4_O_I2_SB_LUT4_O_1_I1_SB_LUT4_O_LC.COUT
Info:    routing  0.00  9.60 Net LBC.cur_SB_DFFESR_Q_D_SB_LUT4_O_I3_SB_LUT4_O_I3_SB_LUT4_O_1_I3_SB_LUT4_O_I3_SB_LUT4_O_I2_SB_LUT4_O_I3_SB_CARRY_CI_CO_SB_CARRY_CI_CO_SB_CARRY_CI_CO_SB_CARRY_CI_CO_SB_CARRY_CI_CO_SB_CARRY_CI_CO_SB_CARRY_CI_CO_SB_CARRY_CI_CO_SB_LUT4_I3_I2_SB_LUT4_O_I2_SB_LUT4_O_I3_SB_LUT4_O_I1_SB_CARRY_CO_CI_SB_CARRY_CO_CI_SB_CARRY_CO_CI_SB_CARRY_CO_CI_SB_CARRY_CO_CI_SB_CARRY_CO_CI (21,13) -> (21,13)
Info:                          Sink LBC.cur_SB_DFFESR_Q_D_SB_LUT4_O_I3_SB_LUT4_O_I3_SB_LUT4_O_1_I3_SB_LUT4_O_I3_SB_LUT4_O_I2_SB_LUT4_O_I3_SB_CARRY_CI_CO_SB_LUT4_I3_I2_SB_LUT4_O_I2_SB_LUT4_O_1_I1_SB_LUT4_O_LC.CIN
Info:                          Defined in:
Info:                               /home/vic/Documents/UN/oss-cad-suite/lib/../share/yosys/ice40/arith_map.v:62.5-70.4
Info:                               /home/vic/Documents/UN/oss-cad-suite/lib/../share/yosys/ice40/cells_map.v:6.21-6.22
Info:      logic  0.28  9.88 Source LBC.cur_SB_DFFESR_Q_D_SB_LUT4_O_I3_SB_LUT4_O_I3_SB_LUT4_O_1_I3_SB_LUT4_O_I3_SB_LUT4_O_I2_SB_LUT4_O_I3_SB_CARRY_CI_CO_SB_LUT4_I3_I2_SB_LUT4_O_I2_SB_LUT4_O_1_I1_SB_LUT4_O_LC.COUT
Info:    routing  0.66  10.54 Net LBC.cur_SB_DFFESR_Q_D_SB_LUT4_O_I3_SB_LUT4_O_I3_SB_LUT4_O_1_I3_SB_LUT4_O_I3_SB_LUT4_O_I2_SB_LUT4_O_I3_SB_CARRY_CI_CO_SB_CARRY_CI_CO_SB_CARRY_CI_CO_SB_CARRY_CI_CO_SB_CARRY_CI_CO_SB_CARRY_CI_CO_SB_CARRY_CI_CO_SB_CARRY_CI_CO_SB_LUT4_I3_I2_SB_LUT4_O_I2_SB_LUT4_O_I3_SB_LUT4_O_I1_SB_CARRY_CO_CI_SB_CARRY_CO_CI_SB_CARRY_CO_CI_SB_CARRY_CO_CI_SB_CARRY_CO_CI (21,13) -> (21,13)
Info:                          Sink LBC.cur_SB_DFFESR_Q_D_SB_LUT4_O_I3_SB_LUT4_O_I3_SB_LUT4_O_1_I3_SB_LUT4_O_I3_SB_LUT4_O_I2_SB_LUT4_O_I3_SB_CARRY_CI_CO_SB_CARRY_CI_CO_SB_CARRY_CI_CO_SB_CARRY_CI_CO_SB_CARRY_CI_CO_SB_CARRY_CI_CO_SB_CARRY_CI_CO_SB_CARRY_CI_CO_SB_LUT4_I3_I2_SB_LUT4_O_I2_SB_LUT4_O_I3_SB_LUT4_O_I1_SB_CARRY_CO_CI_SB_CARRY_CO_CI_SB_CARRY_CO_CI_SB_CARRY_CO_CI_SB_CARRY_CO_CI_SB_LUT4_I3_LC.I3
Info:                          Defined in:
Info:                               /home/vic/Documents/UN/oss-cad-suite/lib/../share/yosys/ice40/arith_map.v:62.5-70.4
Info:                               /home/vic/Documents/UN/oss-cad-suite/lib/../share/yosys/ice40/cells_map.v:6.21-6.22
Info:      logic  0.87  11.41 Source LBC.cur_SB_DFFESR_Q_D_SB_LUT4_O_I3_SB_LUT4_O_I3_SB_LUT4_O_1_I3_SB_LUT4_O_I3_SB_LUT4_O_I2_SB_LUT4_O_I3_SB_CARRY_CI_CO_SB_CARRY_CI_CO_SB_CARRY_CI_CO_SB_CARRY_CI_CO_SB_CARRY_CI_CO_SB_CARRY_CI_CO_SB_CARRY_CI_CO_SB_CARRY_CI_CO_SB_LUT4_I3_I2_SB_LUT4_O_I2_SB_LUT4_O_I3_SB_LUT4_O_I1_SB_CARRY_CO_CI_SB_CARRY_CO_CI_SB_CARRY_CO_CI_SB_CARRY_CO_CI_SB_CARRY_CO_CI_SB_LUT4_I3_LC.O
Info:    routing  3.06  14.47 Net LBC.cur_SB_DFFESR_Q_D_SB_LUT4_O_I3_SB_LUT4_O_I3_SB_LUT4_O_1_I3_SB_LUT4_O_I3_SB_LUT4_O_I2_SB_LUT4_O_I3_SB_CARRY_CI_CO_SB_CARRY_CI_CO_SB_CARRY_CI_CO_SB_CARRY_CI_CO_SB_CARRY_CI_CO_SB_CARRY_CI_CO_SB_CARRY_CI_CO_SB_CARRY_CI_CO_SB_LUT4_I3_I2_SB_LUT4_O_I2_SB_LUT4_O_I3_SB_LUT4_O_I3_SB_LUT4_O_I3_SB_LUT4_O_I3_SB_LUT4_O_I3[0] (21,13) -> (20,8)
Info:                          Sink LBC.cur_SB_DFFESR_Q_D_SB_LUT4_O_I3_SB_LUT4_O_I3_SB_LUT4_O_1_I3_SB_LUT4_O_I3_SB_LUT4_O_I2_SB_LUT4_O_I3_SB_CARRY_CI_CO_SB_CARRY_CI_CO_SB_LUT4_I3_I2_SB_LUT4_O_I2_SB_LUT4_O_1_I2_SB_LUT4_O_LC.I3
Info:                          Defined in:
Info:                               cam_femto_multi.v:237.79-237.86
Info:                               /home/vic/Documents/UN/oss-cad-suite/lib/../share/yosys/ice40/arith_map.v:62.5-70.4
Info:                               /home/vic/Documents/UN/oss-cad-suite/lib/../share/yosys/ice40/cells_map.v:6.21-6.22
Info:      logic  0.87  15.34 Source LBC.cur_SB_DFFESR_Q_D_SB_LUT4_O_I3_SB_LUT4_O_I3_SB_LUT4_O_1_I3_SB_LUT4_O_I3_SB_LUT4_O_I2_SB_LUT4_O_I3_SB_CARRY_CI_CO_SB_CARRY_CI_CO_SB_LUT4_I3_I2_SB_LUT4_O_I2_SB_LUT4_O_1_I2_SB_LUT4_O_LC.O
Info:    routing  2.41  17.75 Net LBC.cur_SB_DFFESR_Q_D_SB_LUT4_O_I3_SB_LUT4_O_I3_SB_LUT4_O_1_I3_SB_LUT4_O_I3_SB_LUT4_O_I2_SB_LUT4_O_I3_SB_CARRY_CI_CO_SB_CARRY_CI_CO_SB_LUT4_I3_I2_SB_LUT4_O_I2_SB_LUT4_O_1_I2[2] (20,8) -> (20,10)
Info:                          Sink LBC.cur_SB_DFFESR_Q_D_SB_LUT4_O_I3_SB_LUT4_O_I3_SB_LUT4_O_1_I3_SB_LUT4_O_I3_SB_LUT4_O_I2_SB_LUT4_O_I3_SB_CARRY_CI_CO_SB_CARRY_CI_CO_SB_LUT4_I3_I2_SB_LUT4_O_I2_SB_LUT4_O_1_LC.I2
Info:                          Defined in:
Info:                               cam_femto_multi.v:237.69-237.76
Info:                               /home/vic/Documents/UN/oss-cad-suite/lib/../share/yosys/ice40/arith_map.v:62.5-70.4
Info:                               /home/vic/Documents/UN/oss-cad-suite/lib/../share/yosys/ice40/cells_map.v:6.21-6.22
Info:      logic  0.61  18.36 Source LBC.cur_SB_DFFESR_Q_D_SB_LUT4_O_I3_SB_LUT4_O_I3_SB_LUT4_O_1_I3_SB_LUT4_O_I3_SB_LUT4_O_I2_SB_LUT4_O_I3_SB_CARRY_CI_CO_SB_CARRY_CI_CO_SB_LUT4_I3_I2_SB_LUT4_O_I2_SB_LUT4_O_1_LC.COUT
Info:    routing  0.00  18.36 Net LBC.cur_SB_DFFESR_Q_D_SB_LUT4_O_I3_SB_LUT4_O_I3_SB_LUT4_O_1_I3_SB_LUT4_O_I3_SB_LUT4_O_I2_SB_LUT4_O_I3_SB_CARRY_CI_CO_SB_CARRY_CI_CO_SB_CARRY_CI_CO_SB_LUT4_I3_I2_SB_LUT4_O_I2_SB_LUT4_O_1_I2[3] (20,10) -> (20,10)
Info:                          Sink LBC.cur_SB_DFFESR_Q_D_SB_LUT4_O_I3_SB_LUT4_O_I3_SB_LUT4_O_1_I3_SB_LUT4_O_I3_SB_LUT4_O_I2_SB_LUT4_O_I3_SB_CARRY_CI_CO_SB_CARRY_CI_CO_SB_CARRY_CI_CO_SB_LUT4_I3_I2_SB_LUT4_O_I2_SB_LUT4_O_1_LC.CIN
Info:                          Defined in:
Info:                               cam_femto_multi.v:237.69-237.76
Info:                               /home/vic/Documents/UN/oss-cad-suite/lib/../share/yosys/ice40/arith_map.v:62.5-70.4
Info:                               /home/vic/Documents/UN/oss-cad-suite/lib/../share/yosys/ice40/abc9_model.v:4.9-4.11
Info:      logic  0.28  18.64 Source LBC.cur_SB_DFFESR_Q_D_SB_LUT4_O_I3_SB_LUT4_O_I3_SB_LUT4_O_1_I3_SB_LUT4_O_I3_SB_LUT4_O_I2_SB_LUT4_O_I3_SB_CARRY_CI_CO_SB_CARRY_CI_CO_SB_CARRY_CI_CO_SB_LUT4_I3_I2_SB_LUT4_O_I2_SB_LUT4_O_1_LC.COUT
Info:    routing  0.00  18.64 Net LBC.cur_SB_DFFESR_Q_D_SB_LUT4_O_I3_SB_LUT4_O_I3_SB_LUT4_O_1_I3_SB_LUT4_O_I3_SB_LUT4_O_I2_SB_LUT4_O_I3_SB_CARRY_CI_CO_SB_CARRY_CI_CO_SB_CARRY_CI_CO_SB_CARRY_CI_CO_SB_LUT4_I3_I2_SB_LUT4_O_I2_SB_LUT4_O_1_I2[3] (20,10) -> (20,10)
Info:                          Sink LBC.cur_SB_DFFESR_Q_D_SB_LUT4_O_I3_SB_LUT4_O_I3_SB_LUT4_O_1_I3_SB_LUT4_O_I3_SB_LUT4_O_I2_SB_LUT4_O_I3_SB_CARRY_CI_CO_SB_CARRY_CI_CO_SB_CARRY_CI_CO_SB_CARRY_CI_CO_SB_LUT4_I3_I2_SB_LUT4_O_I2_SB_LUT4_O_1_LC.CIN
Info:                          Defined in:
Info:                               cam_femto_multi.v:237.69-237.76
Info:                               /home/vic/Documents/UN/oss-cad-suite/lib/../share/yosys/ice40/arith_map.v:62.5-70.4
Info:                               /home/vic/Documents/UN/oss-cad-suite/lib/../share/yosys/ice40/abc9_model.v:4.9-4.11
Info:      logic  0.28  18.92 Source LBC.cur_SB_DFFESR_Q_D_SB_LUT4_O_I3_SB_LUT4_O_I3_SB_LUT4_O_1_I3_SB_LUT4_O_I3_SB_LUT4_O_I2_SB_LUT4_O_I3_SB_CARRY_CI_CO_SB_CARRY_CI_CO_SB_CARRY_CI_CO_SB_CARRY_CI_CO_SB_LUT4_I3_I2_SB_LUT4_O_I2_SB_LUT4_O_1_LC.COUT
Info:    routing  0.00  18.92 Net LBC.cur_SB_DFFESR_Q_D_SB_LUT4_O_I3_SB_LUT4_O_I3_SB_LUT4_O_1_I3_SB_LUT4_O_I3_SB_LUT4_O_I2_SB_LUT4_O_I3_SB_CARRY_CI_CO_SB_CARRY_CI_CO_SB_CARRY_CI_CO_SB_CARRY_CI_CO_SB_CARRY_CI_CO_SB_LUT4_I3_I2_SB_LUT4_O_I2_SB_LUT4_O_1_I2[3] (20,10) -> (20,10)
Info:                          Sink LBC.cur_SB_DFFESR_Q_D_SB_LUT4_O_I3_SB_LUT4_O_I3_SB_LUT4_O_1_I3_SB_LUT4_O_I3_SB_LUT4_O_I2_SB_LUT4_O_I3_SB_CARRY_CI_CO_SB_CARRY_CI_CO_SB_CARRY_CI_CO_SB_CARRY_CI_CO_SB_CARRY_CI_CO_SB_LUT4_I3_I2_SB_LUT4_O_I2_SB_LUT4_O_1_LC.CIN
Info:                          Defined in:
Info:                               cam_femto_multi.v:237.69-237.76
Info:                               /home/vic/Documents/UN/oss-cad-suite/lib/../share/yosys/ice40/arith_map.v:62.5-70.4
Info:                               /home/vic/Documents/UN/oss-cad-suite/lib/../share/yosys/ice40/abc9_model.v:4.9-4.11
Info:      logic  0.28  19.19 Source LBC.cur_SB_DFFESR_Q_D_SB_LUT4_O_I3_SB_LUT4_O_I3_SB_LUT4_O_1_I3_SB_LUT4_O_I3_SB_LUT4_O_I2_SB_LUT4_O_I3_SB_CARRY_CI_CO_SB_CARRY_CI_CO_SB_CARRY_CI_CO_SB_CARRY_CI_CO_SB_CARRY_CI_CO_SB_LUT4_I3_I2_SB_LUT4_O_I2_SB_LUT4_O_1_LC.COUT
Info:    routing  0.56  19.75 Net LBC.cur_SB_DFFESR_Q_D_SB_LUT4_O_I3_SB_LUT4_O_I3_SB_LUT4_O_1_I3_SB_LUT4_O_I3_SB_LUT4_O_I2_SB_LUT4_O_I3_SB_CARRY_CI_CO_SB_CARRY_CI_CO_SB_CARRY_CI_CO_SB_CARRY_CI_CO_SB_CARRY_CI_CO_SB_CARRY_CI_CO_SB_LUT4_I3_I2_SB_LUT4_O_I3_SB_LUT4_O_1_I2[3] (20,10) -> (20,11)
Info:                          Sink LBC.cur_SB_DFFESR_Q_D_SB_LUT4_O_I3_SB_LUT4_O_I3_SB_LUT4_O_1_I3_SB_LUT4_O_I3_SB_LUT4_O_I2_SB_LUT4_O_I3_SB_CARRY_CI_CO_SB_CARRY_CI_CO_SB_CARRY_CI_CO_SB_CARRY_CI_CO_SB_CARRY_CI_CO_SB_CARRY_CI_CO_SB_LUT4_I3_I2_SB_LUT4_O_I3_SB_LUT4_O_1_LC.CIN
Info:                          Defined in:
Info:                               cam_femto_multi.v:237.69-237.76
Info:                               /home/vic/Documents/UN/oss-cad-suite/lib/../share/yosys/ice40/arith_map.v:62.5-70.4
Info:                               /home/vic/Documents/UN/oss-cad-suite/lib/../share/yosys/ice40/abc9_model.v:4.9-4.11
Info:      logic  0.28  20.03 Source LBC.cur_SB_DFFESR_Q_D_SB_LUT4_O_I3_SB_LUT4_O_I3_SB_LUT4_O_1_I3_SB_LUT4_O_I3_SB_LUT4_O_I2_SB_LUT4_O_I3_SB_CARRY_CI_CO_SB_CARRY_CI_CO_SB_CARRY_CI_CO_SB_CARRY_CI_CO_SB_CARRY_CI_CO_SB_CARRY_CI_CO_SB_LUT4_I3_I2_SB_LUT4_O_I3_SB_LUT4_O_1_LC.COUT
Info:    routing  0.00  20.03 Net LBC.cur_SB_DFFESR_Q_D_SB_LUT4_O_I3_SB_LUT4_O_I3_SB_LUT4_O_1_I3_SB_LUT4_O_I3_SB_LUT4_O_I2_SB_LUT4_O_I3_SB_CARRY_CI_CO_SB_CARRY_CI_CO_SB_CARRY_CI_CO_SB_CARRY_CI_CO_SB_CARRY_CI_CO_SB_CARRY_CI_CO_SB_CARRY_CI_CO_SB_LUT4_I3_I2_SB_LUT4_O_1_I3_SB_LUT4_O_1_I2[3] (20,11) -> (20,11)
Info:                          Sink LBC.cur_SB_DFFESR_Q_D_SB_LUT4_O_I3_SB_LUT4_O_I3_SB_LUT4_O_1_I3_SB_LUT4_O_I3_SB_LUT4_O_I2_SB_LUT4_O_I3_SB_CARRY_CI_CO_SB_CARRY_CI_CO_SB_CARRY_CI_CO_SB_CARRY_CI_CO_SB_CARRY_CI_CO_SB_CARRY_CI_CO_SB_CARRY_CI_CO_SB_LUT4_I3_I2_SB_LUT4_O_1_I3_SB_LUT4_O_1_LC.CIN
Info:                          Defined in:
Info:                               cam_femto_multi.v:237.69-237.76
Info:                               /home/vic/Documents/UN/oss-cad-suite/lib/../share/yosys/ice40/arith_map.v:62.5-70.4
Info:                               /home/vic/Documents/UN/oss-cad-suite/lib/../share/yosys/ice40/abc9_model.v:4.9-4.11
Info:      logic  0.28  20.31 Source LBC.cur_SB_DFFESR_Q_D_SB_LUT4_O_I3_SB_LUT4_O_I3_SB_LUT4_O_1_I3_SB_LUT4_O_I3_SB_LUT4_O_I2_SB_LUT4_O_I3_SB_CARRY_CI_CO_SB_CARRY_CI_CO_SB_CARRY_CI_CO_SB_CARRY_CI_CO_SB_CARRY_CI_CO_SB_CARRY_CI_CO_SB_CARRY_CI_CO_SB_LUT4_I3_I2_SB_LUT4_O_1_I3_SB_LUT4_O_1_LC.COUT
Info:    routing  0.66  20.97 Net $nextpnr_ICESTORM_LC_12$I3 (20,11) -> (20,11)
Info:                          Sink $nextpnr_ICESTORM_LC_12.I3
Info:      logic  0.87  21.84 Source $nextpnr_ICESTORM_LC_12.O
Info:    routing  2.95  24.80 Net LBC.cur_SB_DFFESR_Q_D_SB_LUT4_O_I3_SB_LUT4_O_I3_SB_LUT4_O_1_I3_SB_LUT4_O_I3_SB_LUT4_O_I2_SB_LUT4_O_I2_SB_LUT4_O_I2[2] (20,11) -> (18,9)
Info:                          Sink LBC.cur_SB_DFFESR_Q_D_SB_LUT4_O_I3_SB_LUT4_O_I3_SB_LUT4_O_1_I3_SB_LUT4_O_I3_SB_LUT4_O_I2_SB_LUT4_O_I3_SB_CARRY_CO_I1_SB_LUT4_O_LC.I3
Info:                          Defined in:
Info:                               /home/vic/Documents/UN/oss-cad-suite/lib/../share/yosys/ice40/cells_map.v:6.21-6.22
Info:      logic  0.87  25.67 Source LBC.cur_SB_DFFESR_Q_D_SB_LUT4_O_I3_SB_LUT4_O_I3_SB_LUT4_O_1_I3_SB_LUT4_O_I3_SB_LUT4_O_I2_SB_LUT4_O_I3_SB_CARRY_CO_I1_SB_LUT4_O_LC.O
Info:    routing  1.76  27.43 Net LBC.cur_SB_DFFESR_Q_D_SB_LUT4_O_I3_SB_LUT4_O_I3_SB_LUT4_O_1_I3_SB_LUT4_O_I3_SB_LUT4_O_I2_SB_LUT4_O_I3_SB_CARRY_CO_I1[2] (18,9) -> (17,9)
Info:                          Sink LBC.cur_SB_DFFESR_Q_D_SB_LUT4_O_I3_SB_LUT4_O_I3_SB_LUT4_O_1_I3_SB_LUT4_O_I3_SB_LUT4_O_I2_SB_LUT4_O_I3_SB_CARRY_CO_CI_SB_LUT4_I3_LC.I2
Info:                          Defined in:
Info:                               cam_femto_multi.v:238.23-238.30
Info:                               /home/vic/Documents/UN/oss-cad-suite/lib/../share/yosys/ice40/arith_map.v:62.5-70.4
Info:                               /home/vic/Documents/UN/oss-cad-suite/lib/../share/yosys/ice40/cells_map.v:6.21-6.22
Info:      logic  0.61  28.04 Source LBC.cur_SB_DFFESR_Q_D_SB_LUT4_O_I3_SB_LUT4_O_I3_SB_LUT4_O_1_I3_SB_LUT4_O_I3_SB_LUT4_O_I2_SB_LUT4_O_I3_SB_CARRY_CO_CI_SB_LUT4_I3_LC.COUT
Info:    routing  0.00  28.04 Net LBC.cur_SB_DFFESR_Q_D_SB_LUT4_O_I3_SB_LUT4_O_I3_SB_LUT4_O_1_I3_SB_LUT4_O_I3_SB_LUT4_O_I2_SB_LUT4_O_I2[3] (17,9) -> (17,9)
Info:                          Sink LBC.cur_SB_DFFESR_Q_D_SB_LUT4_O_I3_SB_LUT4_O_I3_SB_LUT4_O_1_I3_SB_LUT4_O_I3_SB_LUT4_O_I2_SB_LUT4_O_LC.CIN
Info:                          Defined in:
Info:                               cam_femto_multi.v:238.23-238.30
Info:                               /home/vic/Documents/UN/oss-cad-suite/lib/../share/yosys/ice40/arith_map.v:62.5-70.4
Info:                               /home/vic/Documents/UN/oss-cad-suite/lib/../share/yosys/ice40/abc9_model.v:4.9-4.11
Info:      logic  0.28  28.32 Source LBC.cur_SB_DFFESR_Q_D_SB_LUT4_O_I3_SB_LUT4_O_I3_SB_LUT4_O_1_I3_SB_LUT4_O_I3_SB_LUT4_O_I2_SB_LUT4_O_LC.COUT
Info:    routing  0.00  28.32 Net LBC.cur_SB_DFFESR_Q_D_SB_LUT4_O_I3_SB_LUT4_O_I3_SB_LUT4_O_1_I3_SB_LUT4_O_I3_SB_LUT4_O_I2_SB_LUT4_O_I3_SB_CARRY_CI_CO (17,9) -> (17,9)
Info:                          Sink LBC.cur_SB_DFFESR_Q_D_SB_LUT4_O_I3_SB_LUT4_O_I3_SB_LUT4_O_1_I3_SB_LUT4_O_I3_SB_LUT4_O_I2_SB_LUT4_O_I3_SB_CARRY_CI_CO_SB_LUT4_I3_LC.CIN
Info:                          Defined in:
Info:                               cam_femto_multi.v:238.23-238.30
Info:                               /home/vic/Documents/UN/oss-cad-suite/lib/../share/yosys/ice40/arith_map.v:62.5-70.4
Info:                               /home/vic/Documents/UN/oss-cad-suite/lib/../share/yosys/ice40/cells_map.v:6.21-6.22
Info:      logic  0.28  28.59 Source LBC.cur_SB_DFFESR_Q_D_SB_LUT4_O_I3_SB_LUT4_O_I3_SB_LUT4_O_1_I3_SB_LUT4_O_I3_SB_LUT4_O_I2_SB_LUT4_O_I3_SB_CARRY_CI_CO_SB_LUT4_I3_LC.COUT
Info:    routing  0.00  28.59 Net LBC.cur_SB_DFFESR_Q_D_SB_LUT4_O_I3_SB_LUT4_O_I3_SB_LUT4_O_1_I3_SB_LUT4_O_I3_SB_LUT4_O_I2_SB_LUT4_O_I3_SB_CARRY_CI_CO_SB_CARRY_CI_CO (17,9) -> (17,9)
Info:                          Sink LBC.cur_SB_DFFESR_Q_D_SB_LUT4_O_I3_SB_LUT4_O_I3_SB_LUT4_O_1_I3_SB_LUT4_O_I3_SB_LUT4_O_I2_SB_LUT4_O_I3_SB_CARRY_CI_CO_SB_CARRY_CI_CO_SB_LUT4_I3_LC.CIN
Info:                          Defined in:
Info:                               cam_femto_multi.v:238.23-238.30
Info:                               /home/vic/Documents/UN/oss-cad-suite/lib/../share/yosys/ice40/arith_map.v:62.5-70.4
Info:                               /home/vic/Documents/UN/oss-cad-suite/lib/../share/yosys/ice40/cells_map.v:6.21-6.22
Info:      logic  0.28  28.87 Source LBC.cur_SB_DFFESR_Q_D_SB_LUT4_O_I3_SB_LUT4_O_I3_SB_LUT4_O_1_I3_SB_LUT4_O_I3_SB_LUT4_O_I2_SB_LUT4_O_I3_SB_CARRY_CI_CO_SB_CARRY_CI_CO_SB_LUT4_I3_LC.COUT
Info:    routing  0.00  28.87 Net LBC.cur_SB_DFFESR_Q_D_SB_LUT4_O_I3_SB_LUT4_O_I3_SB_LUT4_O_1_I3_SB_LUT4_O_I3_SB_LUT4_O_I2_SB_LUT4_O_I3_SB_CARRY_CI_CO_SB_CARRY_CI_CO_SB_CARRY_CI_CO (17,9) -> (17,9)
Info:                          Sink LBC.cur_SB_DFFESR_Q_D_SB_LUT4_O_I3_SB_LUT4_O_I3_SB_LUT4_O_1_I3_SB_LUT4_O_I3_SB_LUT4_O_I2_SB_LUT4_O_I3_SB_CARRY_CI_CO_SB_CARRY_CI_CO_SB_CARRY_CI_CO_SB_LUT4_I3_LC.CIN
Info:                          Defined in:
Info:                               cam_femto_multi.v:238.23-238.30
Info:                               /home/vic/Documents/UN/oss-cad-suite/lib/../share/yosys/ice40/arith_map.v:62.5-70.4
Info:                               /home/vic/Documents/UN/oss-cad-suite/lib/../share/yosys/ice40/cells_map.v:6.21-6.22
Info:      logic  0.28  29.15 Source LBC.cur_SB_DFFESR_Q_D_SB_LUT4_O_I3_SB_LUT4_O_I3_SB_LUT4_O_1_I3_SB_LUT4_O_I3_SB_LUT4_O_I2_SB_LUT4_O_I3_SB_CARRY_CI_CO_SB_CARRY_CI_CO_SB_CARRY_CI_CO_SB_LUT4_I3_LC.COUT
Info:    routing  0.00  29.15 Net LBC.cur_SB_DFFESR_Q_D_SB_LUT4_O_I3_SB_LUT4_O_I3_SB_LUT4_O_1_I3_SB_LUT4_O_I3_SB_LUT4_O_I2_SB_LUT4_O_I3_SB_CARRY_CI_CO_SB_CARRY_CI_CO_SB_CARRY_CI_CO_SB_CARRY_CI_CO (17,9) -> (17,9)
Info:                          Sink LBC.cur_SB_DFFESR_Q_D_SB_LUT4_O_I3_SB_LUT4_O_I3_SB_LUT4_O_1_I3_SB_LUT4_O_I3_SB_LUT4_O_I2_SB_LUT4_O_I3_SB_CARRY_CI_CO_SB_CARRY_CI_CO_SB_CARRY_CI_CO_SB_CARRY_CI_CO_SB_LUT4_I3_LC.CIN
Info:                          Defined in:
Info:                               cam_femto_multi.v:238.23-238.30
Info:                               /home/vic/Documents/UN/oss-cad-suite/lib/../share/yosys/ice40/arith_map.v:62.5-70.4
Info:                               /home/vic/Documents/UN/oss-cad-suite/lib/../share/yosys/ice40/cells_map.v:6.21-6.22
Info:      logic  0.28  29.43 Source LBC.cur_SB_DFFESR_Q_D_SB_LUT4_O_I3_SB_LUT4_O_I3_SB_LUT4_O_1_I3_SB_LUT4_O_I3_SB_LUT4_O_I2_SB_LUT4_O_I3_SB_CARRY_CI_CO_SB_CARRY_CI_CO_SB_CARRY_CI_CO_SB_CARRY_CI_CO_SB_LUT4_I3_LC.COUT
Info:    routing  0.00  29.43 Net LBC.cur_SB_DFFESR_Q_D_SB_LUT4_O_I3_SB_LUT4_O_I3_SB_LUT4_O_1_I3_SB_LUT4_O_I3_SB_LUT4_O_I2_SB_LUT4_O_I3_SB_CARRY_CI_CO_SB_CARRY_CI_CO_SB_CARRY_CI_CO_SB_CARRY_CI_CO_SB_CARRY_CI_CO (17,9) -> (17,9)
Info:                          Sink LBC.cur_SB_DFFESR_Q_D_SB_LUT4_O_I3_SB_LUT4_O_I3_SB_LUT4_O_1_I3_SB_LUT4_O_I3_SB_LUT4_O_I2_SB_LUT4_O_I3_SB_CARRY_CI_CO_SB_CARRY_CI_CO_SB_CARRY_CI_CO_SB_CARRY_CI_CO_SB_CARRY_CI_CO_SB_LUT4_I3_LC.CIN
Info:                          Defined in:
Info:                               cam_femto_multi.v:238.23-238.30
Info:                               /home/vic/Documents/UN/oss-cad-suite/lib/../share/yosys/ice40/arith_map.v:62.5-70.4
Info:                               /home/vic/Documents/UN/oss-cad-suite/lib/../share/yosys/ice40/cells_map.v:6.21-6.22
Info:      logic  0.28  29.71 Source LBC.cur_SB_DFFESR_Q_D_SB_LUT4_O_I3_SB_LUT4_O_I3_SB_LUT4_O_1_I3_SB_LUT4_O_I3_SB_LUT4_O_I2_SB_LUT4_O_I3_SB_CARRY_CI_CO_SB_CARRY_CI_CO_SB_CARRY_CI_CO_SB_CARRY_CI_CO_SB_CARRY_CI_CO_SB_LUT4_I3_LC.COUT
Info:    routing  1.22  30.92 Net LBC.cur_SB_DFFESR_Q_D_SB_LUT4_O_I3_SB_LUT4_O_I3_SB_LUT4_O_1_I3_SB_LUT4_O_I3_SB_LUT4_O_I2_SB_LUT4_O_I3_SB_CARRY_CI_CO_SB_CARRY_CI_CO_SB_CARRY_CI_CO_SB_CARRY_CI_CO_SB_CARRY_CI_CO_SB_CARRY_CI_CO (17,9) -> (17,10)
Info:                          Sink LBC.cur_SB_DFFESR_Q_D_SB_LUT4_O_I3_SB_LUT4_O_I3_SB_LUT4_O_1_I3_SB_LUT4_O_I3_SB_LUT4_O_I2_SB_LUT4_O_I3_SB_CARRY_CI_CO_SB_CARRY_CI_CO_SB_CARRY_CI_CO_SB_CARRY_CI_CO_SB_CARRY_CI_CO_SB_CARRY_CI_CO_SB_LUT4_I3_LC.I3
Info:                          Defined in:
Info:                               cam_femto_multi.v:238.23-238.30
Info:                               /home/vic/Documents/UN/oss-cad-suite/lib/../share/yosys/ice40/arith_map.v:62.5-70.4
Info:                               /home/vic/Documents/UN/oss-cad-suite/lib/../share/yosys/ice40/cells_map.v:6.21-6.22
Info:      logic  0.87  31.80 Source LBC.cur_SB_DFFESR_Q_D_SB_LUT4_O_I3_SB_LUT4_O_I3_SB_LUT4_O_1_I3_SB_LUT4_O_I3_SB_LUT4_O_I2_SB_LUT4_O_I3_SB_CARRY_CI_CO_SB_CARRY_CI_CO_SB_CARRY_CI_CO_SB_CARRY_CI_CO_SB_CARRY_CI_CO_SB_CARRY_CI_CO_SB_LUT4_I3_LC.O
Info:    routing  1.76  33.56 Net LBC.cur_SB_DFFESR_Q_D_SB_LUT4_O_I3_SB_LUT4_O_I3_SB_LUT4_O_1_I3_SB_LUT4_O_I3_SB_LUT4_O_I2_SB_CARRY_I0_CO_SB_CARRY_CI_CO_SB_CARRY_CI_CO_SB_CARRY_CI_CO_SB_CARRY_CI_CO_SB_CARRY_CI_CO_SB_CARRY_CI_I0 (17,10) -> (16,9)
Info:                          Sink LBC.cur_SB_DFFESR_Q_D_SB_LUT4_O_I3_SB_LUT4_O_I3_SB_LUT4_O_1_I3_SB_LUT4_O_I3_SB_LUT4_O_I2_SB_CARRY_I0_CO_SB_CARRY_CI_CO_SB_CARRY_CI_CO_SB_CARRY_CI_CO_SB_CARRY_CI_CO_SB_CARRY_CI_CO_SB_CARRY_CI$CARRY.I1
Info:      logic  0.68  34.24 Source LBC.cur_SB_DFFESR_Q_D_SB_LUT4_O_I3_SB_LUT4_O_I3_SB_LUT4_O_1_I3_SB_LUT4_O_I3_SB_LUT4_O_I2_SB_CARRY_I0_CO_SB_CARRY_CI_CO_SB_CARRY_CI_CO_SB_CARRY_CI_CO_SB_CARRY_CI_CO_SB_CARRY_CI_CO_SB_CARRY_CI$CARRY.COUT
Info:    routing  0.56  34.79 Net LBC.cur_SB_DFFESR_Q_D_SB_LUT4_O_I3_SB_LUT4_O_I3_SB_LUT4_O_1_I3_SB_LUT4_O_I3_SB_LUT4_O_I2_SB_CARRY_I0_CO_SB_CARRY_CI_CO_SB_CARRY_CI_CO_SB_CARRY_CI_CO_SB_CARRY_CI_CO_SB_CARRY_CI_CO_SB_CARRY_CI_CO (16,9) -> (16,10)
Info:                          Sink LBC.cur_SB_DFFESR_Q_D_SB_LUT4_O_I3_SB_LUT4_O_I3_SB_LUT4_O_1_I3_SB_LUT4_O_I3_SB_LUT4_O_I2_SB_CARRY_I0_CO_SB_CARRY_CI_CO_SB_CARRY_CI_CO_SB_CARRY_CI_CO_SB_CARRY_CI_CO_SB_CARRY_CI_CO_SB_CARRY_CI_CO_SB_CARRY_CI$CARRY.CIN
Info:                          Defined in:
Info:                               cam_femto_multi.v:238.48-238.61
Info:                               /home/vic/Documents/UN/oss-cad-suite/lib/../share/yosys/ice40/arith_map.v:62.5-70.4
Info:                               /home/vic/Documents/UN/oss-cad-suite/lib/../share/yosys/ice40/abc9_model.v:4.9-4.11
Info:      logic  0.28  35.07 Source LBC.cur_SB_DFFESR_Q_D_SB_LUT4_O_I3_SB_LUT4_O_I3_SB_LUT4_O_1_I3_SB_LUT4_O_I3_SB_LUT4_O_I2_SB_CARRY_I0_CO_SB_CARRY_CI_CO_SB_CARRY_CI_CO_SB_CARRY_CI_CO_SB_CARRY_CI_CO_SB_CARRY_CI_CO_SB_CARRY_CI_CO_SB_CARRY_CI$CARRY.COUT
Info:    routing  0.00  35.07 Net LBC.cur_SB_DFFESR_Q_D_SB_LUT4_O_I3_SB_LUT4_O_I3_SB_LUT4_O_1_I3_SB_LUT4_O_I3_SB_LUT4_O_I2_SB_CARRY_I0_CO_SB_CARRY_CI_CO_SB_CARRY_CI_CO_SB_CARRY_CI_CO_SB_CARRY_CI_CO_SB_CARRY_CI_CO_SB_CARRY_CI_CO_SB_CARRY_CI_CO (16,10) -> (16,10)
Info:                          Sink LBC.cur_SB_DFFESR_Q_D_SB_LUT4_O_I3_SB_LUT4_O_I3_SB_LUT4_O_1_I3_SB_LUT4_O_I3_SB_LUT4_O_I2_SB_CARRY_I0_CO_SB_CARRY_CI_CO_SB_CARRY_CI_CO_SB_CARRY_CI_CO_SB_CARRY_CI_CO_SB_CARRY_CI_CO_SB_CARRY_CI_CO_SB_CARRY_CI_CO_SB_CARRY_CI$CARRY.CIN
Info:                          Defined in:
Info:                               cam_femto_multi.v:238.48-238.61
Info:                               /home/vic/Documents/UN/oss-cad-suite/lib/../share/yosys/ice40/arith_map.v:62.5-70.4
Info:                               /home/vic/Documents/UN/oss-cad-suite/lib/../share/yosys/ice40/abc9_model.v:4.9-4.11
Info:      logic  0.28  35.35 Source LBC.cur_SB_DFFESR_Q_D_SB_LUT4_O_I3_SB_LUT4_O_I3_SB_LUT4_O_1_I3_SB_LUT4_O_I3_SB_LUT4_O_I2_SB_CARRY_I0_CO_SB_CARRY_CI_CO_SB_CARRY_CI_CO_SB_CARRY_CI_CO_SB_CARRY_CI_CO_SB_CARRY_CI_CO_SB_CARRY_CI_CO_SB_CARRY_CI_CO_SB_CARRY_CI$CARRY.COUT
Info:    routing  0.00  35.35 Net LBC.cur_SB_DFFESR_Q_D_SB_LUT4_O_I3_SB_LUT4_O_I3_SB_LUT4_O_1_I3_SB_LUT4_O_I3_SB_LUT4_O_I2_SB_CARRY_I0_CO_SB_CARRY_CI_CO_SB_CARRY_CI_CO_SB_CARRY_CI_CO_SB_CARRY_CI_CO_SB_CARRY_CI_CO_SB_CARRY_CI_CO_SB_CARRY_CI_CO_SB_CARRY_CI_CO (16,10) -> (16,10)
Info:                          Sink LBC.cur_SB_DFFESR_Q_D_SB_LUT4_O_I3_SB_LUT4_O_I3_SB_LUT4_O_1_I3_SB_LUT4_O_I3_SB_LUT4_O_I2_SB_CARRY_I0_CO_SB_CARRY_CI_CO_SB_CARRY_CI_CO_SB_CARRY_CI_CO_SB_CARRY_CI_CO_SB_CARRY_CI_CO_SB_CARRY_CI_CO_SB_CARRY_CI_CO_SB_CARRY_CI_CO_SB_CARRY_CI$CARRY.CIN
Info:                          Defined in:
Info:                               cam_femto_multi.v:238.48-238.61
Info:                               /home/vic/Documents/UN/oss-cad-suite/lib/../share/yosys/ice40/arith_map.v:62.5-70.4
Info:                               /home/vic/Documents/UN/oss-cad-suite/lib/../share/yosys/ice40/abc9_model.v:4.9-4.11
Info:      logic  0.28  35.62 Source LBC.cur_SB_DFFESR_Q_D_SB_LUT4_O_I3_SB_LUT4_O_I3_SB_LUT4_O_1_I3_SB_LUT4_O_I3_SB_LUT4_O_I2_SB_CARRY_I0_CO_SB_CARRY_CI_CO_SB_CARRY_CI_CO_SB_CARRY_CI_CO_SB_CARRY_CI_CO_SB_CARRY_CI_CO_SB_CARRY_CI_CO_SB_CARRY_CI_CO_SB_CARRY_CI_CO_SB_CARRY_CI$CARRY.COUT
Info:    routing  0.66  36.29 Net $nextpnr_ICESTORM_LC_26$I3 (16,10) -> (16,10)
Info:                          Sink $nextpnr_ICESTORM_LC_26.I3
Info:      logic  0.87  37.16 Source $nextpnr_ICESTORM_LC_26.O
Info:    routing  1.76  38.92 Net LBC.cur_SB_DFFESR_Q_D_SB_LUT4_O_I3_SB_LUT4_O_1_I2[1] (16,10) -> (15,9)
Info:                          Sink LBC.w10_SB_LUT4_I2_O_SB_LUT4_I3_O_SB_LUT4_I3_O_SB_LUT4_O_I3_SB_LUT4_O_I2_SB_CARRY_I1_CO_SB_CARRY_CI_CO_SB_CARRY_CI$CARRY.I3
Info:                          Defined in:
Info:                               cam_femto_multi.v:240.26-240.35
Info:                               /home/vic/Documents/UN/oss-cad-suite/lib/../share/yosys/ice40/arith_map.v:62.5-70.4
Info:                               /home/vic/Documents/UN/oss-cad-suite/lib/../share/yosys/ice40/cells_map.v:6.21-6.22
Info:      logic  0.87  39.80 Source LBC.w10_SB_LUT4_I2_O_SB_LUT4_I3_O_SB_LUT4_I3_O_SB_LUT4_O_I3_SB_LUT4_O_I2_SB_CARRY_I1_CO_SB_CARRY_CI_CO_SB_CARRY_CI$CARRY.O
Info:    routing  2.30  42.10 Net LBC.cur_SB_DFFESR_Q_D_SB_LUT4_O_I3_SB_LUT4_O_I3_SB_LUT4_O_1_I3_SB_LUT4_O_I3[1] (15,9) -> (18,9)
Info:                          Sink LBC.cur_SB_DFFESR_Q_D_SB_LUT4_O_I3_SB_LUT4_O_I3_SB_LUT4_O_1_I3_SB_LUT4_O_I3_SB_LUT4_O_I2_SB_CARRY_I0_CO_SB_CARRY_CI_CO_SB_CARRY_CI_I0_SB_LUT4_I2_O_SB_LUT4_O_LC.I3
Info:                          Defined in:
Info:                               /home/vic/Documents/UN/oss-cad-suite/lib/../share/yosys/ice40/cells_map.v:6.21-6.22
Info:      logic  0.87  42.97 Source LBC.cur_SB_DFFESR_Q_D_SB_LUT4_O_I3_SB_LUT4_O_I3_SB_LUT4_O_1_I3_SB_LUT4_O_I3_SB_LUT4_O_I2_SB_CARRY_I0_CO_SB_CARRY_CI_CO_SB_CARRY_CI_I0_SB_LUT4_I2_O_SB_LUT4_O_LC.O
Info:    routing  1.76  44.74 Net LBC.cur_SB_DFFESR_Q_D_SB_LUT4_O_I3_SB_LUT4_O_I3_SB_LUT4_O_1_I3_SB_LUT4_O_I3_SB_LUT4_O_I2_SB_CARRY_I0_CO_SB_CARRY_CI_CO_SB_CARRY_CI_I0_SB_LUT4_I2_O[2] (18,9) -> (17,10)
Info:                          Sink LBC.cur_SB_DFFESR_Q_D_SB_LUT4_O_I3_SB_LUT4_O_I3_SB_LUT4_O_1_I3_SB_LUT4_O_I3_SB_LUT4_O_I2_SB_CARRY_I0_CO_SB_CARRY_CI_CO_SB_CARRY_CI_CO_SB_CARRY_CI_I0_SB_LUT4_I2_O_SB_LUT4_O_1_LC.I2
Info:                          Defined in:
Info:                               /home/vic/Documents/UN/oss-cad-suite/lib/../share/yosys/ice40/cells_map.v:6.21-6.22
Info:      logic  1.21  45.94 Source LBC.cur_SB_DFFESR_Q_D_SB_LUT4_O_I3_SB_LUT4_O_I3_SB_LUT4_O_1_I3_SB_LUT4_O_I3_SB_LUT4_O_I2_SB_CARRY_I0_CO_SB_CARRY_CI_CO_SB_CARRY_CI_CO_SB_CARRY_CI_I0_SB_LUT4_I2_O_SB_LUT4_O_1_LC.O
Info:    routing  1.76  47.70 Net LBC.cur_SB_DFFESR_Q_D_SB_LUT4_O_I3_SB_LUT4_O_I3_SB_LUT4_O_1_I3_SB_LUT4_O_I3_SB_LUT4_O_I2_SB_CARRY_I0_CO_SB_CARRY_CI_CO_SB_CARRY_CI_CO_SB_CARRY_CI_I0_SB_LUT4_I2_O[3] (17,10) -> (17,11)
Info:                          Sink LBC.w10_SB_LUT4_I2_O_SB_LUT4_I3_O_SB_LUT4_I3_O_SB_LUT4_O_I3_SB_LUT4_O_1_LC.I3
Info:                          Defined in:
Info:                               /home/vic/Documents/UN/oss-cad-suite/lib/../share/yosys/ice40/cells_map.v:6.21-6.22
Info:      logic  0.87  48.58 Source LBC.w10_SB_LUT4_I2_O_SB_LUT4_I3_O_SB_LUT4_I3_O_SB_LUT4_O_I3_SB_LUT4_O_1_LC.O
Info:    routing  1.76  50.34 Net LBC.w10_SB_LUT4_I2_O_SB_LUT4_I3_O_SB_LUT4_I3_O_SB_LUT4_O_I3[2] (17,11) -> (16,10)
Info:                          Sink LBC.w10_SB_LUT4_I2_O_SB_LUT4_I3_O_SB_LUT4_I3_O_SB_LUT4_O_LC.I3
Info:                          Defined in:
Info:                               /home/vic/Documents/UN/oss-cad-suite/lib/../share/yosys/ice40/cells_map.v:6.21-6.22
Info:      logic  0.87  51.21 Source LBC.w10_SB_LUT4_I2_O_SB_LUT4_I3_O_SB_LUT4_I3_O_SB_LUT4_O_LC.O
Info:    routing  4.58  55.79 Net LBC.w10_SB_LUT4_I2_O_SB_LUT4_I3_O_SB_LUT4_I3_O[3] (16,10) -> (1,8)
Info:                          Sink wdat_SB_DFFE_Q_D_SB_LUT4_O_LC.I3
Info:                          Defined in:
Info:                               /home/vic/Documents/UN/oss-cad-suite/lib/../share/yosys/ice40/cells_map.v:6.21-6.22
Info:      setup  0.82  56.62 Source wdat_SB_DFFE_Q_D_SB_LUT4_O_LC.I3
Info: 19.98 ns logic, 36.63 ns routing

Info: Critical path report for clock 'clk$SB_IO_IN_$glb_clk' (posedge -> negedge):
Info:       type curr  total name
Info:   clk-to-q  1.39  1.39 Source CPU.instr_SB_DFFE_Q_DFFLC.O
Info:    routing  4.69  6.08 Net CPU.Iimm[0] (23,8) -> (13,13)
Info:                          Sink CPU.mem_wmask_SB_LUT4_I3_O_SB_LUT4_O_I3_SB_LUT4_O_1_I3_SB_LUT4_O_I3_SB_LUT4_O_I3_SB_CARRY_CO_CI_SB_CARRY_CO_CI_SB_CARRY_CO_CI_SB_CARRY_CO_CI_SB_CARRY_CO_CI_SB_CARRY_CO_CI_SB_CARRY_CO_CI_SB_CARRY_CO_CI_SB_CARRY_CO_CI_SB_CARRY_CO_CI_SB_CARRY_CO_CI_SB_CARRY_CO_CI_SB_CARRY_CO_CI_SB_CARRY_CO_CI_SB_CARRY_CO_CI_SB_CARRY_CO_I0_SB_LUT4_O_LC.I2
Info:                          Defined in:
Info:                               femtorv32_quark.v:64.14-64.19
Info:      logic  1.21  7.28 Source CPU.mem_wmask_SB_LUT4_I3_O_SB_LUT4_O_I3_SB_LUT4_O_1_I3_SB_LUT4_O_I3_SB_LUT4_O_I3_SB_CARRY_CO_CI_SB_CARRY_CO_CI_SB_CARRY_CO_CI_SB_CARRY_CO_CI_SB_CARRY_CO_CI_SB_CARRY_CO_CI_SB_CARRY_CO_CI_SB_CARRY_CO_CI_SB_CARRY_CO_CI_SB_CARRY_CO_CI_SB_CARRY_CO_CI_SB_CARRY_CO_CI_SB_CARRY_CO_CI_SB_CARRY_CO_CI_SB_CARRY_CO_CI_SB_CARRY_CO_I0_SB_LUT4_O_LC.O
Info:    routing  1.76  9.04 Net CPU.mem_wmask_SB_LUT4_I3_O_SB_LUT4_O_I3_SB_LUT4_O_1_I3_SB_LUT4_O_I3_SB_LUT4_O_I3_SB_CARRY_CO_CI_SB_CARRY_CO_CI_SB_CARRY_CO_CI_SB_CARRY_CO_CI_SB_CARRY_CO_CI_SB_CARRY_CO_CI_SB_CARRY_CO_CI_SB_CARRY_CO_CI_SB_CARRY_CO_CI_SB_CARRY_CO_CI_SB_CARRY_CO_CI_SB_CARRY_CO_CI_SB_CARRY_CO_CI_SB_CARRY_CO_CI_SB_CARRY_CO_CI_SB_CARRY_CO_I0[1] (13,13) -> (12,13)
Info:                          Sink CPU.mem_wmask_SB_LUT4_I3_O_SB_LUT4_O_I3_SB_LUT4_O_1_I3_SB_LUT4_O_I3_SB_LUT4_O_I3_SB_CARRY_CO_CI_SB_CARRY_CO_CI_SB_CARRY_CO_CI_SB_CARRY_CO_CI_SB_CARRY_CO_CI_SB_CARRY_CO_CI_SB_CARRY_CO_CI_SB_CARRY_CO_CI_SB_CARRY_CO_CI_SB_CARRY_CO_CI_SB_CARRY_CO_CI_SB_CARRY_CO_CI_SB_CARRY_CO_CI_SB_CARRY_CO_CI_SB_CARRY_CO_CI_SB_LUT4_I3_O_SB_LUT4_O_1_LC.I1
Info:                          Defined in:
Info:                               femtorv32_quark.v:225.43-226.62
Info:                               /home/vic/Documents/UN/oss-cad-suite/lib/../share/yosys/ice40/arith_map.v:62.5-70.4
Info:                               /home/vic/Documents/UN/oss-cad-suite/lib/../share/yosys/ice40/cells_map.v:6.21-6.22
Info:      logic  0.68  9.72 Source CPU.mem_wmask_SB_LUT4_I3_O_SB_LUT4_O_I3_SB_LUT4_O_1_I3_SB_LUT4_O_I3_SB_LUT4_O_I3_SB_CARRY_CO_CI_SB_CARRY_CO_CI_SB_CARRY_CO_CI_SB_CARRY_CO_CI_SB_CARRY_CO_CI_SB_CARRY_CO_CI_SB_CARRY_CO_CI_SB_CARRY_CO_CI_SB_CARRY_CO_CI_SB_CARRY_CO_CI_SB_CARRY_CO_CI_SB_CARRY_CO_CI_SB_CARRY_CO_CI_SB_CARRY_CO_CI_SB_CARRY_CO_CI_SB_LUT4_I3_O_SB_LUT4_O_1_LC.COUT
Info:    routing  0.00  9.72 Net CPU.mem_wmask_SB_LUT4_I3_O_SB_LUT4_O_I3_SB_LUT4_O_1_I3_SB_LUT4_O_I3_SB_LUT4_O_I3_SB_CARRY_CO_CI_SB_CARRY_CO_CI_SB_CARRY_CO_CI_SB_CARRY_CO_CI_SB_CARRY_CO_CI_SB_CARRY_CO_CI_SB_CARRY_CO_CI_SB_CARRY_CO_CI_SB_CARRY_CO_CI_SB_CARRY_CO_CI_SB_CARRY_CO_CI_SB_CARRY_CO_CI_SB_CARRY_CO_CI_SB_CARRY_CO_CI_SB_CARRY_CO_CI (12,13) -> (12,13)
Info:                          Sink CPU.mem_wmask_SB_LUT4_I3_O_SB_LUT4_O_I3_SB_LUT4_O_1_I3_SB_LUT4_O_I3_SB_LUT4_O_I3_SB_CARRY_CO_CI_SB_CARRY_CO_CI_SB_CARRY_CO_CI_SB_CARRY_CO_CI_SB_CARRY_CO_CI_SB_CARRY_CO_CI_SB_CARRY_CO_CI_SB_CARRY_CO_CI_SB_CARRY_CO_CI_SB_CARRY_CO_CI_SB_CARRY_CO_CI_SB_CARRY_CO_CI_SB_CARRY_CO_CI_SB_CARRY_CO_CI_SB_CARRY_CO_CI_SB_LUT4_I3_LC.CIN
Info:                          Defined in:
Info:                               femtorv32_quark.v:225.43-226.62
Info:                               /home/vic/Documents/UN/oss-cad-suite/lib/../share/yosys/ice40/arith_map.v:62.5-70.4
Info:                               /home/vic/Documents/UN/oss-cad-suite/lib/../share/yosys/ice40/cells_map.v:6.21-6.22
Info:      logic  0.28  9.99 Source CPU.mem_wmask_SB_LUT4_I3_O_SB_LUT4_O_I3_SB_LUT4_O_1_I3_SB_LUT4_O_I3_SB_LUT4_O_I3_SB_CARRY_CO_CI_SB_CARRY_CO_CI_SB_CARRY_CO_CI_SB_CARRY_CO_CI_SB_CARRY_CO_CI_SB_CARRY_CO_CI_SB_CARRY_CO_CI_SB_CARRY_CO_CI_SB_CARRY_CO_CI_SB_CARRY_CO_CI_SB_CARRY_CO_CI_SB_CARRY_CO_CI_SB_CARRY_CO_CI_SB_CARRY_CO_CI_SB_CARRY_CO_CI_SB_LUT4_I3_LC.COUT
Info:    routing  0.00  9.99 Net CPU.mem_wmask_SB_LUT4_I3_O_SB_LUT4_O_I3_SB_LUT4_O_1_I3_SB_LUT4_O_I3_SB_LUT4_O_I3_SB_CARRY_CO_CI_SB_CARRY_CO_CI_SB_CARRY_CO_CI_SB_CARRY_CO_CI_SB_CARRY_CO_CI_SB_CARRY_CO_CI_SB_CARRY_CO_CI_SB_CARRY_CO_CI_SB_CARRY_CO_CI_SB_CARRY_CO_CI_SB_CARRY_CO_CI_SB_CARRY_CO_CI_SB_CARRY_CO_CI_SB_CARRY_CO_CI (12,13) -> (12,13)
Info:                          Sink CPU.mem_wmask_SB_LUT4_I3_O_SB_LUT4_O_I3_SB_LUT4_O_1_I3_SB_LUT4_O_I3_SB_LUT4_O_I3_SB_CARRY_CO_CI_SB_CARRY_CO_CI_SB_CARRY_CO_CI_SB_CARRY_CO_CI_SB_CARRY_CO_CI_SB_CARRY_CO_CI_SB_CARRY_CO_CI_SB_CARRY_CO_CI_SB_CARRY_CO_CI_SB_CARRY_CO_CI_SB_CARRY_CO_CI_SB_CARRY_CO_CI_SB_CARRY_CO_CI_SB_CARRY_CO_CI_SB_LUT4_I3_LC.CIN
Info:                          Defined in:
Info:                               femtorv32_quark.v:225.43-226.62
Info:                               /home/vic/Documents/UN/oss-cad-suite/lib/../share/yosys/ice40/arith_map.v:62.5-70.4
Info:                               /home/vic/Documents/UN/oss-cad-suite/lib/../share/yosys/ice40/cells_map.v:6.21-6.22
Info:      logic  0.28  10.27 Source CPU.mem_wmask_SB_LUT4_I3_O_SB_LUT4_O_I3_SB_LUT4_O_1_I3_SB_LUT4_O_I3_SB_LUT4_O_I3_SB_CARRY_CO_CI_SB_CARRY_CO_CI_SB_CARRY_CO_CI_SB_CARRY_CO_CI_SB_CARRY_CO_CI_SB_CARRY_CO_CI_SB_CARRY_CO_CI_SB_CARRY_CO_CI_SB_CARRY_CO_CI_SB_CARRY_CO_CI_SB_CARRY_CO_CI_SB_CARRY_CO_CI_SB_CARRY_CO_CI_SB_CARRY_CO_CI_SB_LUT4_I3_LC.COUT
Info:    routing  0.66  10.94 Net CPU.mem_wmask_SB_LUT4_I3_O_SB_LUT4_O_I3_SB_LUT4_O_1_I3_SB_LUT4_O_I3_SB_LUT4_O_I3_SB_CARRY_CO_CI_SB_CARRY_CO_CI_SB_CARRY_CO_CI_SB_CARRY_CO_CI_SB_CARRY_CO_CI_SB_CARRY_CO_CI_SB_CARRY_CO_CI_SB_CARRY_CO_CI_SB_CARRY_CO_CI_SB_CARRY_CO_CI_SB_CARRY_CO_CI_SB_CARRY_CO_CI_SB_CARRY_CO_CI (12,13) -> (12,13)
Info:                          Sink CPU.mem_wmask_SB_LUT4_I3_O_SB_LUT4_O_I3_SB_LUT4_O_1_I3_SB_LUT4_O_I3_SB_LUT4_O_I3_SB_CARRY_CO_CI_SB_CARRY_CO_CI_SB_CARRY_CO_CI_SB_CARRY_CO_CI_SB_CARRY_CO_CI_SB_CARRY_CO_CI_SB_CARRY_CO_CI_SB_CARRY_CO_CI_SB_CARRY_CO_CI_SB_CARRY_CO_CI_SB_CARRY_CO_CI_SB_CARRY_CO_CI_SB_CARRY_CO_CI_SB_LUT4_I3_LC.I3
Info:                          Defined in:
Info:                               femtorv32_quark.v:225.43-226.62
Info:                               /home/vic/Documents/UN/oss-cad-suite/lib/../share/yosys/ice40/arith_map.v:62.5-70.4
Info:                               /home/vic/Documents/UN/oss-cad-suite/lib/../share/yosys/ice40/cells_map.v:6.21-6.22
Info:      logic  0.87  11.81 Source CPU.mem_wmask_SB_LUT4_I3_O_SB_LUT4_O_I3_SB_LUT4_O_1_I3_SB_LUT4_O_I3_SB_LUT4_O_I3_SB_CARRY_CO_CI_SB_CARRY_CO_CI_SB_CARRY_CO_CI_SB_CARRY_CO_CI_SB_CARRY_CO_CI_SB_CARRY_CO_CI_SB_CARRY_CO_CI_SB_CARRY_CO_CI_SB_CARRY_CO_CI_SB_CARRY_CO_CI_SB_CARRY_CO_CI_SB_CARRY_CO_CI_SB_CARRY_CO_CI_SB_LUT4_I3_LC.O
Info:    routing  2.95  14.76 Net CPU.mem_wmask_SB_LUT4_I3_O_SB_LUT4_O_I3_SB_LUT4_O_1_I3_SB_LUT4_O_I3_SB_LUT4_O_I3_SB_CARRY_CO_CI_SB_CARRY_CO_CI_SB_CARRY_CO_CI_SB_CARRY_CO_CI_SB_CARRY_CO_CI_SB_CARRY_CO_CI_SB_CARRY_CO_CI_SB_CARRY_CO_CI_SB_CARRY_CO_CI_SB_CARRY_CO_CI_SB_CARRY_CO_CI_SB_CARRY_CO_CI_SB_CARRY_CO_CI_SB_LUT4_I3_O[3] (12,13) -> (12,9)
Info:                          Sink CPU.mem_wmask_SB_LUT4_I3_O_SB_LUT4_O_I3_SB_LUT4_O_1_I3_SB_LUT4_O_I3_SB_LUT4_O_I3_SB_CARRY_CO_CI_SB_CARRY_CO_CI_SB_CARRY_CO_CI_SB_CARRY_CO_CI_SB_CARRY_CO_CI_SB_CARRY_CO_CI_SB_CARRY_CO_CI_SB_CARRY_CO_CI_SB_CARRY_CO_CI_SB_CARRY_CO_CI_SB_CARRY_CO_CI_SB_CARRY_CO_CI_SB_LUT4_I3_O_SB_LUT4_I3_O_SB_LUT4_O_1_LC.I3
Info:                          Defined in:
Info:                               /home/vic/Documents/UN/oss-cad-suite/lib/../share/yosys/ice40/cells_map.v:6.21-6.22
Info:      logic  0.87  15.64 Source CPU.mem_wmask_SB_LUT4_I3_O_SB_LUT4_O_I3_SB_LUT4_O_1_I3_SB_LUT4_O_I3_SB_LUT4_O_I3_SB_CARRY_CO_CI_SB_CARRY_CO_CI_SB_CARRY_CO_CI_SB_CARRY_CO_CI_SB_CARRY_CO_CI_SB_CARRY_CO_CI_SB_CARRY_CO_CI_SB_CARRY_CO_CI_SB_CARRY_CO_CI_SB_CARRY_CO_CI_SB_CARRY_CO_CI_SB_CARRY_CO_CI_SB_LUT4_I3_O_SB_LUT4_I3_O_SB_LUT4_O_1_LC.O
Info:    routing  1.76  17.40 Net cfg_done_SB_LUT4_I1_I3_SB_LUT4_O_I3[0] (12,9) -> (13,10)
Info:                          Sink PER.enable_SB_LUT4_I1_I2_SB_LUT4_O_LC.I1
Info:                          Defined in:
Info:                               /home/vic/Documents/UN/oss-cad-suite/lib/../share/yosys/ice40/cells_map.v:6.21-6.22
Info:      logic  1.23  18.63 Source PER.enable_SB_LUT4_I1_I2_SB_LUT4_O_LC.O
Info:    routing  3.60  22.23 Net cfg_done_SB_LUT4_I1_O[1] (13,10) -> (15,16)
Info:                          Sink CPU.isJAL_SB_DFFE_Q_D_SB_LUT4_O_I2_SB_LUT4_O_I1_SB_LUT4_O_LC.I3
Info:                          Defined in:
Info:                               /home/vic/Documents/UN/oss-cad-suite/lib/../share/yosys/ice40/cells_map.v:6.21-6.22
Info:      logic  0.87  23.10 Source CPU.isJAL_SB_DFFE_Q_D_SB_LUT4_O_I2_SB_LUT4_O_I1_SB_LUT4_O_LC.O
Info:    routing  1.76  24.86 Net CPU.isJAL_SB_DFFE_Q_D_SB_LUT4_O_I2_SB_LUT4_O_I1[1] (15,16) -> (14,16)
Info:                          Sink ram1.0.1_RDATA_SB_LUT4_I3_O_SB_LUT4_I2_O_SB_LUT4_O_LC.I1
Info:                          Defined in:
Info:                               /home/vic/Documents/UN/oss-cad-suite/lib/../share/yosys/ice40/cells_map.v:6.21-6.22
Info:      logic  1.23  26.09 Source ram1.0.1_RDATA_SB_LUT4_I3_O_SB_LUT4_I2_O_SB_LUT4_O_LC.O
Info:    routing  2.95  29.05 Net ram1.0.1_RDATA_SB_LUT4_I3_O_SB_LUT4_I2_O[1] (14,16) -> (12,19)
Info:                          Sink ram3.0.1_RDATA_SB_LUT4_I2_O_SB_LUT4_O_LC.I3
Info:                          Defined in:
Info:                               /home/vic/Documents/UN/oss-cad-suite/lib/../share/yosys/ice40/cells_map.v:6.21-6.22
Info:      logic  0.87  29.92 Source ram3.0.1_RDATA_SB_LUT4_I2_O_SB_LUT4_O_LC.O
Info:    routing  2.41  32.33 Net ram3.0.1_RDATA_SB_LUT4_I2_O[2] (12,19) -> (13,22)
Info:                          Sink CPU.instr_SB_DFFE_Q_11_D_SB_LUT4_I3_I0_SB_LUT4_O_1_LC.I3
Info:                          Defined in:
Info:                               /home/vic/Documents/UN/oss-cad-suite/lib/../share/yosys/ice40/cells_map.v:6.21-6.22
Info:      logic  0.87  33.20 Source CPU.instr_SB_DFFE_Q_11_D_SB_LUT4_I3_I0_SB_LUT4_O_1_LC.O
Info:    routing  1.76  34.96 Net CPU.aluReg_SB_DFFE_Q_4_D_SB_LUT4_O_I2[1] (13,22) -> (14,22)
Info:                          Sink CPU.instr_SB_DFFE_Q_11_D_SB_LUT4_I3_I0_SB_LUT4_I3_2_LC.I3
Info:                          Defined in:
Info:                               /home/vic/Documents/UN/oss-cad-suite/lib/../share/yosys/ice40/cells_map.v:6.21-6.22
Info:      logic  0.87  35.84 Source CPU.instr_SB_DFFE_Q_11_D_SB_LUT4_I3_I0_SB_LUT4_I3_2_LC.O
Info:    routing  1.76  37.60 Net CPU.instr_SB_DFFE_Q_11_D_SB_LUT4_I3_I0_SB_LUT4_I3_3_O[1] (14,22) -> (14,22)
Info:                          Sink ram3.0.1_RDATA_3_SB_LUT4_I2_O_SB_LUT4_I3_O_SB_LUT4_O_1_LC.I2
Info:                          Defined in:
Info:                               /home/vic/Documents/UN/oss-cad-suite/lib/../share/yosys/ice40/cells_map.v:6.21-6.22
Info:      logic  1.21  38.80 Source ram3.0.1_RDATA_3_SB_LUT4_I2_O_SB_LUT4_I3_O_SB_LUT4_O_1_LC.O
Info:    routing  4.90  43.70 Net CPU.PC_SB_DFFESR_Q_10_D_SB_LUT4_O_I3_SB_LUT4_O_I2_SB_LUT4_I3_O_SB_LUT4_I3_O_SB_LUT4_I3_O_SB_LUT4_I3_O[3] (14,22) -> (12,6)
Info:                          Sink CPU.PC_SB_DFFESR_Q_10_D_SB_LUT4_O_I3_SB_LUT4_O_I2_SB_LUT4_I3_O_SB_LUT4_I3_O_SB_LUT4_I3_O_SB_LUT4_I3_O_SB_LUT4_I2_LC.I3
Info:                          Defined in:
Info:                               /home/vic/Documents/UN/oss-cad-suite/lib/../share/yosys/ice40/cells_map.v:6.21-6.22
Info:      logic  0.87  44.57 Source CPU.PC_SB_DFFESR_Q_10_D_SB_LUT4_O_I3_SB_LUT4_O_I2_SB_LUT4_I3_O_SB_LUT4_I3_O_SB_LUT4_I3_O_SB_LUT4_I3_O_SB_LUT4_I2_LC.O
Info:    routing  6.68  51.26 Net CPU.PC_SB_DFFESR_Q_10_D_SB_LUT4_O_I3_SB_LUT4_O_I2_SB_LUT4_I3_O_SB_LUT4_I3_O_SB_LUT4_I3_O_SB_LUT4_I3_O_SB_LUT4_I2_O (12,6) -> (2,30)
Info:                          Sink CPU.registerFile[9]_SB_DFFNE_Q_9_DFFLC.I0
Info:      setup  1.23  52.49 Source CPU.registerFile[9]_SB_DFFNE_Q_9_DFFLC.I0
Info: 14.85 ns logic, 37.65 ns routing

Info: Critical path report for cross-domain path '<async>' -> '<async>':
Info:       type curr  total name
Info:     source  0.00  0.00 Source clk$sb_io.D_IN_0
Info:    routing  9.41  9.41 Net clk$SB_IO_IN (13,0) -> (8,31)
Info:                          Sink cam_xclk$sb_io.D_OUT_0
Info:                          Defined in:
Info:                               cam_femto_multi.v:15.23-15.26
Info: 0.00 ns logic, 9.41 ns routing

Info: Critical path report for cross-domain path '<async>' -> 'posedge cam_pclk$SB_IO_IN_$glb_clk':
Info:       type curr  total name
Info:     source  0.00  0.00 Source cam_href$sb_io.D_IN_0
Info:    routing  3.15  3.15 Net cam_href$SB_IO_IN (18,0) -> (16,2)
Info:                          Sink lb_valid_SB_DFFSR_Q_R_SB_LUT4_O_LC.I2
Info:                          Defined in:
Info:                               /home/vic/Documents/UN/oss-cad-suite/lib/../share/yosys/ice40/cells_map.v:6.21-6.22
Info:      logic  1.21  4.36 Source lb_valid_SB_DFFSR_Q_R_SB_LUT4_O_LC.O
Info:    routing  1.76  6.12 Net lb_valid_SB_DFFSR_Q_R[0] (16,2) -> (16,2)
Info:                          Sink lb_valid_SB_DFFSR_Q_R_SB_LUT4_I2_LC.I2
Info:                          Defined in:
Info:                               /home/vic/Documents/UN/oss-cad-suite/lib/../share/yosys/ice40/cells_map.v:6.21-6.22
Info:      logic  1.21  7.32 Source lb_valid_SB_DFFSR_Q_R_SB_LUT4_I2_LC.O
Info:    routing  6.99  14.31 Net lb_valid_SB_DFFSR_Q_R_SB_LUT4_I2_O (16,2) -> (23,23)
Info:                          Sink lb_pix_SB_DFFE_Q_7_DFFLC.CEN
Info:      setup  0.10  14.41 Source lb_pix_SB_DFFE_Q_7_DFFLC.CEN
Info: 2.51 ns logic, 11.90 ns routing

Info: Critical path report for cross-domain path 'posedge clk$SB_IO_IN_$glb_clk' -> '<async>':
Info:       type curr  total name
Info:   clk-to-q  1.39  1.39 Source tft_dc_SB_LUT4_O_I3_SB_DFFE_Q_DFFLC.O
Info:    routing  4.79  6.18 Net tft_dc_SB_LUT4_O_I3 (5,3) -> (4,13)
Info:                          Sink tft_dc_SB_LUT4_O_LC.I3
Info:                          Defined in:
Info:                               /home/vic/Documents/UN/oss-cad-suite/lib/../share/yosys/ice40/cells_map.v:6.21-6.22
Info:      logic  0.87  7.05 Source tft_dc_SB_LUT4_O_LC.O
Info:    routing  5.45  12.51 Net tft_dc$SB_IO_OUT (4,13) -> (4,31)
Info:                          Sink tft_dc$sb_io.D_OUT_0
Info:                          Defined in:
Info:                               cam_femto_multi.v:25.23-25.29
Info: 2.26 ns logic, 10.24 ns routing

Info: Critical path report for cross-domain path 'posedge clk$SB_IO_IN_$glb_clk' -> 'posedge cam_pclk$SB_IO_IN_$glb_clk':
Info:       type curr  total name
Info:   clk-to-q  1.39  1.39 Source PER.mode_SB_DFFESR_Q_1_DFFLC.O
Info:    routing  3.60  4.99 Net cfg_done_SB_LUT4_I1_I3[0] (13,13) -> (16,8)
Info:                          Sink mode_m_SB_DFF_Q_1_DFFLC.I0
Info:                          Defined in:
Info:                               cam_femto_multi.v:158.16-158.24
Info:      setup  1.23  6.22 Source mode_m_SB_DFF_Q_1_DFFLC.I0
Info: 2.62 ns logic, 3.60 ns routing

Info: Max frequency for clock 'cam_pclk$SB_IO_IN_$glb_clk': 17.66 MHz (PASS at 12.00 MHz)
ERROR: Max frequency for clock      'clk$SB_IO_IN_$glb_clk': 9.53 MHz (FAIL at 12.00 MHz)

Info: Max delay <async>                       -> <async>                           : 9.41 ns
Info: Max delay <async>                       -> posedge cam_pclk$SB_IO_IN_$glb_clk: 14.41 ns
Info: Max delay posedge clk$SB_IO_IN_$glb_clk -> <async>                           : 12.51 ns
Info: Max delay posedge clk$SB_IO_IN_$glb_clk -> posedge cam_pclk$SB_IO_IN_$glb_clk: 6.22 ns

Info: Slack histogram:
Info:  legend: * represents 21 endpoint(s)
Info:          + represents [1,21) endpoint(s)
Info: [-10825,  -6279) |**********+
Info: [ -6279,  -1733) |************************************+
Info: [ -1733,   2813) |+
Info: [  2813,   7359) | 
Info: [  7359,  11905) |******+
Info: [ 11905,  16451) |**********************+
Info: [ 16451,  20997) |******************+
Info: [ 20997,  25543) |*****+
Info: [ 25543,  30089) |**+
Info: [ 30089,  34635) |+
Info: [ 34635,  39181) |****+
Info: [ 39181,  43727) |******+
Info: [ 43727,  48273) |***+
Info: [ 48273,  52819) |****+
Info: [ 52819,  57365) |**+
Info: [ 57365,  61911) |******+
Info: [ 61911,  66457) |**********+
Info: [ 66457,  71003) |*****************+
Info: [ 71003,  75549) |****************************+
Info: [ 75549,  80095) |************************************************************ 
1 warning, 1 error

Info: Program finished normally.
