
===========================================================================
report_checks -unconstrained
===========================================================================
======================= Typical Corner ===================================

Startpoint: _50377_ (rising edge-triggered flip-flop clocked by clk)
Endpoint: _50340_ (rising edge-triggered flip-flop clocked by clk)
Path Group: clk
Path Type: max

Fanout     Cap    Slew   Delay    Time   Description
-----------------------------------------------------------------------------
                          0.00    0.00   clock clk (rise edge)
                          0.00    0.00   clock source latency
                  0.63    0.46    0.46 ^ clk (in)
     3    0.14                           clk (net)
                  0.63    0.00    0.46 ^ clkbuf_0_clk/A (sky130_fd_sc_hd__clkbuf_16)
                  0.13    0.35    0.81 ^ clkbuf_0_clk/X (sky130_fd_sc_hd__clkbuf_16)
     5    0.12                           clknet_0_clk (net)
                  0.13    0.00    0.82 ^ clkbuf_2_3_0_clk/A (sky130_fd_sc_hd__clkbuf_8)
                  0.15    0.25    1.06 ^ clkbuf_2_3_0_clk/X (sky130_fd_sc_hd__clkbuf_8)
     3    0.08                           clknet_2_3_0_clk (net)
                  0.15    0.01    1.07 ^ clkbuf_3_6_0_clk/A (sky130_fd_sc_hd__clkbuf_8)
                  0.22    0.31    1.38 ^ clkbuf_3_6_0_clk/X (sky130_fd_sc_hd__clkbuf_8)
     9    0.13                           clknet_3_6_0_clk (net)
                  0.22    0.01    1.38 ^ clkbuf_6_49_0_clk/A (sky130_fd_sc_hd__clkbuf_8)
                  0.17    0.30    1.68 ^ clkbuf_6_49_0_clk/X (sky130_fd_sc_hd__clkbuf_8)
     7    0.10                           clknet_6_49_0_clk (net)
                  0.17    0.01    1.68 ^ clkbuf_leaf_335_clk/A (sky130_fd_sc_hd__clkbuf_16)
                  0.04    0.17    1.85 ^ clkbuf_leaf_335_clk/X (sky130_fd_sc_hd__clkbuf_16)
     3    0.01                           clknet_leaf_335_clk (net)
                  0.04    0.00    1.85 ^ _50377_/CLK (sky130_fd_sc_hd__dfxtp_1)
                  0.04    0.32    2.17 v _50377_/Q (sky130_fd_sc_hd__dfxtp_1)
     1    0.01                           clf.c0[1] (net)
                  0.04    0.00    2.17 v _23293_/A (sky130_fd_sc_hd__clkbuf_8)
                  0.09    0.20    2.37 v _23293_/X (sky130_fd_sc_hd__clkbuf_8)
    10    0.07                           _06185_ (net)
                  0.09    0.00    2.37 v _37988_/B (sky130_fd_sc_hd__xnor2_4)
                  0.32    0.31    2.68 ^ _37988_/Y (sky130_fd_sc_hd__xnor2_4)
     4    0.04                           _17120_ (net)
                  0.32    0.00    2.69 ^ _37995_/B (sky130_fd_sc_hd__xor2_4)
                  0.29    0.32    3.01 ^ _37995_/X (sky130_fd_sc_hd__xor2_4)
     3    0.04                           _17127_ (net)
                  0.29    0.00    3.01 ^ max_cap36/A (sky130_fd_sc_hd__buf_4)
                  0.18    0.30    3.31 ^ max_cap36/X (sky130_fd_sc_hd__buf_4)
     8    0.07                           net36 (net)
                  0.18    0.00    3.32 ^ _38023_/A (sky130_fd_sc_hd__xnor2_4)
                  0.30    0.21    3.52 ^ _38023_/Y (sky130_fd_sc_hd__xnor2_4)
     3    0.04                           _17155_ (net)
                  0.30    0.00    3.53 ^ _38024_/A (sky130_fd_sc_hd__buf_6)
                  0.17    0.27    3.79 ^ _38024_/X (sky130_fd_sc_hd__buf_6)
    10    0.08                           _17156_ (net)
                  0.17    0.00    3.79 ^ _38096_/A (sky130_fd_sc_hd__buf_4)
                  0.26    0.32    4.11 ^ _38096_/X (sky130_fd_sc_hd__buf_4)
    10    0.09                           _17228_ (net)
                  0.26    0.00    4.12 ^ _38115_/A (sky130_fd_sc_hd__nor2_2)
                  0.10    0.15    4.27 v _38115_/Y (sky130_fd_sc_hd__nor2_2)
     6    0.03                           _17247_ (net)
                  0.10    0.00    4.27 v _38117_/B (sky130_fd_sc_hd__or3_2)
                  0.12    0.55    4.82 v _38117_/X (sky130_fd_sc_hd__or3_2)
     3    0.02                           _17249_ (net)
                  0.12    0.00    4.82 v _38924_/B1 (sky130_fd_sc_hd__o311a_1)
                  0.06    0.17    4.98 v _38924_/X (sky130_fd_sc_hd__o311a_1)
     1    0.00                           _18031_ (net)
                  0.06    0.00    4.98 v _38925_/B1 (sky130_fd_sc_hd__a311o_1)
                  0.07    0.35    5.34 v _38925_/X (sky130_fd_sc_hd__a311o_1)
     1    0.01                           _18032_ (net)
                  0.07    0.00    5.34 v _38926_/B1 (sky130_fd_sc_hd__o311a_1)
                  0.06    0.14    5.48 v _38926_/X (sky130_fd_sc_hd__o311a_1)
     1    0.00                           _18033_ (net)
                  0.06    0.00    5.48 v _38927_/C (sky130_fd_sc_hd__or3_2)
                  0.14    0.53    6.01 v _38927_/X (sky130_fd_sc_hd__or3_2)
     1    0.03                           _18034_ (net)
                  0.14    0.00    6.01 v _38941_/B1 (sky130_fd_sc_hd__a32o_4)
                  0.10    0.37    6.38 v _38941_/X (sky130_fd_sc_hd__a32o_4)
     6    0.04                           _18048_ (net)
                  0.10    0.01    6.39 v _39051_/A (sky130_fd_sc_hd__buf_2)
                  0.08    0.21    6.60 v _39051_/X (sky130_fd_sc_hd__buf_2)
    10    0.03                           _18156_ (net)
                  0.08    0.00    6.60 v _39055_/A2 (sky130_fd_sc_hd__a22o_1)
                  0.05    0.27    6.87 v _39055_/X (sky130_fd_sc_hd__a22o_1)
     2    0.01                           _18160_ (net)
                  0.05    0.00    6.87 v _39057_/B (sky130_fd_sc_hd__and3_1)
                  0.06    0.20    7.06 v _39057_/X (sky130_fd_sc_hd__and3_1)
     3    0.01                           _18162_ (net)
                  0.06    0.00    7.06 v _39059_/B (sky130_fd_sc_hd__or3_1)
                  0.10    0.41    7.47 v _39059_/X (sky130_fd_sc_hd__or3_1)
     3    0.01                           _18164_ (net)
                  0.10    0.00    7.47 v _39062_/A1 (sky130_fd_sc_hd__a21o_1)
                  0.06    0.21    7.69 v _39062_/X (sky130_fd_sc_hd__a21o_1)
     3    0.01                           _18167_ (net)
                  0.06    0.00    7.69 v _39074_/A2 (sky130_fd_sc_hd__a21bo_1)
                  0.08    0.25    7.94 v _39074_/X (sky130_fd_sc_hd__a21bo_1)
     2    0.01                           _18178_ (net)
                  0.08    0.00    7.94 v _39109_/A1 (sky130_fd_sc_hd__a21o_1)
                  0.06    0.20    8.14 v _39109_/X (sky130_fd_sc_hd__a21o_1)
     2    0.01                           _18212_ (net)
                  0.06    0.00    8.14 v _39135_/A2 (sky130_fd_sc_hd__a21o_1)
                  0.06    0.22    8.36 v _39135_/X (sky130_fd_sc_hd__a21o_1)
     2    0.01                           _18237_ (net)
                  0.06    0.00    8.36 v _39159_/A2 (sky130_fd_sc_hd__a21o_1)
                  0.10    0.25    8.61 v _39159_/X (sky130_fd_sc_hd__a21o_1)
     4    0.02                           _18260_ (net)
                  0.10    0.00    8.61 v _39186_/B (sky130_fd_sc_hd__nand2_1)
                  0.07    0.10    8.71 ^ _39186_/Y (sky130_fd_sc_hd__nand2_1)
     1    0.01                           _18286_ (net)
                  0.07    0.00    8.71 ^ _39187_/S (sky130_fd_sc_hd__mux2_1)
                  0.08    0.37    9.08 v _39187_/X (sky130_fd_sc_hd__mux2_1)
     2    0.01                           _18287_ (net)
                  0.08    0.00    9.08 v _39188_/B (sky130_fd_sc_hd__xnor2_1)
                  0.08    0.17    9.25 v _39188_/Y (sky130_fd_sc_hd__xnor2_1)
     3    0.01                           _18288_ (net)
                  0.08    0.00    9.25 v _39221_/A1 (sky130_fd_sc_hd__o211a_1)
                  0.06    0.27    9.52 v _39221_/X (sky130_fd_sc_hd__o211a_1)
     2    0.01                           _18319_ (net)
                  0.06    0.00    9.52 v _39249_/C (sky130_fd_sc_hd__or3_2)
                  0.12    0.50   10.02 v _39249_/X (sky130_fd_sc_hd__or3_2)
     5    0.02                           _18347_ (net)
                  0.12    0.00   10.02 v _39307_/A2 (sky130_fd_sc_hd__a311o_2)
                  0.09    0.46   10.48 v _39307_/X (sky130_fd_sc_hd__a311o_2)
     5    0.02                           _18403_ (net)
                  0.09    0.00   10.48 v _39369_/A (sky130_fd_sc_hd__or4_1)
                  0.12    0.61   11.09 v _39369_/X (sky130_fd_sc_hd__or4_1)
     2    0.01                           _18461_ (net)
                  0.12    0.00   11.09 v _39388_/A2 (sky130_fd_sc_hd__a211oi_1)
                  0.37    0.42   11.51 ^ _39388_/Y (sky130_fd_sc_hd__a211oi_1)
     2    0.01                           _18478_ (net)
                  0.37    0.00   11.51 ^ _39402_/A2 (sky130_fd_sc_hd__a31o_1)
                  0.13    0.28   11.79 ^ _39402_/X (sky130_fd_sc_hd__a31o_1)
     3    0.01                           _18490_ (net)
                  0.13    0.00   11.80 ^ _39413_/A (sky130_fd_sc_hd__nand3_1)
                  0.12    0.13   11.92 v _39413_/Y (sky130_fd_sc_hd__nand3_1)
     2    0.01                           _18499_ (net)
                  0.12    0.00   11.93 v _39419_/A1 (sky130_fd_sc_hd__a21o_1)
                  0.06    0.22   12.15 v _39419_/X (sky130_fd_sc_hd__a21o_1)
     3    0.01                           _18505_ (net)
                  0.06    0.00   12.15 v _39425_/A2 (sky130_fd_sc_hd__a31o_1)
                  0.05    0.23   12.38 v _39425_/X (sky130_fd_sc_hd__a31o_1)
     1    0.01                           _18510_ (net)
                  0.05    0.00   12.38 v _39426_/B (sky130_fd_sc_hd__nor2_1)
                  0.10    0.10   12.48 ^ _39426_/Y (sky130_fd_sc_hd__nor2_1)
     1    0.00                           _18511_ (net)
                  0.10    0.00   12.48 ^ _39427_/B2 (sky130_fd_sc_hd__o221a_1)
                  0.04    0.18   12.66 ^ _39427_/X (sky130_fd_sc_hd__o221a_1)
     1    0.00                           _03800_ (net)
                  0.04    0.00   12.66 ^ _50340_/D (sky130_fd_sc_hd__dfxtp_4)
                                 12.66   data arrival time

                         30.00   30.00   clock clk (rise edge)
                          0.00   30.00   clock source latency
                  0.63    0.42   30.42 ^ clk (in)
     3    0.14                           clk (net)
                  0.63    0.00   30.42 ^ clkbuf_0_clk/A (sky130_fd_sc_hd__clkbuf_16)
                  0.13    0.32   30.74 ^ clkbuf_0_clk/X (sky130_fd_sc_hd__clkbuf_16)
     5    0.12                           clknet_0_clk (net)
                  0.13    0.00   30.74 ^ clkbuf_2_3_0_clk/A (sky130_fd_sc_hd__clkbuf_8)
                  0.15    0.22   30.96 ^ clkbuf_2_3_0_clk/X (sky130_fd_sc_hd__clkbuf_8)
     3    0.08                           clknet_2_3_0_clk (net)
                  0.15    0.00   30.97 ^ clkbuf_3_6_0_clk/A (sky130_fd_sc_hd__clkbuf_8)
                  0.22    0.28   31.25 ^ clkbuf_3_6_0_clk/X (sky130_fd_sc_hd__clkbuf_8)
     9    0.13                           clknet_3_6_0_clk (net)
                  0.22    0.00   31.25 ^ clkbuf_6_50_0_clk/A (sky130_fd_sc_hd__clkbuf_8)
                  0.24    0.31   31.56 ^ clkbuf_6_50_0_clk/X (sky130_fd_sc_hd__clkbuf_8)
    10    0.14                           clknet_6_50_0_clk (net)
                  0.24    0.00   31.57 ^ clkbuf_leaf_496_clk/A (sky130_fd_sc_hd__clkbuf_16)
                  0.05    0.18   31.75 ^ clkbuf_leaf_496_clk/X (sky130_fd_sc_hd__clkbuf_16)
     6    0.02                           clknet_leaf_496_clk (net)
                  0.05    0.00   31.75 ^ _50340_/CLK (sky130_fd_sc_hd__dfxtp_4)
                         -0.25   31.50   clock uncertainty
                          0.13   31.63   clock reconvergence pessimism
                         -0.06   31.57   library setup time
                                 31.57   data required time
-----------------------------------------------------------------------------
                                 31.57   data required time
                                -12.66   data arrival time
-----------------------------------------------------------------------------
                                 18.91   slack (MET)




===========================================================================
report_checks --slack_max -0.01
============================================================================
======================= Typical Corner ===================================

No paths found.


===========================================================================
 report_check_types -max_slew -max_cap -max_fanout -violators
============================================================================
======================= Typical Corner ===================================

max slew

Pin                                    Limit    Slew   Slack
------------------------------------------------------------
_28624_/A                               0.75    0.76   -0.01 (VIOLATED)
ANTENNA_175/DIODE                       0.75    0.76   -0.01 (VIOLATED)
_32925_/B                               0.75    0.76   -0.01 (VIOLATED)
ANTENNA_178/DIODE                       0.75    0.76   -0.01 (VIOLATED)
ANTENNA_173/DIODE                       0.75    0.76   -0.01 (VIOLATED)
ANTENNA_171/DIODE                       0.75    0.76   -0.01 (VIOLATED)
ANTENNA_169/DIODE                       0.75    0.76   -0.01 (VIOLATED)
ANTENNA_167/DIODE                       0.75    0.76   -0.01 (VIOLATED)
ANTENNA_165/DIODE                       0.75    0.76   -0.01 (VIOLATED)
_34030_/B                               0.75    0.76   -0.01 (VIOLATED)
ANTENNA_164/DIODE                       0.75    0.76   -0.01 (VIOLATED)
ANTENNA_174/DIODE                       0.75    0.76   -0.01 (VIOLATED)
ANTENNA_172/DIODE                       0.75    0.76   -0.01 (VIOLATED)
ANTENNA_166/DIODE                       0.75    0.76   -0.01 (VIOLATED)
ANTENNA_170/DIODE                       0.75    0.76   -0.01 (VIOLATED)
ANTENNA_168/DIODE                       0.75    0.76   -0.01 (VIOLATED)
ANTENNA_177/DIODE                       0.75    0.76   -0.01 (VIOLATED)
_31040_/A                               0.75    0.76   -0.01 (VIOLATED)
ANTENNA_182/DIODE                       0.75    0.76   -0.01 (VIOLATED)
_30805_/B                               0.75    0.76   -0.01 (VIOLATED)
ANTENNA_176/DIODE                       0.75    0.76   -0.01 (VIOLATED)
ANTENNA_179/DIODE                       0.75    0.76   -0.01 (VIOLATED)
ANTENNA_180/DIODE                       0.75    0.76   -0.01 (VIOLATED)
ANTENNA_181/DIODE                       0.75    0.76   -0.01 (VIOLATED)
ANTENNA_183/DIODE                       0.75    0.76   -0.01 (VIOLATED)
ANTENNA_162/DIODE                       0.75    0.76   -0.01 (VIOLATED)
ANTENNA_160/DIODE                       0.75    0.76   -0.01 (VIOLATED)
ANTENNA_158/DIODE                       0.75    0.76   -0.01 (VIOLATED)
ANTENNA_156/DIODE                       0.75    0.76   -0.01 (VIOLATED)
ANTENNA_163/DIODE                       0.75    0.76   -0.01 (VIOLATED)
ANTENNA_161/DIODE                       0.75    0.76   -0.01 (VIOLATED)
ANTENNA_154/DIODE                       0.75    0.76   -0.01 (VIOLATED)
ANTENNA_159/DIODE                       0.75    0.76   -0.01 (VIOLATED)
ANTENNA_157/DIODE                       0.75    0.76   -0.01 (VIOLATED)
ANTENNA_155/DIODE                       0.75    0.76   -0.01 (VIOLATED)
ANTENNA_153/DIODE                       0.75    0.76   -0.01 (VIOLATED)
_28623_/X                               0.75    0.76   -0.01 (VIOLATED)

max fanout

Pin                                   Limit Fanout  Slack
---------------------------------------------------------
_28623_/X                                10     36    -26 (VIOLATED)
_33385_/X                                10     25    -15 (VIOLATED)
_43477_/X                                10     25    -15 (VIOLATED)
input19/X                                10     24    -14 (VIOLATED)
_27687_/X                                10     22    -12 (VIOLATED)
clkbuf_6_5_0_clk/X                       10     22    -12 (VIOLATED)
input12/X                                10     21    -11 (VIOLATED)
clkbuf_6_31_0_clk/X                      10     20    -10 (VIOLATED)
_27692_/X                                10     19     -9 (VIOLATED)
clkbuf_6_26_0_clk/X                      10     19     -9 (VIOLATED)
_34525_/X                                10     18     -8 (VIOLATED)
clkbuf_6_15_0_clk/X                      10     18     -8 (VIOLATED)
clkbuf_6_17_0_clk/X                      10     18     -8 (VIOLATED)
clkbuf_6_18_0_clk/X                      10     18     -8 (VIOLATED)
_28219_/X                                10     17     -7 (VIOLATED)
_34531_/X                                10     17     -7 (VIOLATED)
_34537_/X                                10     17     -7 (VIOLATED)
clkbuf_6_14_0_clk/X                      10     17     -7 (VIOLATED)
clkbuf_6_16_0_clk/X                      10     17     -7 (VIOLATED)
_27748_/X                                10     16     -6 (VIOLATED)
_29328_/X                                10     16     -6 (VIOLATED)
_29679_/X                                10     16     -6 (VIOLATED)
_29737_/X                                10     16     -6 (VIOLATED)
_34517_/X                                10     16     -6 (VIOLATED)
_43080_/X                                10     16     -6 (VIOLATED)
_43254_/X                                10     16     -6 (VIOLATED)
clkbuf_6_12_0_clk/X                      10     16     -6 (VIOLATED)
clkbuf_6_13_0_clk/X                      10     16     -6 (VIOLATED)
clkbuf_6_28_0_clk/X                      10     16     -6 (VIOLATED)
clkbuf_6_29_0_clk/X                      10     16     -6 (VIOLATED)
clkbuf_6_62_0_clk/X                      10     16     -6 (VIOLATED)
clkbuf_6_7_0_clk/X                       10     16     -6 (VIOLATED)
clkbuf_6_8_0_clk/X                       10     16     -6 (VIOLATED)
_27702_/X                                10     15     -5 (VIOLATED)
_27707_/X                                10     15     -5 (VIOLATED)
_27810_/X                                10     15     -5 (VIOLATED)
_34522_/X                                10     15     -5 (VIOLATED)
clkbuf_6_1_0_clk/X                       10     15     -5 (VIOLATED)
clkbuf_6_30_0_clk/X                      10     15     -5 (VIOLATED)
clkbuf_6_40_0_clk/X                      10     15     -5 (VIOLATED)
clkbuf_6_4_0_clk/X                       10     15     -5 (VIOLATED)
clkbuf_6_9_0_clk/X                       10     15     -5 (VIOLATED)
input4/X                                 10     15     -5 (VIOLATED)
_27677_/X                                10     14     -4 (VIOLATED)
_27863_/X                                10     14     -4 (VIOLATED)
_28399_/X                                10     14     -4 (VIOLATED)
_29871_/X                                10     14     -4 (VIOLATED)
_32751_/X                                10     14     -4 (VIOLATED)
_34528_/X                                10     14     -4 (VIOLATED)
_43911_/X                                10     14     -4 (VIOLATED)
clkbuf_6_11_0_clk/X                      10     14     -4 (VIOLATED)
clkbuf_6_27_0_clk/X                      10     14     -4 (VIOLATED)
clkbuf_6_33_0_clk/X                      10     14     -4 (VIOLATED)
clkbuf_6_34_0_clk/X                      10     14     -4 (VIOLATED)
clkbuf_6_37_0_clk/X                      10     14     -4 (VIOLATED)
clkbuf_6_6_0_clk/X                       10     14     -4 (VIOLATED)
clkbuf_leaf_224_clk/X                    10     14     -4 (VIOLATED)
clkbuf_leaf_297_clk/X                    10     14     -4 (VIOLATED)
clkbuf_leaf_357_clk/X                    10     14     -4 (VIOLATED)
clkbuf_leaf_36_clk/X                     10     14     -4 (VIOLATED)
clkbuf_leaf_439_clk/X                    10     14     -4 (VIOLATED)
clkbuf_leaf_750_clk/X                    10     14     -4 (VIOLATED)
input6/X                                 10     14     -4 (VIOLATED)
_23500_/X                                10     13     -3 (VIOLATED)
_23812_/X                                10     13     -3 (VIOLATED)
_23846_/X                                10     13     -3 (VIOLATED)
_27672_/X                                10     13     -3 (VIOLATED)
_27697_/X                                10     13     -3 (VIOLATED)
_27778_/X                                10     13     -3 (VIOLATED)
_32830_/X                                10     13     -3 (VIOLATED)
_34543_/X                                10     13     -3 (VIOLATED)
_43905_/X                                10     13     -3 (VIOLATED)
clkbuf_6_36_0_clk/X                      10     13     -3 (VIOLATED)
clkbuf_6_3_0_clk/X                       10     13     -3 (VIOLATED)
clkbuf_6_46_0_clk/X                      10     13     -3 (VIOLATED)
clkbuf_6_51_0_clk/X                      10     13     -3 (VIOLATED)
clkbuf_6_55_0_clk/X                      10     13     -3 (VIOLATED)
clkbuf_6_63_0_clk/X                      10     13     -3 (VIOLATED)
clkbuf_leaf_139_clk/X                    10     13     -3 (VIOLATED)
clkbuf_leaf_205_clk/X                    10     13     -3 (VIOLATED)
clkbuf_leaf_207_clk/X                    10     13     -3 (VIOLATED)
clkbuf_leaf_233_clk/X                    10     13     -3 (VIOLATED)
clkbuf_leaf_25_clk/X                     10     13     -3 (VIOLATED)
clkbuf_leaf_326_clk/X                    10     13     -3 (VIOLATED)
clkbuf_leaf_399_clk/X                    10     13     -3 (VIOLATED)
clkbuf_leaf_423_clk/X                    10     13     -3 (VIOLATED)
clkbuf_leaf_48_clk/X                     10     13     -3 (VIOLATED)
clkbuf_leaf_526_clk/X                    10     13     -3 (VIOLATED)
clkbuf_leaf_574_clk/X                    10     13     -3 (VIOLATED)
clkbuf_leaf_619_clk/X                    10     13     -3 (VIOLATED)
clkbuf_leaf_707_clk/X                    10     13     -3 (VIOLATED)
clkbuf_leaf_765_clk/X                    10     13     -3 (VIOLATED)
clkbuf_leaf_797_clk/X                    10     13     -3 (VIOLATED)
clkbuf_leaf_804_clk/X                    10     13     -3 (VIOLATED)
_23381_/X                                10     12     -2 (VIOLATED)
_23391_/X                                10     12     -2 (VIOLATED)
_23512_/X                                10     12     -2 (VIOLATED)
_23532_/X                                10     12     -2 (VIOLATED)
_23659_/X                                10     12     -2 (VIOLATED)
_26544_/X                                10     12     -2 (VIOLATED)
_27758_/X                                10     12     -2 (VIOLATED)
_27770_/X                                10     12     -2 (VIOLATED)
_27787_/X                                10     12     -2 (VIOLATED)
_28098_/X                                10     12     -2 (VIOLATED)
_28099_/X                                10     12     -2 (VIOLATED)
_28194_/X                                10     12     -2 (VIOLATED)
_28556_/X                                10     12     -2 (VIOLATED)
_29767_/X                                10     12     -2 (VIOLATED)
_32839_/X                                10     12     -2 (VIOLATED)
_32848_/X                                10     12     -2 (VIOLATED)
_45057_/X                                10     12     -2 (VIOLATED)
clkbuf_6_10_0_clk/X                      10     12     -2 (VIOLATED)
clkbuf_6_20_0_clk/X                      10     12     -2 (VIOLATED)
clkbuf_6_22_0_clk/X                      10     12     -2 (VIOLATED)
clkbuf_6_25_0_clk/X                      10     12     -2 (VIOLATED)
clkbuf_6_38_0_clk/X                      10     12     -2 (VIOLATED)
clkbuf_6_41_0_clk/X                      10     12     -2 (VIOLATED)
clkbuf_6_43_0_clk/X                      10     12     -2 (VIOLATED)
clkbuf_6_44_0_clk/X                      10     12     -2 (VIOLATED)
clkbuf_6_47_0_clk/X                      10     12     -2 (VIOLATED)
clkbuf_6_54_0_clk/X                      10     12     -2 (VIOLATED)
clkbuf_6_57_0_clk/X                      10     12     -2 (VIOLATED)
clkbuf_6_61_0_clk/X                      10     12     -2 (VIOLATED)
clkbuf_leaf_106_clk/X                    10     12     -2 (VIOLATED)
clkbuf_leaf_17_clk/X                     10     12     -2 (VIOLATED)
clkbuf_leaf_208_clk/X                    10     12     -2 (VIOLATED)
clkbuf_leaf_214_clk/X                    10     12     -2 (VIOLATED)
clkbuf_leaf_246_clk/X                    10     12     -2 (VIOLATED)
clkbuf_leaf_274_clk/X                    10     12     -2 (VIOLATED)
clkbuf_leaf_283_clk/X                    10     12     -2 (VIOLATED)
clkbuf_leaf_301_clk/X                    10     12     -2 (VIOLATED)
clkbuf_leaf_305_clk/X                    10     12     -2 (VIOLATED)
clkbuf_leaf_309_clk/X                    10     12     -2 (VIOLATED)
clkbuf_leaf_35_clk/X                     10     12     -2 (VIOLATED)
clkbuf_leaf_371_clk/X                    10     12     -2 (VIOLATED)
clkbuf_leaf_404_clk/X                    10     12     -2 (VIOLATED)
clkbuf_leaf_409_clk/X                    10     12     -2 (VIOLATED)
clkbuf_leaf_40_clk/X                     10     12     -2 (VIOLATED)
clkbuf_leaf_443_clk/X                    10     12     -2 (VIOLATED)
clkbuf_leaf_462_clk/X                    10     12     -2 (VIOLATED)
clkbuf_leaf_524_clk/X                    10     12     -2 (VIOLATED)
clkbuf_leaf_58_clk/X                     10     12     -2 (VIOLATED)
clkbuf_leaf_609_clk/X                    10     12     -2 (VIOLATED)
clkbuf_leaf_651_clk/X                    10     12     -2 (VIOLATED)
clkbuf_leaf_652_clk/X                    10     12     -2 (VIOLATED)
clkbuf_leaf_693_clk/X                    10     12     -2 (VIOLATED)
clkbuf_leaf_722_clk/X                    10     12     -2 (VIOLATED)
clkbuf_leaf_76_clk/X                     10     12     -2 (VIOLATED)
clkbuf_leaf_792_clk/X                    10     12     -2 (VIOLATED)
clkbuf_leaf_80_clk/X                     10     12     -2 (VIOLATED)
clkbuf_leaf_827_clk/X                    10     12     -2 (VIOLATED)
_23338_/X                                10     11        (VIOLATED)
_23373_/X                                10     11        (VIOLATED)
_23408_/X                                10     11        (VIOLATED)
_23411_/X                                10     11        (VIOLATED)
_23557_/X                                10     11        (VIOLATED)
_23599_/X                                10     11        (VIOLATED)
_23645_/X                                10     11        (VIOLATED)
_23778_/X                                10     11        (VIOLATED)
_26521_/X                                10     11        (VIOLATED)
_26546_/X                                10     11        (VIOLATED)
_27648_/X                                10     11        (VIOLATED)
_27665_/X                                10     11        (VIOLATED)
_27682_/X                                10     11        (VIOLATED)
_27761_/X                                10     11        (VIOLATED)
_27782_/X                                10     11        (VIOLATED)
_28233_/X                                10     11        (VIOLATED)
_28234_/X                                10     11        (VIOLATED)
_28624_/X                                10     11        (VIOLATED)
_32823_/X                                10     11        (VIOLATED)
_32842_/X                                10     11        (VIOLATED)
_34155_/X                                10     11        (VIOLATED)
_34534_/X                                10     11        (VIOLATED)
_39982_/X                                10     11        (VIOLATED)
_40429_/X                                10     11        (VIOLATED)
_43023_/X                                10     11        (VIOLATED)
_43072_/X                                10     11        (VIOLATED)
_43092_/X                                10     11        (VIOLATED)
_43188_/X                                10     11        (VIOLATED)
clkbuf_6_0_0_clk/X                       10     11        (VIOLATED)
clkbuf_6_19_0_clk/X                      10     11        (VIOLATED)
clkbuf_6_24_0_clk/X                      10     11        (VIOLATED)
clkbuf_6_2_0_clk/X                       10     11        (VIOLATED)
clkbuf_6_32_0_clk/X                      10     11        (VIOLATED)
clkbuf_6_35_0_clk/X                      10     11        (VIOLATED)
clkbuf_6_45_0_clk/X                      10     11        (VIOLATED)
clkbuf_6_52_0_clk/X                      10     11        (VIOLATED)
clkbuf_6_60_0_clk/X                      10     11        (VIOLATED)
clkbuf_leaf_101_clk/X                    10     11        (VIOLATED)
clkbuf_leaf_117_clk/X                    10     11        (VIOLATED)
clkbuf_leaf_136_clk/X                    10     11        (VIOLATED)
clkbuf_leaf_147_clk/X                    10     11        (VIOLATED)
clkbuf_leaf_151_clk/X                    10     11        (VIOLATED)
clkbuf_leaf_159_clk/X                    10     11        (VIOLATED)
clkbuf_leaf_160_clk/X                    10     11        (VIOLATED)
clkbuf_leaf_162_clk/X                    10     11        (VIOLATED)
clkbuf_leaf_187_clk/X                    10     11        (VIOLATED)
clkbuf_leaf_189_clk/X                    10     11        (VIOLATED)
clkbuf_leaf_190_clk/X                    10     11        (VIOLATED)
clkbuf_leaf_21_clk/X                     10     11        (VIOLATED)
clkbuf_leaf_237_clk/X                    10     11        (VIOLATED)
clkbuf_leaf_247_clk/X                    10     11        (VIOLATED)
clkbuf_leaf_26_clk/X                     10     11        (VIOLATED)
clkbuf_leaf_28_clk/X                     10     11        (VIOLATED)
clkbuf_leaf_302_clk/X                    10     11        (VIOLATED)
clkbuf_leaf_306_clk/X                    10     11        (VIOLATED)
clkbuf_leaf_315_clk/X                    10     11        (VIOLATED)
clkbuf_leaf_330_clk/X                    10     11        (VIOLATED)
clkbuf_leaf_352_clk/X                    10     11        (VIOLATED)
clkbuf_leaf_374_clk/X                    10     11        (VIOLATED)
clkbuf_leaf_386_clk/X                    10     11        (VIOLATED)
clkbuf_leaf_396_clk/X                    10     11        (VIOLATED)
clkbuf_leaf_398_clk/X                    10     11        (VIOLATED)
clkbuf_leaf_41_clk/X                     10     11        (VIOLATED)
clkbuf_leaf_42_clk/X                     10     11        (VIOLATED)
clkbuf_leaf_434_clk/X                    10     11        (VIOLATED)
clkbuf_leaf_478_clk/X                    10     11        (VIOLATED)
clkbuf_leaf_490_clk/X                    10     11        (VIOLATED)
clkbuf_leaf_509_clk/X                    10     11        (VIOLATED)
clkbuf_leaf_521_clk/X                    10     11        (VIOLATED)
clkbuf_leaf_54_clk/X                     10     11        (VIOLATED)
clkbuf_leaf_550_clk/X                    10     11        (VIOLATED)
clkbuf_leaf_554_clk/X                    10     11        (VIOLATED)
clkbuf_leaf_557_clk/X                    10     11        (VIOLATED)
clkbuf_leaf_573_clk/X                    10     11        (VIOLATED)
clkbuf_leaf_591_clk/X                    10     11        (VIOLATED)
clkbuf_leaf_656_clk/X                    10     11        (VIOLATED)
clkbuf_leaf_662_clk/X                    10     11        (VIOLATED)
clkbuf_leaf_682_clk/X                    10     11        (VIOLATED)
clkbuf_leaf_697_clk/X                    10     11        (VIOLATED)
clkbuf_leaf_700_clk/X                    10     11        (VIOLATED)
clkbuf_leaf_730_clk/X                    10     11        (VIOLATED)
clkbuf_leaf_734_clk/X                    10     11        (VIOLATED)
clkbuf_leaf_746_clk/X                    10     11        (VIOLATED)
clkbuf_leaf_760_clk/X                    10     11        (VIOLATED)
clkbuf_leaf_780_clk/X                    10     11        (VIOLATED)
clkbuf_leaf_78_clk/X                     10     11        (VIOLATED)
clkbuf_leaf_814_clk/X                    10     11        (VIOLATED)
clkbuf_leaf_820_clk/X                    10     11        (VIOLATED)
clkbuf_leaf_824_clk/X                    10     11        (VIOLATED)
clkbuf_leaf_833_clk/X                    10     11        (VIOLATED)
clkbuf_leaf_834_clk/X                    10     11        (VIOLATED)
input7/X                                 10     11        (VIOLATED)



===========================================================================
report_parasitic_annotation -report_unannotated
============================================================================
Found 0 unannotated drivers.
Found 0 partially unannotated drivers.

===========================================================================
max slew violation count 37
max fanout violation count 243
max cap violation count 0
============================================================================

===========================================================================
check_setup -verbose -unconstrained_endpoints -multiple_clock -no_clock -no_input_delay -loops -generated_clocks
===========================================================================
