Partial/Required:  3.09, Required:    400.0, Partial:  1235.89, Net: _13438_, Pin: _33085_/A1, Layer: met1
Partial/Required:  3.05, Required:    400.0, Partial:  1220.44, Net: _10522_, Pin: _28242_/A1, Layer: met1
Partial/Required:  2.48, Required:    400.0, Partial:   993.44, Net: _11326_, Pin: _29038_/A0, Layer: met1
Partial/Required:  2.38, Required:    400.0, Partial:   952.78, Net: clf.wr_addr\[6\], Pin: _27653_/A, Layer: met1
Partial/Required:  2.26, Required:    400.0, Partial:   905.96, Net: _06584_, Pin: _26255_/B1, Layer: met2
Partial/Required:  2.22, Required:    400.0, Partial:   888.11, Net: _21082_, Pin: _45531_/A, Layer: met1
Partial/Required:  2.18, Required:    400.0, Partial:   871.22, Net: _15744_, Pin: _36367_/A1, Layer: met1
Partial/Required:  2.16, Required:    400.0, Partial:   865.56, Net: _10807_, Pin: _30609_/B, Layer: met1
Partial/Required:  2.13, Required:    400.0, Partial:   850.89, Net: _13436_, Pin: _33196_/A1, Layer: met1
Partial/Required:  2.10, Required:    400.0, Partial:   841.33, Net: clf.wr_addr\[7\], Pin: _31821_/B, Layer: met1
Partial/Required:  2.05, Required:    400.0, Partial:   821.44, Net: _11478_, Pin: _29436_/A1, Layer: met1
Partial/Required:  2.03, Required:    400.0, Partial:   810.28, Net: _20980_, Pin: _44729_/A, Layer: met2
Partial/Required:  2.01, Required:    400.0, Partial:   803.22, Net: _10702_, Pin: _32917_/A1, Layer: met1
Partial/Required:  1.98, Required:    400.0, Partial:   792.11, Net: _13465_, Pin: _32878_/A0, Layer: met1
Partial/Required:  1.95, Required:    400.0, Partial:   778.67, Net: _20384_, Pin: _42256_/C, Layer: met1
Partial/Required:  1.93, Required:    400.0, Partial:   772.78, Net: _15862_, Pin: _36488_/A1, Layer: met1
Partial/Required:  1.93, Required:    400.0, Partial:   770.56, Net: _13743_, Pin: _33538_/A1, Layer: met1
Partial/Required:  1.93, Required:    400.0, Partial:    770.0, Net: clf.wr_addr\[0\], Pin: _31799_/A0, Layer: met1
Partial/Required:  1.88, Required:    400.0, Partial:   751.56, Net: ext.LBG.q_a\[6\], Pin: _41032_/B, Layer: met1
Partial/Required:  1.81, Required:    400.0, Partial:   725.67, Net: _11324_, Pin: _29093_/A0, Layer: met1
Partial/Required:  1.79, Required:    400.0, Partial:   716.33, Net: _10850_, Pin: _28302_/A0, Layer: met1
Partial/Required:  1.75, Required:    400.0, Partial:   700.44, Net: _21189_, Pin: _44108_/A1, Layer: met2
Partial/Required:  1.74, Required:    400.0, Partial:   697.56, Net: _13459_, Pin: _32998_/A0, Layer: met1
Partial/Required:  1.65, Required:    400.0, Partial:   658.06, Net: _20904_, Pin: _45257_/A1, Layer: met1
Partial/Required:  1.65, Required:    400.0, Partial:   658.06, Net: _20904_, Pin: _45443_/A1, Layer: met1
Partial/Required:  1.62, Required:    400.0, Partial:   648.13, Net: _03841_, Pin: _39745_/A1, Layer: met1
Partial/Required:  1.62, Required:    400.0, Partial:   647.24, Net: _11314_, Pin: _29693_/A0, Layer: met3
Partial/Required:  1.61, Required:    400.0, Partial:   643.81, Net: _14377_, Pin: _35271_/A0, Layer: met3
Partial/Required:  1.60, Required:    400.0, Partial:   638.39, Net: _14377_, Pin: _34566_/A0, Layer: met2
Partial/Required:  1.57, Required:    400.0, Partial:   629.56, Net: _11283_, Pin: _29186_/A1, Layer: met1
Partial/Required:  1.56, Required:    400.0, Partial:   623.11, Net: ext.LBG.q_a\[5\], Pin: _36705_/A1, Layer: met1
Partial/Required:  1.54, Required:    400.0, Partial:   615.89, Net: _13135_, Pin: _32356_/A1, Layer: met1
Partial/Required:  1.49, Required:    400.0, Partial:   595.78, Net: _10850_, Pin: _28417_/A0, Layer: met1
Partial/Required:  1.48, Required:    400.0, Partial:   590.55, Net: _06263_, Pin: _23601_/A, Layer: met1
Partial/Required:  1.43, Required:    400.0, Partial:   572.28, Net: _06445_, Pin: _23559_/S, Layer: met1
Partial/Required:  1.43, Required:    400.0, Partial:   570.44, Net: _21427_, Pin: _43897_/A0, Layer: met1
Partial/Required:  1.42, Required:    400.0, Partial:   568.44, Net: _11780_, Pin: _30380_/A1, Layer: met1
Partial/Required:  1.42, Required:    400.0, Partial:   567.44, Net: _14063_, Pin: _34132_/A0, Layer: met1
Partial/Required:  1.40, Required:    400.0, Partial:   561.56, Net: _12397_, Pin: _31426_/A0, Layer: met1
Partial/Required:  1.37, Required:    400.0, Partial:   548.44, Net: _11322_, Pin: _29615_/A0, Layer: met1
Partial/Required:  1.36, Required:    400.0, Partial:   545.78, Net: _13453_, Pin: _32966_/A0, Layer: met1
Partial/Required:  1.35, Required:    400.0, Partial:   541.11, Net: _10633_, Pin: _30287_/B, Layer: met1
Partial/Required:  1.35, Required:    400.0, Partial:   538.11, Net: _09678_, Pin: _26823_/B2, Layer: met1
Partial/Required:  1.34, Required:    400.0, Partial:   537.89, Net: _06594_, Pin: _25105_/S, Layer: met1
Partial/Required:  1.34, Required:    400.0, Partial:   535.67, Net: _20905_, Pin: _43020_/A1, Layer: met1
Partial/Required:  1.34, Required:    400.0, Partial:   534.89, Net: _10601_, Pin: _28022_/A0, Layer: met1
Partial/Required:  1.33, Required:    400.0, Partial:   533.28, Net: _13434_, Pin: _32903_/A1, Layer: met2
Partial/Required:  1.33, Required:    400.0, Partial:   533.11, Net: _18944_, Pin: _40176_/A1, Layer: met1
Partial/Required:  1.32, Required:    400.0, Partial:   529.89, Net: _13434_, Pin: _33194_/A1, Layer: met1
Partial/Required:  1.32, Required:    400.0, Partial:   526.17, Net: _12132_, Pin: _30538_/A1, Layer: met2
Partial/Required:  1.32, Required:    400.0, Partial:   526.17, Net: _12132_, Pin: _30706_/A1, Layer: met2
Partial/Required:  1.32, Required:    400.0, Partial:   526.17, Net: _12132_, Pin: _31166_/A1, Layer: met2
Partial/Required:  1.32, Required:    400.0, Partial:   526.17, Net: _12132_, Pin: _30998_/A1, Layer: met2
Partial/Required:  1.31, Required:    400.0, Partial:   525.11, Net: _10586_, Pin: _28012_/A0, Layer: met2
Partial/Required:  1.31, Required:    400.0, Partial:   524.22, Net: _22092_, Pin: _45300_/A0, Layer: met1
Partial/Required:  1.31, Required:    400.0, Partial:   523.46, Net: ext.LBS.cur\[6\], Pin: _36555_/A, Layer: met1
Partial/Required:  1.30, Required:    400.0, Partial:    519.5, Net: _06623_, Pin: _23740_/A, Layer: met2
Partial/Required:  1.29, Required:    400.0, Partial:    516.0, Net: _19559_, Pin: _40970_/A0, Layer: met1
Partial/Required:  1.29, Required:    400.0, Partial:    516.0, Net: _19597_, Pin: _41009_/A0, Layer: met1
Partial/Required:  1.29, Required:    400.0, Partial:   515.78, Net: ext.LBS.cur\[0\], Pin: _36222_/A1, Layer: met1
Partial/Required:  1.29, Required:    400.0, Partial:   514.33, Net: _10592_, Pin: _28175_/A0, Layer: met2
Partial/Required:  1.28, Required:    400.0, Partial:   513.67, Net: _20033_, Pin: _42079_/A1, Layer: met1
Partial/Required:  1.27, Required:    400.0, Partial:   508.67, Net: _11265_, Pin: _28946_/A1, Layer: met1
Partial/Required:  1.27, Required:    400.0, Partial:   507.79, Net: _14856_, Pin: _35889_/B1, Layer: met1
Partial/Required:  1.26, Required:    400.0, Partial:   504.35, Net: _06712_, Pin: _25872_/B1, Layer: met1
Partial/Required:  1.26, Required:    400.0, Partial:   504.33, Net: _10586_, Pin: _27910_/A0, Layer: met1
Partial/Required:  1.23, Required:    400.0, Partial:   493.81, Net: _06295_, Pin: _23695_/S1, Layer: met2
Partial/Required:  1.23, Required:    400.0, Partial:   493.33, Net: _10854_, Pin: _28360_/A0, Layer: met1
Partial/Required:  1.23, Required:    400.0, Partial:   493.11, Net: _12119_, Pin: _30638_/A1, Layer: met1
Partial/Required:  1.23, Required:    400.0, Partial:   491.39, Net: clf.wr_addr\[1\], Pin: _27660_/A0, Layer: met2
Partial/Required:  1.20, Required:    400.0, Partial:    481.0, Net: ext.cnt\[7\]\[4\], Pin: _46199_/A3, Layer: met1
Partial/Required:  1.20, Required:    400.0, Partial:   479.66, Net: clknet_3_6_0_clk, Pin: clkbuf_6_50_0_clk/A, Layer: met3
Partial/Required:  1.20, Required:    400.0, Partial:   478.66, Net: _13371_, Pin: _36918_/C1, Layer: met1
Partial/Required:  1.18, Required:    400.0, Partial:   472.56, Net: _14371_, Pin: _35097_/A0, Layer: met1
Partial/Required:  1.18, Required:    400.0, Partial:   472.22, Net: _20859_, Pin: _45266_/A1, Layer: met1
Partial/Required:  1.17, Required:    400.0, Partial:   469.22, Net: _11794_, Pin: _32616_/A, Layer: met1
Partial/Required:  1.17, Required:    400.0, Partial:   468.33, Net: _20058_, Pin: _41990_/A0, Layer: met1
Partial/Required:  1.17, Required:    400.0, Partial:   466.89, Net: _10592_, Pin: _28075_/A0, Layer: met1
Partial/Required:  1.16, Required:    400.0, Partial:   465.89, Net: _11557_, Pin: _34508_/B, Layer: met2
Partial/Required:  1.16, Required:    400.0, Partial:   464.11, Net: _21429_, Pin: _43900_/A0, Layer: met1
Partial/Required:  1.16, Required:    400.0, Partial:   463.78, Net: _06650_, Pin: _25531_/S, Layer: met1
Partial/Required:  1.16, Required:    400.0, Partial:   463.44, Net: _16161_, Pin: _36939_/A, Layer: met1
Partial/Required:  1.14, Required:    400.0, Partial:   456.11, Net: _14377_, Pin: _35103_/A0, Layer: met1
Partial/Required:  1.14, Required:    400.0, Partial:   454.76, Net: _20937_, Pin: _43196_/A0, Layer: met3
Partial/Required:  1.14, Required:    400.0, Partial:   454.76, Net: _20937_, Pin: _43218_/A0, Layer: met3
Partial/Required:  1.14, Required:    400.0, Partial:   454.76, Net: _20937_, Pin: _43129_/A0, Layer: met3
Partial/Required:  1.14, Required:    400.0, Partial:   454.76, Net: _20937_, Pin: _43102_/A0, Layer: met3
Partial/Required:  1.13, Required:    400.0, Partial:   453.89, Net: _13745_, Pin: _33681_/A1, Layer: met1
Partial/Required:  1.12, Required:    400.0, Partial:   448.44, Net: _12804_, Pin: _31894_/A1, Layer: met1
Partial/Required:  1.12, Required:    400.0, Partial:   447.11, Net: _16162_, Pin: _41415_/A1, Layer: met1
Partial/Required:  1.12, Required:    400.0, Partial:    447.0, Net: _06181_, Pin: _32765_/A, Layer: met1
Partial/Required:  1.12, Required:    400.0, Partial:    447.0, Net: _21903_, Pin: _44859_/B, Layer: met1
Partial/Required:  1.12, Required:    400.0, Partial:   446.58, Net: _06267_, Pin: _24307_/A, Layer: met2
Partial/Required:  1.12, Required:    400.0, Partial:   446.58, Net: _06267_, Pin: _26312_/A, Layer: met2
Partial/Required:  1.11, Required:    400.0, Partial:   445.22, Net: _12122_, Pin: _31156_/A1, Layer: met1
Partial/Required:  1.11, Required:    400.0, Partial:    444.0, Net: _20030_, Pin: _42077_/A1, Layer: met1
Partial/Required:  1.11, Required:    400.0, Partial:   443.67, Net: _09540_, Pin: _27429_/S1, Layer: met1
Partial/Required:  1.11, Required:    400.0, Partial:   443.67, Net: _13429_, Pin: _33162_/A1, Layer: met1
Partial/Required:  1.11, Required:    400.0, Partial:   443.49, Net: _10902_, Pin: _32132_/A, Layer: met2
Partial/Required:  1.11, Required:    400.0, Partial:   443.49, Net: _10902_, Pin: _29884_/A, Layer: met2
Partial/Required:  1.11, Required:    400.0, Partial:   443.49, Net: _10902_, Pin: _29490_/A, Layer: met2
Partial/Required:  1.11, Required:    400.0, Partial:   443.49, Net: _10902_, Pin: _32625_/B, Layer: met2
Partial/Required:  1.11, Required:    400.0, Partial:   442.28, Net: _07627_, Pin: _24745_/A1, Layer: met1
Partial/Required:  1.11, Required:    400.0, Partial:   442.22, Net: _13124_, Pin: _32282_/A1, Layer: met1
Partial/Required:  1.10, Required:    400.0, Partial:   441.33, Net: _21141_, Pin: _44520_/A, Layer: met1
Partial/Required:  1.09, Required:    400.0, Partial:   437.11, Net: _20904_, Pin: _44949_/A1, Layer: met1
Partial/Required:  1.09, Required:    400.0, Partial:   436.33, Net: _13052_, Pin: _32329_/A0, Layer: met1
Partial/Required:  1.09, Required:    400.0, Partial:   435.78, Net: _12802_, Pin: _31753_/A1, Layer: met1
Partial/Required:  1.09, Required:    400.0, Partial:   435.78, Net: _20024_, Pin: _41926_/A1, Layer: met1
Partial/Required:  1.09, Required:    400.0, Partial:    435.0, Net: _09517_, Pin: _26661_/B2, Layer: met1
Partial/Required:  1.08, Required:    400.0, Partial:   431.89, Net: _14164_, Pin: _34615_/A1, Layer: met1
Partial/Required:  1.08, Required:    400.0, Partial:   431.89, Net: _14381_, Pin: _35219_/A0, Layer: met1
Partial/Required:  1.06, Required:    400.0, Partial:   425.27, Net: _10595_, Pin: _27824_/A0, Layer: met3
Partial/Required:  1.06, Required:    400.0, Partial:   425.27, Net: _21109_, Pin: _43851_/B, Layer: met3
Partial/Required:  1.06, Required:    400.0, Partial:   425.27, Net: _21109_, Pin: _44500_/B, Layer: met3
Partial/Required:  1.06, Required:    400.0, Partial:   425.27, Net: _21109_, Pin: _44114_/A, Layer: met3
Partial/Required:  1.06, Required:    400.0, Partial:   422.43, Net: _09405_, Pin: _26778_/A, Layer: met3
Partial/Required:  1.06, Required:    400.0, Partial:   422.43, Net: _09405_, Pin: _26552_/A, Layer: met3
Partial/Required:  1.05, Required:    400.0, Partial:   420.91, Net: _09427_, Pin: _27082_/A1, Layer: met1
Partial/Required:  1.05, Required:    400.0, Partial:   418.11, Net: _10589_, Pin: _27776_/A0, Layer: met1
Partial/Required:  1.04, Required:    400.0, Partial:   417.78, Net: _20958_, Pin: _43143_/A0, Layer: met1
Partial/Required:  1.04, Required:    400.0, Partial:   416.44, Net: _21181_, Pin: _43631_/A1, Layer: met1
Partial/Required:  1.04, Required:    400.0, Partial:   414.54, Net: _06222_, Pin: _23773_/A, Layer: met1
Partial/Required:  1.04, Required:    400.0, Partial:   414.11, Net: _21185_, Pin: _43782_/A1, Layer: met1
Partial/Required:  1.03, Required:    400.0, Partial:   410.44, Net: _22925_, Pin: _46205_/B, Layer: met1
Partial/Required:  1.03, Required:    400.0, Partial:   410.44, Net: ext.LBG.q_b\[4\], Pin: _36778_/A1, Layer: met1
Partial/Required:  1.02, Required:    400.0, Partial:   409.56, Net: _12663_, Pin: _31855_/A0, Layer: met1
Partial/Required:  1.02, Required:    400.0, Partial:   409.44, Net: _22498_, Pin: _45775_/B, Layer: met1
Partial/Required:  1.02, Required:    400.0, Partial:   408.33, Net: _21716_, Pin: _44598_/A0, Layer: met1
Partial/Required:  1.02, Required:    400.0, Partial:   407.89, Net: _12403_, Pin: _31376_/A0, Layer: met1
Partial/Required:  1.02, Required:    400.0, Partial:   407.67, Net: _11791_, Pin: _34167_/A, Layer: met1
Partial/Required:  1.02, Required:    400.0, Partial:    406.2, Net: _06332_, Pin: _24149_/A1, Layer: met1
Partial/Required:  1.01, Required:    400.0, Partial:   405.46, Net: _11200_, Pin: _33020_/B, Layer: met3
Partial/Required:  1.01, Required:    400.0, Partial:   403.67, Net: _12531_, Pin: _31609_/A1, Layer: met1
Partial/Required:  1.01, Required:    400.0, Partial:   403.11, Net: _20896_, Pin: _44945_/A1, Layer: met1
Partial/Required:  1.00, Required:    400.0, Partial:   401.56, Net: _11201_, Pin: _33498_/B, Layer: met1
